Archive member included to satisfy reference by file (symbol)

/home/j/STM32/STM32CubeIDE/IDE/plugins/com.st.stm32cube.ide.mcu.externaltools.gnu-tools-for-stm32.7-2018-q2-update.linux64_1.4.0.202007081208/tools/bin/../lib/gcc/arm-none-eabi/7.3.1/../../../../arm-none-eabi/lib/thumb/v7e-m/fpv4-sp/hard/libstdc++_nano.a(pure.o)
                              Core/Src/mainpp.o (__cxa_pure_virtual)
/home/j/STM32/STM32CubeIDE/IDE/plugins/com.st.stm32cube.ide.mcu.externaltools.gnu-tools-for-stm32.7-2018-q2-update.linux64_1.4.0.202007081208/tools/bin/../lib/gcc/arm-none-eabi/7.3.1/../../../../arm-none-eabi/lib/thumb/v7e-m/fpv4-sp/hard/libstdc++_nano.a(eh_terminate.o)
                              /home/j/STM32/STM32CubeIDE/IDE/plugins/com.st.stm32cube.ide.mcu.externaltools.gnu-tools-for-stm32.7-2018-q2-update.linux64_1.4.0.202007081208/tools/bin/../lib/gcc/arm-none-eabi/7.3.1/../../../../arm-none-eabi/lib/thumb/v7e-m/fpv4-sp/hard/libstdc++_nano.a(pure.o) (std::terminate())
/home/j/STM32/STM32CubeIDE/IDE/plugins/com.st.stm32cube.ide.mcu.externaltools.gnu-tools-for-stm32.7-2018-q2-update.linux64_1.4.0.202007081208/tools/bin/../lib/gcc/arm-none-eabi/7.3.1/../../../../arm-none-eabi/lib/thumb/v7e-m/fpv4-sp/hard/libstdc++_nano.a(eh_unex_handler.o)
                              /home/j/STM32/STM32CubeIDE/IDE/plugins/com.st.stm32cube.ide.mcu.externaltools.gnu-tools-for-stm32.7-2018-q2-update.linux64_1.4.0.202007081208/tools/bin/../lib/gcc/arm-none-eabi/7.3.1/../../../../arm-none-eabi/lib/thumb/v7e-m/fpv4-sp/hard/libstdc++_nano.a(eh_terminate.o) (__cxxabiv1::__unexpected_handler)
/home/j/STM32/STM32CubeIDE/IDE/plugins/com.st.stm32cube.ide.mcu.externaltools.gnu-tools-for-stm32.7-2018-q2-update.linux64_1.4.0.202007081208/tools/bin/../lib/gcc/arm-none-eabi/7.3.1/../../../../arm-none-eabi/lib/thumb/v7e-m/fpv4-sp/hard/libstdc++_nano.a(eh_term_handler.o)
                              /home/j/STM32/STM32CubeIDE/IDE/plugins/com.st.stm32cube.ide.mcu.externaltools.gnu-tools-for-stm32.7-2018-q2-update.linux64_1.4.0.202007081208/tools/bin/../lib/gcc/arm-none-eabi/7.3.1/../../../../arm-none-eabi/lib/thumb/v7e-m/fpv4-sp/hard/libstdc++_nano.a(eh_terminate.o) (__cxxabiv1::__terminate_handler)
/home/j/STM32/STM32CubeIDE/IDE/plugins/com.st.stm32cube.ide.mcu.externaltools.gnu-tools-for-stm32.7-2018-q2-update.linux64_1.4.0.202007081208/tools/bin/../lib/gcc/arm-none-eabi/7.3.1/../../../../arm-none-eabi/lib/thumb/v7e-m/fpv4-sp/hard/libc_nano.a(lib_a-abort.o)
                              /home/j/STM32/STM32CubeIDE/IDE/plugins/com.st.stm32cube.ide.mcu.externaltools.gnu-tools-for-stm32.7-2018-q2-update.linux64_1.4.0.202007081208/tools/bin/../lib/gcc/arm-none-eabi/7.3.1/../../../../arm-none-eabi/lib/thumb/v7e-m/fpv4-sp/hard/libstdc++_nano.a(eh_terminate.o) (abort)
/home/j/STM32/STM32CubeIDE/IDE/plugins/com.st.stm32cube.ide.mcu.externaltools.gnu-tools-for-stm32.7-2018-q2-update.linux64_1.4.0.202007081208/tools/bin/../lib/gcc/arm-none-eabi/7.3.1/../../../../arm-none-eabi/lib/thumb/v7e-m/fpv4-sp/hard/libc_nano.a(lib_a-errno.o)
                              Core/Src/syscalls.o (__errno)
/home/j/STM32/STM32CubeIDE/IDE/plugins/com.st.stm32cube.ide.mcu.externaltools.gnu-tools-for-stm32.7-2018-q2-update.linux64_1.4.0.202007081208/tools/bin/../lib/gcc/arm-none-eabi/7.3.1/../../../../arm-none-eabi/lib/thumb/v7e-m/fpv4-sp/hard/libc_nano.a(lib_a-exit.o)
                              /home/j/STM32/STM32CubeIDE/IDE/plugins/com.st.stm32cube.ide.mcu.externaltools.gnu-tools-for-stm32.7-2018-q2-update.linux64_1.4.0.202007081208/tools/bin/../lib/gcc/arm-none-eabi/7.3.1/../../../../arm-none-eabi/lib/thumb/v7e-m/fpv4-sp/hard/crt0.o (exit)
/home/j/STM32/STM32CubeIDE/IDE/plugins/com.st.stm32cube.ide.mcu.externaltools.gnu-tools-for-stm32.7-2018-q2-update.linux64_1.4.0.202007081208/tools/bin/../lib/gcc/arm-none-eabi/7.3.1/../../../../arm-none-eabi/lib/thumb/v7e-m/fpv4-sp/hard/libc_nano.a(lib_a-impure.o)
                              /home/j/STM32/STM32CubeIDE/IDE/plugins/com.st.stm32cube.ide.mcu.externaltools.gnu-tools-for-stm32.7-2018-q2-update.linux64_1.4.0.202007081208/tools/bin/../lib/gcc/arm-none-eabi/7.3.1/../../../../arm-none-eabi/lib/thumb/v7e-m/fpv4-sp/hard/libc_nano.a(lib_a-exit.o) (_global_impure_ptr)
/home/j/STM32/STM32CubeIDE/IDE/plugins/com.st.stm32cube.ide.mcu.externaltools.gnu-tools-for-stm32.7-2018-q2-update.linux64_1.4.0.202007081208/tools/bin/../lib/gcc/arm-none-eabi/7.3.1/../../../../arm-none-eabi/lib/thumb/v7e-m/fpv4-sp/hard/libc_nano.a(lib_a-init.o)
                              /home/j/STM32/STM32CubeIDE/IDE/plugins/com.st.stm32cube.ide.mcu.externaltools.gnu-tools-for-stm32.7-2018-q2-update.linux64_1.4.0.202007081208/tools/bin/../lib/gcc/arm-none-eabi/7.3.1/../../../../arm-none-eabi/lib/thumb/v7e-m/fpv4-sp/hard/crt0.o (__libc_init_array)
[...]
Memory Configuration

Name             Origin             Length             Attributes
RAM              0x0000000020000000 0x0000000000008000 xrw
FLASH            0x0000000008000000 0x0000000000020000 xr
*default*        0x0000000000000000 0xffffffffffffffff

Linker script and memory map

LOAD /home/j/STM32/STM32CubeIDE/IDE/plugins/com.st.stm32cube.ide.mcu.externaltools.gnu-tools-for-stm32.7-2018-q2-update.linux64_1.4.0.202007081208/tools/bin/../lib/gcc/arm-none-eabi/7.3.1/thumb/v7e-m/fpv4-sp/hard/crti.o
LOAD /home/j/STM32/STM32CubeIDE/IDE/plugins/com.st.stm32cube.ide.mcu.externaltools.gnu-tools-for-stm32.7-2018-q2-update.linux64_1.4.0.202007081208/tools/bin/../lib/gcc/arm-none-eabi/7.3.1/thumb/v7e-m/fpv4-sp/hard/crtbegin.o
LOAD /home/j/STM32/STM32CubeIDE/IDE/plugins/com.st.stm32cube.ide.mcu.externaltools.gnu-tools-for-stm32.7-2018-q2-update.linux64_1.4.0.202007081208/tools/bin/../lib/gcc/arm-none-eabi/7.3.1/../../../../arm-none-eabi/lib/thumb/v7e-m/fpv4-sp/hard/crt0.o
LOAD Core/Src/Control_Panel.o
LOAD Core/Src/LowPassFilter.o
LOAD Core/Src/PID_float.o
LOAD Core/Src/adc.o
LOAD Core/Src/duration.o
LOAD Core/Src/main.o
LOAD Core/Src/mainpp.o
LOAD Core/Src/stm32g4xx_hal_msp.o
LOAD Core/Src/stm32g4xx_it.o
LOAD Core/Src/syscalls.o
LOAD Core/Src/sysmem.o
LOAD Core/Src/system_stm32g4xx.o
LOAD Core/Src/time.o
LOAD Core/Startup/startup_stm32g431rbtx.o
LOAD Drivers/STM32G4xx_HAL_Driver/Src/stm32g4xx_hal.o
LOAD Drivers/STM32G4xx_HAL_Driver/Src/stm32g4xx_hal_adc.o
LOAD Drivers/STM32G4xx_HAL_Driver/Src/stm32g4xx_hal_adc_ex.o
LOAD Drivers/STM32G4xx_HAL_Driver/Src/stm32g4xx_hal_cortex.o
LOAD Drivers/STM32G4xx_HAL_Driver/Src/stm32g4xx_hal_dac.o
LOAD Drivers/STM32G4xx_HAL_Driver/Src/stm32g4xx_hal_dac_ex.o
LOAD Drivers/STM32G4xx_HAL_Driver/Src/stm32g4xx_hal_dma.o
LOAD Drivers/STM32G4xx_HAL_Driver/Src/stm32g4xx_hal_dma_ex.o
LOAD Drivers/STM32G4xx_HAL_Driver/Src/stm32g4xx_hal_exti.o
LOAD Drivers/STM32G4xx_HAL_Driver/Src/stm32g4xx_hal_flash.o
LOAD Drivers/STM32G4xx_HAL_Driver/Src/stm32g4xx_hal_flash_ex.o
LOAD Drivers/STM32G4xx_HAL_Driver/Src/stm32g4xx_hal_flash_ramfunc.o
LOAD Drivers/STM32G4xx_HAL_Driver/Src/stm32g4xx_hal_gpio.o
LOAD Drivers/STM32G4xx_HAL_Driver/Src/stm32g4xx_hal_pwr.o
LOAD Drivers/STM32G4xx_HAL_Driver/Src/stm32g4xx_hal_pwr_ex.o
LOAD Drivers/STM32G4xx_HAL_Driver/Src/stm32g4xx_hal_rcc.o
LOAD Drivers/STM32G4xx_HAL_Driver/Src/stm32g4xx_hal_rcc_ex.o
LOAD Drivers/STM32G4xx_HAL_Driver/Src/stm32g4xx_hal_tim.o
LOAD Drivers/STM32G4xx_HAL_Driver/Src/stm32g4xx_hal_tim_ex.o
LOAD Drivers/STM32G4xx_HAL_Driver/Src/stm32g4xx_hal_uart.o
LOAD Drivers/STM32G4xx_HAL_Driver/Src/stm32g4xx_hal_uart_ex.o
LOAD Drivers/STM32G4xx_HAL_Driver/Src/stm32g4xx_ll_adc.o
START GROUP
LOAD /home/j/STM32/STM32CubeIDE/IDE/plugins/com.st.stm32cube.ide.mcu.externaltools.gnu-tools-for-stm32.7-2018-q2-update.linux64_1.4.0.202007081208/tools/bin/../lib/gcc/arm-none-eabi/7.3.1/../../../../arm-none-eabi/lib/thumb/v7e-m/fpv4-sp/hard/libstdc++_nano.a
LOAD /home/j/STM32/STM32CubeIDE/IDE/plugins/com.st.stm32cube.ide.mcu.externaltools.gnu-tools-for-stm32.7-2018-q2-update.linux64_1.4.0.202007081208/tools/bin/../lib/gcc/arm-none-eabi/7.3.1/../../../../arm-none-eabi/lib/thumb/v7e-m/fpv4-sp/hard/libsupc++_nano.a
END GROUP
LOAD /home/j/STM32/STM32CubeIDE/IDE/plugins/com.st.stm32cube.ide.mcu.externaltools.gnu-tools-for-stm32.7-2018-q2-update.linux64_1.4.0.202007081208/tools/bin/../lib/gcc/arm-none-eabi/7.3.1/../../../../arm-none-eabi/lib/thumb/v7e-m/fpv4-sp/hard/libstdc++_nano.a
LOAD /home/j/STM32/STM32CubeIDE/IDE/plugins/com.st.stm32cube.ide.mcu.externaltools.gnu-tools-for-stm32.7-2018-q2-update.linux64_1.4.0.202007081208/tools/bin/../lib/gcc/arm-none-eabi/7.3.1/../../../../arm-none-eabi/lib/thumb/v7e-m/fpv4-sp/hard/libm.a
LOAD /home/j/STM32/STM32CubeIDE/IDE/plugins/com.st.stm32cube.ide.mcu.externaltools.gnu-tools-for-stm32.7-2018-q2-update.linux64_1.4.0.202007081208/tools/bin/../lib/gcc/arm-none-eabi/7.3.1/../../../../arm-none-eabi/lib/thumb/v7e-m/fpv4-sp/hard/libc_nano.a
START GROUP
LOAD /home/j/STM32/STM32CubeIDE/IDE/plugins/com.st.stm32cube.ide.mcu.externaltools.gnu-tools-for-stm32.7-2018-q2-update.linux64_1.4.0.202007081208/tools/bin/../lib/gcc/arm-none-eabi/7.3.1/thumb/v7e-m/fpv4-sp/hard/libgcc.a
LOAD /home/j/STM32/STM32CubeIDE/IDE/plugins/com.st.stm32cube.ide.mcu.externaltools.gnu-tools-for-stm32.7-2018-q2-update.linux64_1.4.0.202007081208/tools/bin/../lib/gcc/arm-none-eabi/7.3.1/../../../../arm-none-eabi/lib/thumb/v7e-m/fpv4-sp/hard/libc_nano.a
END GROUP
START GROUP
LOAD /home/j/STM32/STM32CubeIDE/IDE/plugins/com.st.stm32cube.ide.mcu.externaltools.gnu-tools-for-stm32.7-2018-q2-update.linux64_1.4.0.202007081208/tools/bin/../lib/gcc/arm-none-eabi/7.3.1/thumb/v7e-m/fpv4-sp/hard/libgcc.a
LOAD /home/j/STM32/STM32CubeIDE/IDE/plugins/com.st.stm32cube.ide.mcu.externaltools.gnu-tools-for-stm32.7-2018-q2-update.linux64_1.4.0.202007081208/tools/bin/../lib/gcc/arm-none-eabi/7.3.1/../../../../arm-none-eabi/lib/thumb/v7e-m/fpv4-sp/hard/libc_nano.a
END GROUP
LOAD /home/j/STM32/STM32CubeIDE/IDE/plugins/com.st.stm32cube.ide.mcu.externaltools.gnu-tools-for-stm32.7-2018-q2-update.linux64_1.4.0.202007081208/tools/bin/../lib/gcc/arm-none-eabi/7.3.1/thumb/v7e-m/fpv4-sp/hard/crtend.o
LOAD /home/j/STM32/STM32CubeIDE/IDE/plugins/com.st.stm32cube.ide.mcu.externaltools.gnu-tools-for-stm32.7-2018-q2-update.linux64_1.4.0.202007081208/tools/bin/../lib/gcc/arm-none-eabi/7.3.1/thumb/v7e-m/fpv4-sp/hard/crtn.o
                0x0000000020008000                _estack = (ORIGIN (RAM) + LENGTH (RAM))
                0x0000000000000200                _Min_Heap_Size = 0x200
                0x0000000000000400                _Min_Stack_Size = 0x400

.isr_vector     0x0000000008000000      0x1d8
                0x0000000008000000                . = ALIGN (0x4)
 *(.isr_vector)
 .isr_vector    0x0000000008000000      0x1d8 Core/Startup/startup_stm32g431rbtx.o
                0x0000000008000000                g_pfnVectors
                0x00000000080001d8                . = ALIGN (0x4)

.text           0x00000000080001d8     0xa690
                0x00000000080001d8                . = ALIGN (0x4)
 *(.text)
 .text          0x00000000080001d8       0x40 /home/j/STM32/STM32CubeIDE/IDE/plugins/com.st.stm32cube.ide.mcu.externaltools.gnu-tools-for-stm32.7-2018-q2-update.linux64_1.4.0.202007081208/tools/bin/../lib/gcc/arm-none-eabi/7.3.1/thumb/v7e-m/fpv4-sp/hard/crtbegin.o
 .text          0x0000000008000218       0x10 /home/j/STM32/STM32CubeIDE/IDE/plugins/com.st.stm32cube.ide.mcu.externaltools.gnu-tools-for-stm32.7-2018-q2-update.linux64_1.4.0.202007081208/tools/bin/../lib/gcc/arm-none-eabi/7.3.1/../../../../arm-none-eabi/lib/thumb/v7e-m/fpv4-sp/hard/libc_nano.a(lib_a-strlen.o)
                0x0000000008000218                strlen
 .text          0x0000000008000228      0x378 /home/j/STM32/STM32CubeIDE/IDE/plugins/com.st.stm32cube.ide.mcu.externaltools.gnu-tools-for-stm32.7-2018-q2-update.linux64_1.4.0.202007081208/tools/bin/../lib/gcc/arm-none-eabi/7.3.1/thumb/v7e-m/fpv4-sp/hard/libgcc.a(_arm_addsubdf3.o)
                0x0000000008000228                __aeabi_drsub
                0x0000000008000230                __aeabi_dsub
                0x0000000008000230                __subdf3
                0x0000000008000234                __adddf3
                0x0000000008000234                __aeabi_dadd
                0x00000000080004ac                __aeabi_ui2d
                0x00000000080004ac                __floatunsidf
                0x00000000080004cc                __floatsidf
                0x00000000080004cc                __aeabi_i2d
                0x00000000080004f0                __extendsfdf2
                0x00000000080004f0                __aeabi_f2d
                0x0000000008000534                __aeabi_ul2d
                0x0000000008000534                __floatundidf
                0x0000000008000544                __floatdidf
                0x0000000008000544                __aeabi_l2d
 .text          0x00000000080005a0      0x424 /home/j/STM32/STM32CubeIDE/IDE/plugins/com.st.stm32cube.ide.mcu.externaltools.gnu-tools-for-stm32.7-2018-q2-update.linux64_1.4.0.202007081208/tools/bin/../lib/gcc/arm-none-eabi/7.3.1/thumb/v7e-m/fpv4-sp/hard/libgcc.a(_arm_muldivdf3.o)
                0x00000000080005a0                __aeabi_dmul
                0x00000000080005a0                __muldf3
                0x00000000080007f4                __aeabi_ddiv
                0x00000000080007f4                __divdf3
 .text          0x00000000080009c4       0xa0 /home/j/STM32/STM32CubeIDE/IDE/plugins/com.st.stm32cube.ide.mcu.externaltools.gnu-tools-for-stm32.7-2018-q2-update.linux64_1.4.0.202007081208/tools/bin/../lib/gcc/arm-none-eabi/7.3.1/thumb/v7e-m/fpv4-sp/hard/libgcc.a(_arm_truncdfsf2.o)
                0x00000000080009c4                __aeabi_d2f
                0x00000000080009c4                __truncdfsf2
 .text          0x0000000008000a64       0x30 /home/j/STM32/STM32CubeIDE/IDE/plugins/com.st.stm32cube.ide.mcu.externaltools.gnu-tools-for-stm32.7-2018-q2-update.linux64_1.4.0.202007081208/tools/bin/../lib/gcc/arm-none-eabi/7.3.1/thumb/v7e-m/fpv4-sp/hard/libgcc.a(_aeabi_uldivmod.o)
                0x0000000008000a64                __aeabi_uldivmod
 .text          0x0000000008000a94      0x2cc /home/j/STM32/STM32CubeIDE/IDE/plugins/com.st.stm32cube.ide.mcu.externaltools.gnu-tools-for-stm32.7-2018-q2-update.linux64_1.4.0.202007081208/tools/bin/../lib/gcc/arm-none-eabi/7.3.1/thumb/v7e-m/fpv4-sp/hard/libgcc.a(_udivmoddi4.o)
                0x0000000008000a94                __udivmoddi4
 .text          0x0000000008000d60        0x4 /home/j/STM32/STM32CubeIDE/IDE/plugins/com.st.stm32cube.ide.mcu.externaltools.gnu-tools-for-stm32.7-2018-q2-update.linux64_1.4.0.202007081208/tools/bin/../lib/gcc/arm-none-eabi/7.3.1/thumb/v7e-m/fpv4-sp/hard/libgcc.a(_dvmd_tls.o)
                0x0000000008000d60                __aeabi_ldiv0
                0x0000000008000d60                __aeabi_idiv0
 *(.text*)
 .text.Control_Panel
                0x0000000008000d64      0x2d4 Core/Src/Control_Panel.o
                0x0000000008000d64                Control_Panel
 .text.Control_Panel_Struct_init
                0x0000000008001038       0x5c Core/Src/Control_Panel.o
                0x0000000008001038                Control_Panel_Struct_init
 .text.Current_Ramp
                0x0000000008001094       0x70 Core/Src/Control_Panel.o
                0x0000000008001094                Current_Ramp
 *fill*         0x0000000008001104        0x4 
 .text.init_filter
                0x0000000008001108      0x188 Core/Src/LowPassFilter.o
                0x0000000008001108                init_filter
 .text.filter_run
                0x0000000008001290       0x76 Core/Src/LowPassFilter.o
                0x0000000008001290                filter_run
 .text.PIDfloat
                0x0000000008001306       0xec Core/Src/PID_float.o
                0x0000000008001306                PIDfloat
 .text.InitPI_BC
                0x00000000080013f2       0x54 Core/Src/PID_float.o
                0x00000000080013f2                InitPI_BC
 *fill*         0x0000000008001446        0x2 
 .text.read_ADC
                0x0000000008001448      0x160 Core/Src/adc.o
                0x0000000008001448                read_ADC
 .text.AdcStruct_init
                0x00000000080015a8       0x24 Core/Src/adc.o
                0x00000000080015a8                AdcStruct_init
 .text.main     0x00000000080015cc       0x9c Core/Src/main.o
                0x00000000080015cc                main
 .text.SystemClock_Config
                0x0000000008001668       0xd4 Core/Src/main.o
                0x0000000008001668                SystemClock_Config
 .text.MX_ADC1_Init
                0x000000000800173c       0xf8 Core/Src/main.o
 .text.MX_ADC2_Init
                0x0000000008001834       0xc0 Core/Src/main.o
 .text.MX_DAC1_Init
                0x00000000080018f4       0x8c Core/Src/main.o
 .text.MX_TIM1_Init
                0x0000000008001980      0x128 Core/Src/main.o
 .text.MX_TIM2_Init
                0x0000000008001aa8       0xd0 Core/Src/main.o
 .text.MX_USART2_UART_Init
                0x0000000008001b78       0x98 Core/Src/main.o
 .text.MX_DMA_Init
                0x0000000008001c10       0x64 Core/Src/main.o
 .text.MX_GPIO_Init
                0x0000000008001c74       0xb8 Core/Src/main.o
 .text.HAL_GPIO_EXTI_Callback
                0x0000000008001d2c       0x24 Core/Src/main.o
                0x0000000008001d2c                HAL_GPIO_EXTI_Callback
 .text.Error_Handler
                0x0000000008001d50        0xe Core/Src/main.o
                0x0000000008001d50                Error_Handler
 .text._ZN3ros4TimeC2Ev
                0x0000000008001d5e       0x22 Core/Src/mainpp.o
                0x0000000008001d5e                ros::Time::Time()
                0x0000000008001d5e                ros::Time::Time()
 .text._ZN3ros3MsgC2Ev
                0x0000000008001d80       0x20 Core/Src/mainpp.o
                0x0000000008001d80                ros::Msg::Msg()
                0x0000000008001d80                ros::Msg::Msg()
 .text._ZN8std_msgs4TimeC2Ev
                0x0000000008001da0       0x30 Core/Src/mainpp.o
                0x0000000008001da0                std_msgs::Time::Time()
                0x0000000008001da0                std_msgs::Time::Time()
 .text._ZNK8std_msgs4Time9serializeEPh
                0x0000000008001dd0       0xb0 Core/Src/mainpp.o
                0x0000000008001dd0                std_msgs::Time::serialize(unsigned char*) const
 .text._ZN8std_msgs4Time11deserializeEPh
                0x0000000008001e80       0xc8 Core/Src/mainpp.o
                0x0000000008001e80                std_msgs::Time::deserialize(unsigned char*)
 .text._ZN8std_msgs4Time7getTypeEv
                0x0000000008001f48       0x1c Core/Src/mainpp.o
                0x0000000008001f48                std_msgs::Time::getType()
 .text._ZN8std_msgs4Time6getMD5Ev
                0x0000000008001f64       0x1c Core/Src/mainpp.o
                0x0000000008001f64                std_msgs::Time::getMD5()
 .text._ZN14rosserial_msgs9TopicInfoC2Ev
                0x0000000008001f80       0x48 Core/Src/mainpp.o
                0x0000000008001f80                rosserial_msgs::TopicInfo::TopicInfo()
                0x0000000008001f80                rosserial_msgs::TopicInfo::TopicInfo()
 .text._ZNK14rosserial_msgs9TopicInfo9serializeEPh
                0x0000000008001fc8      0x136 Core/Src/mainpp.o
                0x0000000008001fc8                rosserial_msgs::TopicInfo::serialize(unsigned char*) const
 .text._ZN14rosserial_msgs9TopicInfo11deserializeEPh
                0x00000000080020fe      0x1d0 Core/Src/mainpp.o
                0x00000000080020fe                rosserial_msgs::TopicInfo::deserialize(unsigned char*)
 *fill*         0x00000000080022ce        0x2 
 .text._ZN14rosserial_msgs9TopicInfo7getTypeEv
                0x00000000080022d0       0x1c Core/Src/mainpp.o
                0x00000000080022d0                rosserial_msgs::TopicInfo::getType()
 .text._ZN14rosserial_msgs9TopicInfo6getMD5Ev
                0x00000000080022ec       0x1c Core/Src/mainpp.o
                0x00000000080022ec                rosserial_msgs::TopicInfo::getMD5()
 .text._ZN14rosserial_msgs3LogC2Ev
                0x0000000008002308       0x34 Core/Src/mainpp.o
                0x0000000008002308                rosserial_msgs::Log::Log()
                0x0000000008002308                rosserial_msgs::Log::Log()
 .text._ZNK14rosserial_msgs3Log9serializeEPh
                0x000000000800233c       0x64 Core/Src/mainpp.o
                0x000000000800233c                rosserial_msgs::Log::serialize(unsigned char*) const
 .text._ZN14rosserial_msgs3Log11deserializeEPh
                0x00000000080023a0       0x90 Core/Src/mainpp.o
                0x00000000080023a0                rosserial_msgs::Log::deserialize(unsigned char*)
 .text._ZN14rosserial_msgs3Log7getTypeEv
                0x0000000008002430       0x1c Core/Src/mainpp.o
                0x0000000008002430                rosserial_msgs::Log::getType()
 .text._ZN14rosserial_msgs3Log6getMD5Ev
                0x000000000800244c       0x1c Core/Src/mainpp.o
                0x000000000800244c                rosserial_msgs::Log::getMD5()
 .text._ZN14rosserial_msgs20RequestParamResponseC2Ev
                0x0000000008002468       0x48 Core/Src/mainpp.o
                0x0000000008002468                rosserial_msgs::RequestParamResponse::RequestParamResponse()
                0x0000000008002468                rosserial_msgs::RequestParamResponse::RequestParamResponse()
 .text._ZNK14rosserial_msgs20RequestParamResponse9serializeEPh
                0x00000000080024b0      0x222 Core/Src/mainpp.o
                0x00000000080024b0                rosserial_msgs::RequestParamResponse::serialize(unsigned char*) const
 .text._ZN14rosserial_msgs20RequestParamResponse11deserializeEPh
                0x00000000080026d2      0x2e2 Core/Src/mainpp.o
                0x00000000080026d2                rosserial_msgs::RequestParamResponse::deserialize(unsigned char*)
 .text._ZN14rosserial_msgs20RequestParamResponse7getTypeEv
                0x00000000080029b4       0x1c Core/Src/mainpp.o
                0x00000000080029b4                rosserial_msgs::RequestParamResponse::getType()
 .text._ZN14rosserial_msgs20RequestParamResponse6getMD5Ev
                0x00000000080029d0       0x1c Core/Src/mainpp.o
                0x00000000080029d0                rosserial_msgs::RequestParamResponse::getMD5()
 .text._ZN3ros9PublisherC2EPKcPNS_3MsgEi
                0x00000000080029ec       0x2e Core/Src/mainpp.o
                0x00000000080029ec                ros::Publisher::Publisher(char const*, ros::Msg*, int)
                0x00000000080029ec                ros::Publisher::Publisher(char const*, ros::Msg*, int)
 .text._ZN3ros9Publisher7publishEPKNS_3MsgE
                0x0000000008002a1a       0x28 Core/Src/mainpp.o
                0x0000000008002a1a                ros::Publisher::publish(ros::Msg const*)
 .text._ZN3ros9Publisher15getEndpointTypeEv
                0x0000000008002a42       0x18 Core/Src/mainpp.o
                0x0000000008002a42                ros::Publisher::getEndpointType()
 .text._ZN13STM32Hardware10getRdmaIndEv
                0x0000000008002a5a       0x24 Core/Src/mainpp.o
                0x0000000008002a5a                STM32Hardware::getRdmaInd()
 *fill*         0x0000000008002a7e        0x2 
 .text._ZN13STM32HardwareC2Ev
                0x0000000008002a80       0x38 Core/Src/mainpp.o
                0x0000000008002a80                STM32Hardware::STM32Hardware()
                0x0000000008002a80                STM32Hardware::STM32Hardware()
 .text._ZN13STM32Hardware4initEv
                0x0000000008002ab8       0x16 Core/Src/mainpp.o
                0x0000000008002ab8                STM32Hardware::init()
 .text._ZN13STM32Hardware10reset_rbufEv
                0x0000000008002ace       0x22 Core/Src/mainpp.o
                0x0000000008002ace                STM32Hardware::reset_rbuf()
 .text._ZN13STM32Hardware4readEv
                0x0000000008002af0       0x5a Core/Src/mainpp.o
                0x0000000008002af0                STM32Hardware::read()
 *fill*         0x0000000008002b4a        0x2 
 .text._ZN13STM32Hardware5flushEv
                0x0000000008002b4c       0xb8 Core/Src/mainpp.o
                0x0000000008002b4c                STM32Hardware::flush()
 .text._ZN13STM32Hardware5writeEPhi
                0x0000000008002c04       0x8c Core/Src/mainpp.o
                0x0000000008002c04                STM32Hardware::write(unsigned char*, int)
 .text._ZN13STM32Hardware4timeEv
                0x0000000008002c90       0x16 Core/Src/mainpp.o
                0x0000000008002c90                STM32Hardware::time()
 *fill*         0x0000000008002ca6        0x2 
 .text._ZN8std_msgs5Int16C2Ev
                0x0000000008002ca8       0x2c Core/Src/mainpp.o
                0x0000000008002ca8                std_msgs::Int16::Int16()
                0x0000000008002ca8                std_msgs::Int16::Int16()
 .text._ZNK8std_msgs5Int169serializeEPh
                0x0000000008002cd4       0x48 Core/Src/mainpp.o
                0x0000000008002cd4                std_msgs::Int16::serialize(unsigned char*) const
 .text._ZN8std_msgs5Int1611deserializeEPh
                0x0000000008002d1c       0x5a Core/Src/mainpp.o
                0x0000000008002d1c                std_msgs::Int16::deserialize(unsigned char*)
 *fill*         0x0000000008002d76        0x2 
 .text._ZN8std_msgs5Int167getTypeEv
                0x0000000008002d78       0x1c Core/Src/mainpp.o
                0x0000000008002d78                std_msgs::Int16::getType()
 .text._ZN8std_msgs5Int166getMD5Ev
                0x0000000008002d94       0x1c Core/Src/mainpp.o
                0x0000000008002d94                std_msgs::Int16::getMD5()
 .text._ZN11coorsa_rfsm14SetpointUpdateC2Ev
                0x0000000008002db0       0x34 Core/Src/mainpp.o
                0x0000000008002db0                coorsa_rfsm::SetpointUpdate::SetpointUpdate()
                0x0000000008002db0                coorsa_rfsm::SetpointUpdate::SetpointUpdate()
 .text._ZNK11coorsa_rfsm14SetpointUpdate9serializeEPh
                0x0000000008002de4       0x7c Core/Src/mainpp.o
                0x0000000008002de4                coorsa_rfsm::SetpointUpdate::serialize(unsigned char*) const
 .text._ZN11coorsa_rfsm14SetpointUpdate11deserializeEPh
                0x0000000008002e60       0x92 Core/Src/mainpp.o
                0x0000000008002e60                coorsa_rfsm::SetpointUpdate::deserialize(unsigned char*)
 *fill*         0x0000000008002ef2        0x2 
 .text._ZN11coorsa_rfsm14SetpointUpdate7getTypeEv
                0x0000000008002ef4       0x1c Core/Src/mainpp.o
                0x0000000008002ef4                coorsa_rfsm::SetpointUpdate::getType()
 .text._ZN11coorsa_rfsm14SetpointUpdate6getMD5Ev
                0x0000000008002f10       0x1c Core/Src/mainpp.o
                0x0000000008002f10                coorsa_rfsm::SetpointUpdate::getMD5()
 .text.loop     0x0000000008002f2c       0x14 Core/Src/mainpp.o
                0x0000000008002f2c                loop
 .text.setup    0x0000000008002f40       0x4c Core/Src/mainpp.o
                0x0000000008002f40                setup
 .text.sendMess
                0x0000000008002f8c       0x34 Core/Src/mainpp.o
                0x0000000008002f8c                sendMess
 .text._Z21SetpointUpdateHandlerRKN11coorsa_rfsm14SetpointUpdateE
                0x0000000008002fc0       0x7c Core/Src/mainpp.o
                0x0000000008002fc0                SetpointUpdateHandler(coorsa_rfsm::SetpointUpdate const&)
 .text._Z11cmdCallbackRKN8std_msgs5Int16E
                0x000000000800303c       0x30 Core/Src/mainpp.o
                0x000000000800303c                cmdCallback(std_msgs::Int16 const&)
 .text._ZN3ros3Msg8varToArrIPhmEEvT_T0_
                0x000000000800306c       0x3c Core/Src/mainpp.o
                0x000000000800306c                void ros::Msg::varToArr<unsigned char*, unsigned long>(unsigned char*, unsigned long)
 .text._ZN3ros3Msg8arrToVarImPhEEvRT_T0_
                0x00000000080030a8       0x4a Core/Src/mainpp.o
                0x00000000080030a8                void ros::Msg::arrToVar<unsigned long, unsigned char*>(unsigned long&, unsigned char*)
 *fill*         0x00000000080030f2        0x2 
 .text._ZN3ros15NodeHandleBase_C2Ev
                0x00000000080030f4       0x20 Core/Src/mainpp.o
                0x00000000080030f4                ros::NodeHandleBase_::NodeHandleBase_()
                0x00000000080030f4                ros::NodeHandleBase_::NodeHandleBase_()
 .text._ZN3ros11NodeHandle_I13STM32HardwareLi25ELi25ELi512ELi512EEC2Ev
                0x0000000008003114      0x100 Core/Src/mainpp.o
                0x0000000008003114                ros::NodeHandle_<STM32Hardware, 25, 25, 512, 512>::NodeHandle_()
                0x0000000008003114                ros::NodeHandle_<STM32Hardware, 25, 25, 512, 512>::NodeHandle_()
 .text._ZN3ros11Subscriber_C2Ev
                0x0000000008003214       0x20 Core/Src/mainpp.o
                0x0000000008003214                ros::Subscriber_::Subscriber_()
                0x0000000008003214                ros::Subscriber_::Subscriber_()
 .text._ZN3ros10SubscriberIN8std_msgs5Int16EvEC2EPKcPFvRKS2_Ei
                0x0000000008003234       0x48 Core/Src/mainpp.o
                0x0000000008003234                ros::Subscriber<std_msgs::Int16, void>::Subscriber(char const*, void (*)(std_msgs::Int16 const&), int)
                0x0000000008003234                ros::Subscriber<std_msgs::Int16, void>::Subscriber(char const*, void (*)(std_msgs::Int16 const&), int)
 .text._ZN3ros10SubscriberIN11coorsa_rfsm14SetpointUpdateEvEC2EPKcPFvRKS2_Ei
                0x000000000800327c       0x48 Core/Src/mainpp.o
                0x000000000800327c                ros::Subscriber<coorsa_rfsm::SetpointUpdate, void>::Subscriber(char const*, void (*)(coorsa_rfsm::SetpointUpdate const&), int)
                0x000000000800327c                ros::Subscriber<coorsa_rfsm::SetpointUpdate, void>::Subscriber(char const*, void (*)(coorsa_rfsm::SetpointUpdate const&), int)
 .text._ZN3ros11NodeHandle_I13STM32HardwareLi25ELi25ELi512ELi512EE8spinOnceEv
                0x00000000080032c4      0x3b8 Core/Src/mainpp.o
                0x00000000080032c4                ros::NodeHandle_<STM32Hardware, 25, 25, 512, 512>::spinOnce()
 .text._ZN3ros11NodeHandle_I13STM32HardwareLi25ELi25ELi512ELi512EE8initNodeEv
                0x000000000800367c       0x3a Core/Src/mainpp.o
                0x000000000800367c                ros::NodeHandle_<STM32Hardware, 25, 25, 512, 512>::initNode()
 .text._ZN3ros11NodeHandle_I13STM32HardwareLi25ELi25ELi512ELi512EE9advertiseERNS_9PublisherE
                0x00000000080036b6       0x60 Core/Src/mainpp.o
                0x00000000080036b6                ros::NodeHandle_<STM32Hardware, 25, 25, 512, 512>::advertise(ros::Publisher&)
 .text._ZN3ros11NodeHandle_I13STM32HardwareLi25ELi25ELi512ELi512EE9subscribeINS_10SubscriberIN8std_msgs5Int16EvEEEEbRT_
                0x0000000008003716       0x56 Core/Src/mainpp.o
                0x0000000008003716                bool ros::NodeHandle_<STM32Hardware, 25, 25, 512, 512>::subscribe<ros::Subscriber<std_msgs::Int16, void> >(ros::Subscriber<std_msgs::Int16, void>&)
 .text._ZN3ros11NodeHandle_I13STM32HardwareLi25ELi25ELi512ELi512EE9subscribeINS_10SubscriberIN11coorsa_rfsm14SetpointUpdateEvEEEEbRT_
                0x000000000800376c       0x56 Core/Src/mainpp.o
                0x000000000800376c                bool ros::NodeHandle_<STM32Hardware, 25, 25, 512, 512>::subscribe<ros::Subscriber<coorsa_rfsm::SetpointUpdate, void> >(ros::Subscriber<coorsa_rfsm::SetpointUpdate, void>&)
 .text._ZN3ros11NodeHandle_I13STM32HardwareLi25ELi25ELi512ELi512EE15requestSyncTimeEv
                0x00000000080037c2       0x3c Core/Src/mainpp.o
                0x00000000080037c2                ros::NodeHandle_<STM32Hardware, 25, 25, 512, 512>::requestSyncTime()
 .text._ZN3ros11NodeHandle_I13STM32HardwareLi25ELi25ELi512ELi512EE15negotiateTopicsEv
                0x00000000080037fe      0x1be Core/Src/mainpp.o
                0x00000000080037fe                ros::NodeHandle_<STM32Hardware, 25, 25, 512, 512>::negotiateTopics()
 .text._ZN3ros11NodeHandle_I13STM32HardwareLi25ELi25ELi512ELi512EE8syncTimeEPh
                0x00000000080039bc       0x98 Core/Src/mainpp.o
                0x00000000080039bc                ros::NodeHandle_<STM32Hardware, 25, 25, 512, 512>::syncTime(unsigned char*)
 .text._ZN3ros11NodeHandle_I13STM32HardwareLi25ELi25ELi512ELi512EE7publishEiPKNS_3MsgE
                0x0000000008003a54      0x124 Core/Src/mainpp.o
                0x0000000008003a54                ros::NodeHandle_<STM32Hardware, 25, 25, 512, 512>::publish(int, ros::Msg const*)
 .text._ZN3ros11NodeHandle_I13STM32HardwareLi25ELi25ELi512ELi512EE6setNowERNS_4TimeE
                0x0000000008003b78       0x80 Core/Src/mainpp.o
                0x0000000008003b78                ros::NodeHandle_<STM32Hardware, 25, 25, 512, 512>::setNow(ros::Time&)
 .text._ZN3ros11NodeHandle_I13STM32HardwareLi25ELi25ELi512ELi512EE8logerrorEPKc
                0x0000000008003bf8       0x1c Core/Src/mainpp.o
                0x0000000008003bf8                ros::NodeHandle_<STM32Hardware, 25, 25, 512, 512>::logerror(char const*)
 .text._ZN3ros11NodeHandle_I13STM32HardwareLi25ELi25ELi512ELi512EE3logEcPKc
                0x0000000008003c14       0x38 Core/Src/mainpp.o
                0x0000000008003c14                ros::NodeHandle_<STM32Hardware, 25, 25, 512, 512>::log(char, char const*)
 .text._Z41__static_initialization_and_destruction_0ii
                0x0000000008003c4c       0x84 Core/Src/mainpp.o
 .text._ZN3ros10SubscriberIN11coorsa_rfsm14SetpointUpdateEvE8callbackEPh
                0x0000000008003cd0       0x2a Core/Src/mainpp.o
                0x0000000008003cd0                ros::Subscriber<coorsa_rfsm::SetpointUpdate, void>::callback(unsigned char*)
 .text._ZN3ros10SubscriberIN11coorsa_rfsm14SetpointUpdateEvE15getEndpointTypeEv
                0x0000000008003cfa       0x18 Core/Src/mainpp.o
                0x0000000008003cfa                ros::Subscriber<coorsa_rfsm::SetpointUpdate, void>::getEndpointType()
 .text._ZN3ros10SubscriberIN11coorsa_rfsm14SetpointUpdateEvE10getMsgTypeEv
                0x0000000008003d12       0x1c Core/Src/mainpp.o
                0x0000000008003d12                ros::Subscriber<coorsa_rfsm::SetpointUpdate, void>::getMsgType()
 .text._ZN3ros10SubscriberIN11coorsa_rfsm14SetpointUpdateEvE9getMsgMD5Ev
                0x0000000008003d2e       0x1c Core/Src/mainpp.o
                0x0000000008003d2e                ros::Subscriber<coorsa_rfsm::SetpointUpdate, void>::getMsgMD5()
 .text._ZN3ros10SubscriberIN8std_msgs5Int16EvE8callbackEPh
                0x0000000008003d4a       0x2a Core/Src/mainpp.o
                0x0000000008003d4a                ros::Subscriber<std_msgs::Int16, void>::callback(unsigned char*)
 .text._ZN3ros10SubscriberIN8std_msgs5Int16EvE15getEndpointTypeEv
                0x0000000008003d74       0x18 Core/Src/mainpp.o
                0x0000000008003d74                ros::Subscriber<std_msgs::Int16, void>::getEndpointType()
 .text._ZN3ros10SubscriberIN8std_msgs5Int16EvE10getMsgTypeEv
                0x0000000008003d8c       0x1c Core/Src/mainpp.o
                0x0000000008003d8c                ros::Subscriber<std_msgs::Int16, void>::getMsgType()
 .text._ZN3ros10SubscriberIN8std_msgs5Int16EvE9getMsgMD5Ev
                0x0000000008003da8       0x1c Core/Src/mainpp.o
                0x0000000008003da8                ros::Subscriber<std_msgs::Int16, void>::getMsgMD5()
 .text._ZN3ros11NodeHandle_I13STM32HardwareLi25ELi25ELi512ELi512EE9connectedEv
                0x0000000008003dc4       0x1a Core/Src/mainpp.o
                0x0000000008003dc4                ros::NodeHandle_<STM32Hardware, 25, 25, 512, 512>::connected()
 .text._GLOBAL__sub_I_Mess
                0x0000000008003dde       0x10 Core/Src/mainpp.o
 *fill*         0x0000000008003dee        0x2 
 .text.HAL_MspInit
                0x0000000008003df0       0x48 Core/Src/stm32g4xx_hal_msp.o
                0x0000000008003df0                HAL_MspInit
 .text.HAL_ADC_MspInit
                0x0000000008003e38       0xfc Core/Src/stm32g4xx_hal_msp.o
                0x0000000008003e38                HAL_ADC_MspInit
 .text.HAL_DAC_MspInit
                0x0000000008003f34       0x7c Core/Src/stm32g4xx_hal_msp.o
                0x0000000008003f34                HAL_DAC_MspInit
 .text.HAL_TIM_PWM_MspInit
                0x0000000008003fb0       0x70 Core/Src/stm32g4xx_hal_msp.o
                0x0000000008003fb0                HAL_TIM_PWM_MspInit
 .text.HAL_TIM_MspPostInit
                0x0000000008004020       0xf4 Core/Src/stm32g4xx_hal_msp.o
                0x0000000008004020                HAL_TIM_MspPostInit
 .text.HAL_UART_MspInit
                0x0000000008004114      0x150 Core/Src/stm32g4xx_hal_msp.o
                0x0000000008004114                HAL_UART_MspInit
 .text.NMI_Handler
                0x0000000008004264        0xe Core/Src/stm32g4xx_it.o
                0x0000000008004264                NMI_Handler
 .text.HardFault_Handler
                0x0000000008004272        0x6 Core/Src/stm32g4xx_it.o
                0x0000000008004272                HardFault_Handler
 .text.MemManage_Handler
                0x0000000008004278        0x6 Core/Src/stm32g4xx_it.o
                0x0000000008004278                MemManage_Handler
 .text.BusFault_Handler
                0x000000000800427e        0x6 Core/Src/stm32g4xx_it.o
                0x000000000800427e                BusFault_Handler
 .text.UsageFault_Handler
                0x0000000008004284        0x6 Core/Src/stm32g4xx_it.o
                0x0000000008004284                UsageFault_Handler
 .text.SVC_Handler
                0x000000000800428a        0xe Core/Src/stm32g4xx_it.o
                0x000000000800428a                SVC_Handler
 .text.DebugMon_Handler
                0x0000000008004298        0xe Core/Src/stm32g4xx_it.o
                0x0000000008004298                DebugMon_Handler
 .text.PendSV_Handler
                0x00000000080042a6        0xe Core/Src/stm32g4xx_it.o
                0x00000000080042a6                PendSV_Handler
 .text.SysTick_Handler
                0x00000000080042b4        0xc Core/Src/stm32g4xx_it.o
                0x00000000080042b4                SysTick_Handler
 .text.DMA1_Channel1_IRQHandler
                0x00000000080042c0       0x14 Core/Src/stm32g4xx_it.o
                0x00000000080042c0                DMA1_Channel1_IRQHandler
 .text.DMA1_Channel2_IRQHandler
                0x00000000080042d4       0x14 Core/Src/stm32g4xx_it.o
                0x00000000080042d4                DMA1_Channel2_IRQHandler
 .text.TIM1_UP_TIM16_IRQHandler
                0x00000000080042e8      0x3e4 Core/Src/stm32g4xx_it.o
                0x00000000080042e8                TIM1_UP_TIM16_IRQHandler
 .text.USART2_IRQHandler
                0x00000000080046cc       0x14 Core/Src/stm32g4xx_it.o
                0x00000000080046cc                USART2_IRQHandler
 .text.EXTI15_10_IRQHandler
                0x00000000080046e0       0x10 Core/Src/stm32g4xx_it.o
                0x00000000080046e0                EXTI15_10_IRQHandler
 .text.InitSystem
                0x00000000080046f0      0x140 Core/Src/stm32g4xx_it.o
                0x00000000080046f0                InitSystem
 .text._getpid  0x0000000008004830       0x10 Core/Src/syscalls.o
                0x0000000008004830                _getpid
 .text._kill    0x0000000008004840       0x20 Core/Src/syscalls.o
                0x0000000008004840                _kill
 .text._exit    0x0000000008004860       0x14 Core/Src/syscalls.o
                0x0000000008004860                _exit
 .text._sbrk    0x0000000008004874       0x6c Core/Src/sysmem.o
                0x0000000008004874                _sbrk
 .text.SystemInit
                0x00000000080048e0       0x2c Core/Src/system_stm32g4xx.o
                0x00000000080048e0                SystemInit
 .text._ZN3ros16normalizeSecNSecERmS0_
                0x000000000800490c       0x58 Core/Src/time.o
                0x000000000800490c                ros::normalizeSecNSec(unsigned long&, unsigned long&)
 .text.Reset_Handler
                0x0000000008004964       0x50 Core/Startup/startup_stm32g431rbtx.o
                0x0000000008004964                Reset_Handler
 .text.Default_Handler
                0x00000000080049b4        0x2 Core/Startup/startup_stm32g431rbtx.o
                0x00000000080049b4                RTC_Alarm_IRQHandler
                0x00000000080049b4                EXTI2_IRQHandler
                0x00000000080049b4                TIM8_TRG_COM_IRQHandler
                0x00000000080049b4                TIM8_CC_IRQHandler
                0x00000000080049b4                TIM1_CC_IRQHandler
                0x00000000080049b4                USB_HP_IRQHandler
                0x00000000080049b4                CORDIC_IRQHandler
                0x00000000080049b4                EXTI3_IRQHandler
                0x00000000080049b4                I2C3_ER_IRQHandler
                0x00000000080049b4                EXTI0_IRQHandler
                0x00000000080049b4                I2C2_EV_IRQHandler
                0x00000000080049b4                FPU_IRQHandler
                0x00000000080049b4                FDCAN1_IT1_IRQHandler
                0x00000000080049b4                ADC1_2_IRQHandler
                0x00000000080049b4                SPI1_IRQHandler
                0x00000000080049b4                TIM6_DAC_IRQHandler
                0x00000000080049b4                TIM8_UP_IRQHandler
                0x00000000080049b4                DMA2_Channel2_IRQHandler
                0x00000000080049b4                DMA1_Channel4_IRQHandler
                0x00000000080049b4                USART3_IRQHandler
                0x00000000080049b4                TIM4_IRQHandler
                0x00000000080049b4                DMA2_Channel1_IRQHandler
                0x00000000080049b4                I2C1_EV_IRQHandler
                0x00000000080049b4                DMA1_Channel6_IRQHandler
                0x00000000080049b4                UART4_IRQHandler
                0x00000000080049b4                DMA2_Channel4_IRQHandler
                0x00000000080049b4                TIM3_IRQHandler
                0x00000000080049b4                RCC_IRQHandler
                0x00000000080049b4                Default_Handler
                0x00000000080049b4                RTC_TAMP_LSECSS_IRQHandler
                0x00000000080049b4                FMAC_IRQHandler
                0x00000000080049b4                TIM7_IRQHandler
                0x00000000080049b4                UCPD1_IRQHandler
                0x00000000080049b4                I2C3_EV_IRQHandler
                0x00000000080049b4                EXTI9_5_IRQHandler
                0x00000000080049b4                RTC_WKUP_IRQHandler
                0x00000000080049b4                PVD_PVM_IRQHandler
                0x00000000080049b4                SPI2_IRQHandler
                0x00000000080049b4                DMA2_Channel5_IRQHandler
                0x00000000080049b4                CRS_IRQHandler
                0x00000000080049b4                DMA1_Channel5_IRQHandler
                0x00000000080049b4                USB_LP_IRQHandler
                0x00000000080049b4                EXTI4_IRQHandler
                0x00000000080049b4                RNG_IRQHandler
                0x00000000080049b4                TIM1_TRG_COM_TIM17_IRQHandler
                0x00000000080049b4                DMA1_Channel3_IRQHandler
                0x00000000080049b4                WWDG_IRQHandler
                0x00000000080049b4                LPUART1_IRQHandler
                0x00000000080049b4                DMA2_Channel6_IRQHandler
                0x00000000080049b4                FDCAN1_IT0_IRQHandler
                0x00000000080049b4                TIM2_IRQHandler
                0x00000000080049b4                COMP1_2_3_IRQHandler
                0x00000000080049b4                EXTI1_IRQHandler
                0x00000000080049b4                I2C2_ER_IRQHandler
                0x00000000080049b4                TIM8_BRK_IRQHandler
                0x00000000080049b4                FLASH_IRQHandler
                0x00000000080049b4                USART1_IRQHandler
                0x00000000080049b4                SPI3_IRQHandler
                0x00000000080049b4                I2C1_ER_IRQHandler
                0x00000000080049b4                LPTIM1_IRQHandler
                0x00000000080049b4                DMAMUX_OVR_IRQHandler
                0x00000000080049b4                USBWakeUp_IRQHandler
                0x00000000080049b4                SAI1_IRQHandler
                0x00000000080049b4                DMA2_Channel3_IRQHandler
                0x00000000080049b4                COMP4_IRQHandler
                0x00000000080049b4                TIM1_BRK_TIM15_IRQHandler
 .text.HAL_Init
                0x00000000080049b6       0x30 Drivers/STM32G4xx_HAL_Driver/Src/stm32g4xx_hal.o
                0x00000000080049b6                HAL_Init
 *fill*         0x00000000080049e6        0x2 
 .text.HAL_InitTick
                0x00000000080049e8       0x74 Drivers/STM32G4xx_HAL_Driver/Src/stm32g4xx_hal.o
                0x00000000080049e8                HAL_InitTick
 .text.HAL_IncTick
                0x0000000008004a5c       0x24 Drivers/STM32G4xx_HAL_Driver/Src/stm32g4xx_hal.o
                0x0000000008004a5c                HAL_IncTick
 .text.HAL_GetTick
                0x0000000008004a80       0x18 Drivers/STM32G4xx_HAL_Driver/Src/stm32g4xx_hal.o
                0x0000000008004a80                HAL_GetTick
 .text.HAL_Delay
                0x0000000008004a98       0x44 Drivers/STM32G4xx_HAL_Driver/Src/stm32g4xx_hal.o
                0x0000000008004a98                HAL_Delay
 .text.LL_ADC_SetCommonClock
                0x0000000008004adc       0x26 Drivers/STM32G4xx_HAL_Driver/Src/stm32g4xx_hal_adc.o
 .text.LL_ADC_SetCommonPathInternalCh
                0x0000000008004b02       0x26 Drivers/STM32G4xx_HAL_Driver/Src/stm32g4xx_hal_adc.o
 .text.LL_ADC_GetCommonPathInternalCh
                0x0000000008004b28       0x1c Drivers/STM32G4xx_HAL_Driver/Src/stm32g4xx_hal_adc.o
 .text.LL_ADC_SetOffset
                0x0000000008004b44       0x48 Drivers/STM32G4xx_HAL_Driver/Src/stm32g4xx_hal_adc.o
 .text.LL_ADC_GetOffsetChannel
                0x0000000008004b8c       0x2c Drivers/STM32G4xx_HAL_Driver/Src/stm32g4xx_hal_adc.o
 .text.LL_ADC_SetOffsetState
                0x0000000008004bb8       0x36 Drivers/STM32G4xx_HAL_Driver/Src/stm32g4xx_hal_adc.o
 .text.LL_ADC_SetOffsetSign
                0x0000000008004bee       0x36 Drivers/STM32G4xx_HAL_Driver/Src/stm32g4xx_hal_adc.o
 .text.LL_ADC_SetOffsetSaturation
                0x0000000008004c24       0x36 Drivers/STM32G4xx_HAL_Driver/Src/stm32g4xx_hal_adc.o
 .text.LL_ADC_SetSamplingTimeCommonConfig
                0x0000000008004c5a       0x26 Drivers/STM32G4xx_HAL_Driver/Src/stm32g4xx_hal_adc.o
 .text.LL_ADC_REG_SetSequencerRanks
                0x0000000008004c80       0x58 Drivers/STM32G4xx_HAL_Driver/Src/stm32g4xx_hal_adc.o
 .text.LL_ADC_SetChannelSamplingTime
                0x0000000008004cd8       0x56 Drivers/STM32G4xx_HAL_Driver/Src/stm32g4xx_hal_adc.o
 *fill*         0x0000000008004d2e        0x2 
 .text.LL_ADC_SetChannelSingleDiff
                0x0000000008004d30       0x48 Drivers/STM32G4xx_HAL_Driver/Src/stm32g4xx_hal_adc.o
 .text.LL_ADC_GetMultimode
                0x0000000008004d78       0x1c Drivers/STM32G4xx_HAL_Driver/Src/stm32g4xx_hal_adc.o
 .text.LL_ADC_DisableDeepPowerDown
                0x0000000008004d94       0x24 Drivers/STM32G4xx_HAL_Driver/Src/stm32g4xx_hal_adc.o
 .text.LL_ADC_IsDeepPowerDownEnabled
                0x0000000008004db8       0x28 Drivers/STM32G4xx_HAL_Driver/Src/stm32g4xx_hal_adc.o
 .text.LL_ADC_EnableInternalRegulator
                0x0000000008004de0       0x28 Drivers/STM32G4xx_HAL_Driver/Src/stm32g4xx_hal_adc.o
 .text.LL_ADC_IsInternalRegulatorEnabled
                0x0000000008004e08       0x28 Drivers/STM32G4xx_HAL_Driver/Src/stm32g4xx_hal_adc.o
 .text.LL_ADC_Enable
                0x0000000008004e30       0x28 Drivers/STM32G4xx_HAL_Driver/Src/stm32g4xx_hal_adc.o
 .text.LL_ADC_IsEnabled
                0x0000000008004e58       0x26 Drivers/STM32G4xx_HAL_Driver/Src/stm32g4xx_hal_adc.o
 .text.LL_ADC_REG_StartConversion
                0x0000000008004e7e       0x28 Drivers/STM32G4xx_HAL_Driver/Src/stm32g4xx_hal_adc.o
 .text.LL_ADC_REG_IsConversionOngoing
                0x0000000008004ea6       0x26 Drivers/STM32G4xx_HAL_Driver/Src/stm32g4xx_hal_adc.o
 .text.LL_ADC_INJ_IsConversionOngoing
                0x0000000008004ecc       0x26 Drivers/STM32G4xx_HAL_Driver/Src/stm32g4xx_hal_adc.o
 *fill*         0x0000000008004ef2        0x2 
 .text.HAL_ADC_Init
                0x0000000008004ef4      0x310 Drivers/STM32G4xx_HAL_Driver/Src/stm32g4xx_hal_adc.o
                0x0000000008004ef4                HAL_ADC_Init
 .text.HAL_ADC_Start
                0x0000000008005204      0x178 Drivers/STM32G4xx_HAL_Driver/Src/stm32g4xx_hal_adc.o
                0x0000000008005204                HAL_ADC_Start
 .text.HAL_ADC_ConfigChannel
                0x000000000800537c      0x7e0 Drivers/STM32G4xx_HAL_Driver/Src/stm32g4xx_hal_adc.o
                0x000000000800537c                HAL_ADC_ConfigChannel
 .text.ADC_Enable
                0x0000000008005b5c       0xb4 Drivers/STM32G4xx_HAL_Driver/Src/stm32g4xx_hal_adc.o
                0x0000000008005b5c                ADC_Enable
 .text.LL_ADC_IsEnabled
                0x0000000008005c10       0x26 Drivers/STM32G4xx_HAL_Driver/Src/stm32g4xx_hal_adc_ex.o
 .text.LL_ADC_REG_IsConversionOngoing
                0x0000000008005c36       0x26 Drivers/STM32G4xx_HAL_Driver/Src/stm32g4xx_hal_adc_ex.o
 .text.HAL_ADCEx_MultiModeConfigChannel
                0x0000000008005c5c      0x140 Drivers/STM32G4xx_HAL_Driver/Src/stm32g4xx_hal_adc_ex.o
                0x0000000008005c5c                HAL_ADCEx_MultiModeConfigChannel
 .text.__NVIC_SetPriorityGrouping
                0x0000000008005d9c       0x48 Drivers/STM32G4xx_HAL_Driver/Src/stm32g4xx_hal_cortex.o
 .text.__NVIC_GetPriorityGrouping
                0x0000000008005de4       0x1c Drivers/STM32G4xx_HAL_Driver/Src/stm32g4xx_hal_cortex.o
 .text.__NVIC_EnableIRQ
                0x0000000008005e00       0x3c Drivers/STM32G4xx_HAL_Driver/Src/stm32g4xx_hal_cortex.o
 .text.__NVIC_SetPriority
                0x0000000008005e3c       0x54 Drivers/STM32G4xx_HAL_Driver/Src/stm32g4xx_hal_cortex.o
 .text.NVIC_EncodePriority
                0x0000000008005e90       0x66 Drivers/STM32G4xx_HAL_Driver/Src/stm32g4xx_hal_cortex.o
 *fill*         0x0000000008005ef6        0x2 
 .text.SysTick_Config
                0x0000000008005ef8       0x44 Drivers/STM32G4xx_HAL_Driver/Src/stm32g4xx_hal_cortex.o
 .text.HAL_NVIC_SetPriorityGrouping
                0x0000000008005f3c       0x16 Drivers/STM32G4xx_HAL_Driver/Src/stm32g4xx_hal_cortex.o
                0x0000000008005f3c                HAL_NVIC_SetPriorityGrouping
 .text.HAL_NVIC_SetPriority
                0x0000000008005f52       0x34 Drivers/STM32G4xx_HAL_Driver/Src/stm32g4xx_hal_cortex.o
                0x0000000008005f52                HAL_NVIC_SetPriority
 .text.HAL_NVIC_EnableIRQ
                0x0000000008005f86       0x1c Drivers/STM32G4xx_HAL_Driver/Src/stm32g4xx_hal_cortex.o
                0x0000000008005f86                HAL_NVIC_EnableIRQ
 .text.HAL_SYSTICK_Config
                0x0000000008005fa2       0x18 Drivers/STM32G4xx_HAL_Driver/Src/stm32g4xx_hal_cortex.o
                0x0000000008005fa2                HAL_SYSTICK_Config
 .text.HAL_DAC_Init
                0x0000000008005fba       0x44 Drivers/STM32G4xx_HAL_Driver/Src/stm32g4xx_hal_dac.o
                0x0000000008005fba                HAL_DAC_Init
 .text.HAL_DAC_Start
                0x0000000008005ffe       0xa6 Drivers/STM32G4xx_HAL_Driver/Src/stm32g4xx_hal_dac.o
                0x0000000008005ffe                HAL_DAC_Start
 .text.HAL_DAC_SetValue
                0x00000000080060a4       0x50 Drivers/STM32G4xx_HAL_Driver/Src/stm32g4xx_hal_dac.o
                0x00000000080060a4                HAL_DAC_SetValue
 .text.HAL_DAC_ConfigChannel
                0x00000000080060f4      0x358 Drivers/STM32G4xx_HAL_Driver/Src/stm32g4xx_hal_dac.o
                0x00000000080060f4                HAL_DAC_ConfigChannel
 .text.HAL_DMA_Init
                0x000000000800644c      0x150 Drivers/STM32G4xx_HAL_Driver/Src/stm32g4xx_hal_dma.o
                0x000000000800644c                HAL_DMA_Init
 .text.HAL_DMA_Start_IT
                0x000000000800659c       0xf6 Drivers/STM32G4xx_HAL_Driver/Src/stm32g4xx_hal_dma.o
                0x000000000800659c                HAL_DMA_Start_IT
 .text.HAL_DMA_Abort_IT
                0x0000000008006692       0xce Drivers/STM32G4xx_HAL_Driver/Src/stm32g4xx_hal_dma.o
                0x0000000008006692                HAL_DMA_Abort_IT
 .text.HAL_DMA_IRQHandler
                0x0000000008006760      0x15e Drivers/STM32G4xx_HAL_Driver/Src/stm32g4xx_hal_dma.o
                0x0000000008006760                HAL_DMA_IRQHandler
 .text.DMA_SetConfig
                0x00000000080068be       0x7c Drivers/STM32G4xx_HAL_Driver/Src/stm32g4xx_hal_dma.o
 *fill*         0x000000000800693a        0x2 
 .text.DMA_CalcDMAMUXChannelBaseAndMask
                0x000000000800693c       0x7c Drivers/STM32G4xx_HAL_Driver/Src/stm32g4xx_hal_dma.o
 .text.DMA_CalcDMAMUXRequestGenBaseAndMask
                0x00000000080069b8       0x48 Drivers/STM32G4xx_HAL_Driver/Src/stm32g4xx_hal_dma.o
 .text.HAL_GPIO_Init
                0x0000000008006a00      0x304 Drivers/STM32G4xx_HAL_Driver/Src/stm32g4xx_hal_gpio.o
                0x0000000008006a00                HAL_GPIO_Init
 .text.HAL_GPIO_WritePin
                0x0000000008006d04       0x30 Drivers/STM32G4xx_HAL_Driver/Src/stm32g4xx_hal_gpio.o
                0x0000000008006d04                HAL_GPIO_WritePin
 .text.HAL_GPIO_TogglePin
                0x0000000008006d34       0x34 Drivers/STM32G4xx_HAL_Driver/Src/stm32g4xx_hal_gpio.o
                0x0000000008006d34                HAL_GPIO_TogglePin
 .text.HAL_GPIO_EXTI_IRQHandler
                0x0000000008006d68       0x30 Drivers/STM32G4xx_HAL_Driver/Src/stm32g4xx_hal_gpio.o
                0x0000000008006d68                HAL_GPIO_EXTI_IRQHandler
 .text.HAL_PWREx_ControlVoltageScaling
                0x0000000008006d98      0x148 Drivers/STM32G4xx_HAL_Driver/Src/stm32g4xx_hal_pwr_ex.o
                0x0000000008006d98                HAL_PWREx_ControlVoltageScaling
 .text.HAL_PWREx_DisableUCPDDeadBattery
                0x0000000008006ee0       0x20 Drivers/STM32G4xx_HAL_Driver/Src/stm32g4xx_hal_pwr_ex.o
                0x0000000008006ee0                HAL_PWREx_DisableUCPDDeadBattery
 .text.HAL_RCC_OscConfig
                0x0000000008006f00      0x630 Drivers/STM32G4xx_HAL_Driver/Src/stm32g4xx_hal_rcc.o
                0x0000000008006f00                HAL_RCC_OscConfig
 .text.HAL_RCC_ClockConfig
                0x0000000008007530      0x278 Drivers/STM32G4xx_HAL_Driver/Src/stm32g4xx_hal_rcc.o
                0x0000000008007530                HAL_RCC_ClockConfig
 .text.HAL_RCC_GetSysClockFreq
                0x00000000080077a8       0xc4 Drivers/STM32G4xx_HAL_Driver/Src/stm32g4xx_hal_rcc.o
                0x00000000080077a8                HAL_RCC_GetSysClockFreq
 .text.HAL_RCC_GetHCLKFreq
                0x000000000800786c       0x18 Drivers/STM32G4xx_HAL_Driver/Src/stm32g4xx_hal_rcc.o
                0x000000000800786c                HAL_RCC_GetHCLKFreq
 .text.HAL_RCC_GetPCLK1Freq
                0x0000000008007884       0x2c Drivers/STM32G4xx_HAL_Driver/Src/stm32g4xx_hal_rcc.o
                0x0000000008007884                HAL_RCC_GetPCLK1Freq
 .text.HAL_RCC_GetPCLK2Freq
                0x00000000080078b0       0x2c Drivers/STM32G4xx_HAL_Driver/Src/stm32g4xx_hal_rcc.o
                0x00000000080078b0                HAL_RCC_GetPCLK2Freq
 .text.RCC_GetSysClockFreqFromPLLSource
                0x00000000080078dc       0x8c Drivers/STM32G4xx_HAL_Driver/Src/stm32g4xx_hal_rcc.o
 .text.HAL_RCCEx_PeriphCLKConfig
                0x0000000008007968      0x3e0 Drivers/STM32G4xx_HAL_Driver/Src/stm32g4xx_hal_rcc_ex.o
                0x0000000008007968                HAL_RCCEx_PeriphCLKConfig
 .text.HAL_TIM_Base_Start_IT
                0x0000000008007d48       0xd4 Drivers/STM32G4xx_HAL_Driver/Src/stm32g4xx_hal_tim.o
                0x0000000008007d48                HAL_TIM_Base_Start_IT
 .text.HAL_TIM_PWM_Init
                0x0000000008007e1c       0xae Drivers/STM32G4xx_HAL_Driver/Src/stm32g4xx_hal_tim.o
                0x0000000008007e1c                HAL_TIM_PWM_Init
 *fill*         0x0000000008007eca        0x2 
 .text.HAL_TIM_PWM_Start
                0x0000000008007ecc      0x200 Drivers/STM32G4xx_HAL_Driver/Src/stm32g4xx_hal_tim.o
                0x0000000008007ecc                HAL_TIM_PWM_Start
 .text.HAL_TIM_IRQHandler
                0x00000000080080cc      0x2fe Drivers/STM32G4xx_HAL_Driver/Src/stm32g4xx_hal_tim.o
                0x00000000080080cc                HAL_TIM_IRQHandler
 *fill*         0x00000000080083ca        0x2 
 .text.HAL_TIM_PWM_ConfigChannel
                0x00000000080083cc      0x220 Drivers/STM32G4xx_HAL_Driver/Src/stm32g4xx_hal_tim.o
                0x00000000080083cc                HAL_TIM_PWM_ConfigChannel
 .text.HAL_TIM_PeriodElapsedCallback
                0x00000000080085ec       0x14 Drivers/STM32G4xx_HAL_Driver/Src/stm32g4xx_hal_tim.o
                0x00000000080085ec                HAL_TIM_PeriodElapsedCallback
 .text.HAL_TIM_OC_DelayElapsedCallback
                0x0000000008008600       0x14 Drivers/STM32G4xx_HAL_Driver/Src/stm32g4xx_hal_tim.o
                0x0000000008008600                HAL_TIM_OC_DelayElapsedCallback
 .text.HAL_TIM_IC_CaptureCallback
                0x0000000008008614       0x14 Drivers/STM32G4xx_HAL_Driver/Src/stm32g4xx_hal_tim.o
                0x0000000008008614                HAL_TIM_IC_CaptureCallback
 .text.HAL_TIM_PWM_PulseFinishedCallback
                0x0000000008008628       0x14 Drivers/STM32G4xx_HAL_Driver/Src/stm32g4xx_hal_tim.o
                0x0000000008008628                HAL_TIM_PWM_PulseFinishedCallback
 .text.HAL_TIM_TriggerCallback
                0x000000000800863c       0x14 Drivers/STM32G4xx_HAL_Driver/Src/stm32g4xx_hal_tim.o
                0x000000000800863c                HAL_TIM_TriggerCallback
 .text.TIM_Base_SetConfig
                0x0000000008008650      0x120 Drivers/STM32G4xx_HAL_Driver/Src/stm32g4xx_hal_tim.o
                0x0000000008008650                TIM_Base_SetConfig
 .text.TIM_OC1_SetConfig
                0x0000000008008770      0x120 Drivers/STM32G4xx_HAL_Driver/Src/stm32g4xx_hal_tim.o
 .text.TIM_OC2_SetConfig
                0x0000000008008890      0x114 Drivers/STM32G4xx_HAL_Driver/Src/stm32g4xx_hal_tim.o
                0x0000000008008890                TIM_OC2_SetConfig
 .text.TIM_OC3_SetConfig
                0x00000000080089a4      0x110 Drivers/STM32G4xx_HAL_Driver/Src/stm32g4xx_hal_tim.o
 .text.TIM_OC4_SetConfig
                0x0000000008008ab4      0x114 Drivers/STM32G4xx_HAL_Driver/Src/stm32g4xx_hal_tim.o
 .text.TIM_OC5_SetConfig
                0x0000000008008bc8       0xc8 Drivers/STM32G4xx_HAL_Driver/Src/stm32g4xx_hal_tim.o
 .text.TIM_OC6_SetConfig
                0x0000000008008c90       0xcc Drivers/STM32G4xx_HAL_Driver/Src/stm32g4xx_hal_tim.o
 .text.TIM_CCxChannelCmd
                0x0000000008008d5c       0x4a Drivers/STM32G4xx_HAL_Driver/Src/stm32g4xx_hal_tim.o
                0x0000000008008d5c                TIM_CCxChannelCmd
 *fill*         0x0000000008008da6        0x2 
 .text.HAL_TIMEx_PWMN_Start
                0x0000000008008da8      0x168 Drivers/STM32G4xx_HAL_Driver/Src/stm32g4xx_hal_tim_ex.o
                0x0000000008008da8                HAL_TIMEx_PWMN_Start
 .text.HAL_TIMEx_MasterConfigSynchronization
                0x0000000008008f10      0x104 Drivers/STM32G4xx_HAL_Driver/Src/stm32g4xx_hal_tim_ex.o
                0x0000000008008f10                HAL_TIMEx_MasterConfigSynchronization
 .text.HAL_TIMEx_ConfigBreakDeadTime
                0x0000000008009014      0x140 Drivers/STM32G4xx_HAL_Driver/Src/stm32g4xx_hal_tim_ex.o
                0x0000000008009014                HAL_TIMEx_ConfigBreakDeadTime
 .text.HAL_TIMEx_CommutCallback
                0x0000000008009154       0x14 Drivers/STM32G4xx_HAL_Driver/Src/stm32g4xx_hal_tim_ex.o
                0x0000000008009154                HAL_TIMEx_CommutCallback
 .text.HAL_TIMEx_BreakCallback
                0x0000000008009168       0x14 Drivers/STM32G4xx_HAL_Driver/Src/stm32g4xx_hal_tim_ex.o
                0x0000000008009168                HAL_TIMEx_BreakCallback
 .text.HAL_TIMEx_Break2Callback
                0x000000000800917c       0x14 Drivers/STM32G4xx_HAL_Driver/Src/stm32g4xx_hal_tim_ex.o
                0x000000000800917c                HAL_TIMEx_Break2Callback
 .text.HAL_TIMEx_EncoderIndexCallback
                0x0000000008009190       0x14 Drivers/STM32G4xx_HAL_Driver/Src/stm32g4xx_hal_tim_ex.o
                0x0000000008009190                HAL_TIMEx_EncoderIndexCallback
 .text.HAL_TIMEx_DirectionChangeCallback
                0x00000000080091a4       0x14 Drivers/STM32G4xx_HAL_Driver/Src/stm32g4xx_hal_tim_ex.o
                0x00000000080091a4                HAL_TIMEx_DirectionChangeCallback
 .text.HAL_TIMEx_IndexErrorCallback
                0x00000000080091b8       0x14 Drivers/STM32G4xx_HAL_Driver/Src/stm32g4xx_hal_tim_ex.o
                0x00000000080091b8                HAL_TIMEx_IndexErrorCallback
 .text.HAL_TIMEx_TransitionErrorCallback
                0x00000000080091cc       0x14 Drivers/STM32G4xx_HAL_Driver/Src/stm32g4xx_hal_tim_ex.o
                0x00000000080091cc                HAL_TIMEx_TransitionErrorCallback
 .text.TIM_CCxNChannelCmd
                0x00000000080091e0       0x4a Drivers/STM32G4xx_HAL_Driver/Src/stm32g4xx_hal_tim_ex.o
 .text.HAL_UART_Init
                0x000000000800922a       0xa0 Drivers/STM32G4xx_HAL_Driver/Src/stm32g4xx_hal_uart.o
                0x000000000800922a                HAL_UART_Init
 *fill*         0x00000000080092ca        0x2 
 .text.HAL_UART_Transmit_DMA
                0x00000000080092cc      0x100 Drivers/STM32G4xx_HAL_Driver/Src/stm32g4xx_hal_uart.o
                0x00000000080092cc                HAL_UART_Transmit_DMA
 .text.HAL_UART_Receive_DMA
                0x00000000080093cc      0x110 Drivers/STM32G4xx_HAL_Driver/Src/stm32g4xx_hal_uart.o
                0x00000000080093cc                HAL_UART_Receive_DMA
 .text.HAL_UART_IRQHandler
                0x00000000080094dc      0x300 Drivers/STM32G4xx_HAL_Driver/Src/stm32g4xx_hal_uart.o
                0x00000000080094dc                HAL_UART_IRQHandler
 .text.HAL_UART_TxCpltCallback
                0x00000000080097dc       0x14 Drivers/STM32G4xx_HAL_Driver/Src/stm32g4xx_hal_uart.o
                0x00000000080097dc                HAL_UART_TxCpltCallback
 .text.HAL_UART_TxHalfCpltCallback
                0x00000000080097f0       0x14 Drivers/STM32G4xx_HAL_Driver/Src/stm32g4xx_hal_uart.o
                0x00000000080097f0                HAL_UART_TxHalfCpltCallback
 .text.HAL_UART_RxCpltCallback
                0x0000000008009804       0x14 Drivers/STM32G4xx_HAL_Driver/Src/stm32g4xx_hal_uart.o
                0x0000000008009804                HAL_UART_RxCpltCallback
 .text.HAL_UART_RxHalfCpltCallback
                0x0000000008009818       0x14 Drivers/STM32G4xx_HAL_Driver/Src/stm32g4xx_hal_uart.o
                0x0000000008009818                HAL_UART_RxHalfCpltCallback
 .text.HAL_UART_ErrorCallback
                0x000000000800982c       0x14 Drivers/STM32G4xx_HAL_Driver/Src/stm32g4xx_hal_uart.o
                0x000000000800982c                HAL_UART_ErrorCallback
 .text.UART_SetConfig
                0x0000000008009840      0x550 Drivers/STM32G4xx_HAL_Driver/Src/stm32g4xx_hal_uart.o
                0x0000000008009840                UART_SetConfig
 .text.UART_AdvFeatureConfig
                0x0000000008009d90      0x144 Drivers/STM32G4xx_HAL_Driver/Src/stm32g4xx_hal_uart.o
                0x0000000008009d90                UART_AdvFeatureConfig
 .text.UART_CheckIdleState
                0x0000000008009ed4       0x90 Drivers/STM32G4xx_HAL_Driver/Src/stm32g4xx_hal_uart.o
                0x0000000008009ed4                UART_CheckIdleState
 .text.UART_WaitOnFlagUntilTimeout
                0x0000000008009f64      0x100 Drivers/STM32G4xx_HAL_Driver/Src/stm32g4xx_hal_uart.o
                0x0000000008009f64                UART_WaitOnFlagUntilTimeout
 .text.UART_EndTxTransfer
                0x000000000800a064       0x3c Drivers/STM32G4xx_HAL_Driver/Src/stm32g4xx_hal_uart.o
 .text.UART_EndRxTransfer
                0x000000000800a0a0       0x46 Drivers/STM32G4xx_HAL_Driver/Src/stm32g4xx_hal_uart.o
 .text.UART_DMATransmitCplt
                0x000000000800a0e6       0x54 Drivers/STM32G4xx_HAL_Driver/Src/stm32g4xx_hal_uart.o
 .text.UART_DMATxHalfCplt
                0x000000000800a13a       0x1c Drivers/STM32G4xx_HAL_Driver/Src/stm32g4xx_hal_uart.o
 .text.UART_DMAReceiveCplt
                0x000000000800a156       0x6a Drivers/STM32G4xx_HAL_Driver/Src/stm32g4xx_hal_uart.o
 .text.UART_DMARxHalfCplt
                0x000000000800a1c0       0x1c Drivers/STM32G4xx_HAL_Driver/Src/stm32g4xx_hal_uart.o
 .text.UART_DMAError
                0x000000000800a1dc       0x80 Drivers/STM32G4xx_HAL_Driver/Src/stm32g4xx_hal_uart.o
 .text.UART_DMAAbortOnError
                0x000000000800a25c       0x2c Drivers/STM32G4xx_HAL_Driver/Src/stm32g4xx_hal_uart.o
 .text.UART_EndTransmit_IT
                0x000000000800a288       0x34 Drivers/STM32G4xx_HAL_Driver/Src/stm32g4xx_hal_uart.o
 .text.HAL_UARTEx_WakeupCallback
                0x000000000800a2bc       0x14 Drivers/STM32G4xx_HAL_Driver/Src/stm32g4xx_hal_uart_ex.o
                0x000000000800a2bc                HAL_UARTEx_WakeupCallback
 .text.HAL_UARTEx_RxFifoFullCallback
                0x000000000800a2d0       0x14 Drivers/STM32G4xx_HAL_Driver/Src/stm32g4xx_hal_uart_ex.o
                0x000000000800a2d0                HAL_UARTEx_RxFifoFullCallback
 .text.HAL_UARTEx_TxFifoEmptyCallback
                0x000000000800a2e4       0x14 Drivers/STM32G4xx_HAL_Driver/Src/stm32g4xx_hal_uart_ex.o
                0x000000000800a2e4                HAL_UARTEx_TxFifoEmptyCallback
 .text.HAL_UARTEx_DisableFifoMode
                0x000000000800a2f8       0x72 Drivers/STM32G4xx_HAL_Driver/Src/stm32g4xx_hal_uart_ex.o
                0x000000000800a2f8                HAL_UARTEx_DisableFifoMode
 .text.HAL_UARTEx_SetTxFifoThreshold
                0x000000000800a36a       0x7c Drivers/STM32G4xx_HAL_Driver/Src/stm32g4xx_hal_uart_ex.o
                0x000000000800a36a                HAL_UARTEx_SetTxFifoThreshold
 .text.HAL_UARTEx_SetRxFifoThreshold
                0x000000000800a3e6       0x7c Drivers/STM32G4xx_HAL_Driver/Src/stm32g4xx_hal_uart_ex.o
                0x000000000800a3e6                HAL_UARTEx_SetRxFifoThreshold
 *fill*         0x000000000800a462        0x2 
 .text.UARTEx_SetNbDataToProcess
                0x000000000800a464       0xd0 Drivers/STM32G4xx_HAL_Driver/Src/stm32g4xx_hal_uart_ex.o
 .text.__cxa_pure_virtual
                0x000000000800a534        0x6 /home/j/STM32/STM32CubeIDE/IDE/plugins/com.st.stm32cube.ide.mcu.externaltools.gnu-tools-for-stm32.7-2018-q2-update.linux64_1.4.0.202007081208/tools/bin/../lib/gcc/arm-none-eabi/7.3.1/../../../../arm-none-eabi/lib/thumb/v7e-m/fpv4-sp/hard/libstdc++_nano.a(pure.o)
                0x000000000800a534                __cxa_pure_virtual
 .text._ZN10__cxxabiv111__terminateEPFvvE
                0x000000000800a53a        0x8 /home/j/STM32/STM32CubeIDE/IDE/plugins/com.st.stm32cube.ide.mcu.externaltools.gnu-tools-for-stm32.7-2018-q2-update.linux64_1.4.0.202007081208/tools/bin/../lib/gcc/arm-none-eabi/7.3.1/../../../../arm-none-eabi/lib/thumb/v7e-m/fpv4-sp/hard/libstdc++_nano.a(eh_terminate.o)
                0x000000000800a53a                __cxxabiv1::__terminate(void (*)())
 *fill*         0x000000000800a542        0x2 
 .text._ZSt13get_terminatev
                0x000000000800a544       0x10 /home/j/STM32/STM32CubeIDE/IDE/plugins/com.st.stm32cube.ide.mcu.externaltools.gnu-tools-for-stm32.7-2018-q2-update.linux64_1.4.0.202007081208/tools/bin/../lib/gcc/arm-none-eabi/7.3.1/../../../../arm-none-eabi/lib/thumb/v7e-m/fpv4-sp/hard/libstdc++_nano.a(eh_terminate.o)
                0x000000000800a544                std::get_terminate()
 .text._ZSt9terminatev
                0x000000000800a554        0xa /home/j/STM32/STM32CubeIDE/IDE/plugins/com.st.stm32cube.ide.mcu.externaltools.gnu-tools-for-stm32.7-2018-q2-update.linux64_1.4.0.202007081208/tools/bin/../lib/gcc/arm-none-eabi/7.3.1/../../../../arm-none-eabi/lib/thumb/v7e-m/fpv4-sp/hard/libstdc++_nano.a(eh_terminate.o)
                0x000000000800a554                std::terminate()
 .text.abort    0x000000000800a55e        0xe /home/j/STM32/STM32CubeIDE/IDE/plugins/com.st.stm32cube.ide.mcu.externaltools.gnu-tools-for-stm32.7-2018-q2-update.linux64_1.4.0.202007081208/tools/bin/../lib/gcc/arm-none-eabi/7.3.1/../../../../arm-none-eabi/lib/thumb/v7e-m/fpv4-sp/hard/libc_nano.a(lib_a-abort.o)
                0x000000000800a55e                abort
 .text.__errno  0x000000000800a56c        0xc /home/j/STM32/STM32CubeIDE/IDE/plugins/com.st.stm32cube.ide.mcu.externaltools.gnu-tools-for-stm32.7-2018-q2-update.linux64_1.4.0.202007081208/tools/bin/../lib/gcc/arm-none-eabi/7.3.1/../../../../arm-none-eabi/lib/thumb/v7e-m/fpv4-sp/hard/libc_nano.a(lib_a-errno.o)
                0x000000000800a56c                __errno
 .text.__libc_init_array
                0x000000000800a578       0x48 /home/j/STM32/STM32CubeIDE/IDE/plugins/com.st.stm32cube.ide.mcu.externaltools.gnu-tools-for-stm32.7-2018-q2-update.linux64_1.4.0.202007081208/tools/bin/../lib/gcc/arm-none-eabi/7.3.1/../../../../arm-none-eabi/lib/thumb/v7e-m/fpv4-sp/hard/libc_nano.a(lib_a-init.o)
                0x000000000800a578                __libc_init_array
 .text.memcpy   0x000000000800a5c0       0x16 /home/j/STM32/STM32CubeIDE/IDE/plugins/com.st.stm32cube.ide.mcu.externaltools.gnu-tools-for-stm32.7-2018-q2-update.linux64_1.4.0.202007081208/tools/bin/../lib/gcc/arm-none-eabi/7.3.1/../../../../arm-none-eabi/lib/thumb/v7e-m/fpv4-sp/hard/libc_nano.a(lib_a-memcpy-stub.o)
                0x000000000800a5c0                memcpy
 .text.memset   0x000000000800a5d6       0x10 /home/j/STM32/STM32CubeIDE/IDE/plugins/com.st.stm32cube.ide.mcu.externaltools.gnu-tools-for-stm32.7-2018-q2-update.linux64_1.4.0.202007081208/tools/bin/../lib/gcc/arm-none-eabi/7.3.1/../../../../arm-none-eabi/lib/thumb/v7e-m/fpv4-sp/hard/libc_nano.a(lib_a-memset.o)
                0x000000000800a5d6                memset
 *fill*         0x000000000800a5e6        0x2 
 .text.realloc  0x000000000800a5e8       0x10 /home/j/STM32/STM32CubeIDE/IDE/plugins/com.st.stm32cube.ide.mcu.externaltools.gnu-tools-for-stm32.7-2018-q2-update.linux64_1.4.0.202007081208/tools/bin/../lib/gcc/arm-none-eabi/7.3.1/../../../../arm-none-eabi/lib/thumb/v7e-m/fpv4-sp/hard/libc_nano.a(lib_a-realloc.o)
                0x000000000800a5e8                realloc
 .text._raise_r
                0x000000000800a5f8       0x50 /home/j/STM32/STM32CubeIDE/IDE/plugins/com.st.stm32cube.ide.mcu.externaltools.gnu-tools-for-stm32.7-2018-q2-update.linux64_1.4.0.202007081208/tools/bin/../lib/gcc/arm-none-eabi/7.3.1/../../../../arm-none-eabi/lib/thumb/v7e-m/fpv4-sp/hard/libc_nano.a(lib_a-signal.o)
                0x000000000800a5f8                _raise_r
 .text.raise    0x000000000800a648       0x10 /home/j/STM32/STM32CubeIDE/IDE/plugins/com.st.stm32cube.ide.mcu.externaltools.gnu-tools-for-stm32.7-2018-q2-update.linux64_1.4.0.202007081208/tools/bin/../lib/gcc/arm-none-eabi/7.3.1/../../../../arm-none-eabi/lib/thumb/v7e-m/fpv4-sp/hard/libc_nano.a(lib_a-signal.o)
                0x000000000800a648                raise
 .text._kill_r  0x000000000800a658       0x24 /home/j/STM32/STM32CubeIDE/IDE/plugins/com.st.stm32cube.ide.mcu.externaltools.gnu-tools-for-stm32.7-2018-q2-update.linux64_1.4.0.202007081208/tools/bin/../lib/gcc/arm-none-eabi/7.3.1/../../../../arm-none-eabi/lib/thumb/v7e-m/fpv4-sp/hard/libc_nano.a(lib_a-signalr.o)
                0x000000000800a658                _kill_r
 .text._getpid_r
                0x000000000800a67c        0x4 /home/j/STM32/STM32CubeIDE/IDE/plugins/com.st.stm32cube.ide.mcu.externaltools.gnu-tools-for-stm32.7-2018-q2-update.linux64_1.4.0.202007081208/tools/bin/../lib/gcc/arm-none-eabi/7.3.1/../../../../arm-none-eabi/lib/thumb/v7e-m/fpv4-sp/hard/libc_nano.a(lib_a-signalr.o)
                0x000000000800a67c                _getpid_r
 .text._malloc_r
                0x000000000800a680       0xb4 /home/j/STM32/STM32CubeIDE/IDE/plugins/com.st.stm32cube.ide.mcu.externaltools.gnu-tools-for-stm32.7-2018-q2-update.linux64_1.4.0.202007081208/tools/bin/../lib/gcc/arm-none-eabi/7.3.1/../../../../arm-none-eabi/lib/thumb/v7e-m/fpv4-sp/hard/libc_nano.a(lib_a-nano-mallocr.o)
                0x000000000800a680                _malloc_r
 .text._realloc_r
                0x000000000800a734       0x4c /home/j/STM32/STM32CubeIDE/IDE/plugins/com.st.stm32cube.ide.mcu.externaltools.gnu-tools-for-stm32.7-2018-q2-update.linux64_1.4.0.202007081208/tools/bin/../lib/gcc/arm-none-eabi/7.3.1/../../../../arm-none-eabi/lib/thumb/v7e-m/fpv4-sp/hard/libc_nano.a(lib_a-nano-reallocr.o)
                0x000000000800a734                _realloc_r
 .text._sbrk_r  0x000000000800a780       0x20 /home/j/STM32/STM32CubeIDE/IDE/plugins/com.st.stm32cube.ide.mcu.externaltools.gnu-tools-for-stm32.7-2018-q2-update.linux64_1.4.0.202007081208/tools/bin/../lib/gcc/arm-none-eabi/7.3.1/../../../../arm-none-eabi/lib/thumb/v7e-m/fpv4-sp/hard/libc_nano.a(lib_a-sbrkr.o)
                0x000000000800a780                _sbrk_r
 .text.__malloc_lock
                0x000000000800a7a0        0x2 /home/j/STM32/STM32CubeIDE/IDE/plugins/com.st.stm32cube.ide.mcu.externaltools.gnu-tools-for-stm32.7-2018-q2-update.linux64_1.4.0.202007081208/tools/bin/../lib/gcc/arm-none-eabi/7.3.1/../../../../arm-none-eabi/lib/thumb/v7e-m/fpv4-sp/hard/libc_nano.a(lib_a-mlock.o)
                0x000000000800a7a0                __malloc_lock
 .text.__malloc_unlock
                0x000000000800a7a2        0x2 /home/j/STM32/STM32CubeIDE/IDE/plugins/com.st.stm32cube.ide.mcu.externaltools.gnu-tools-for-stm32.7-2018-q2-update.linux64_1.4.0.202007081208/tools/bin/../lib/gcc/arm-none-eabi/7.3.1/../../../../arm-none-eabi/lib/thumb/v7e-m/fpv4-sp/hard/libc_nano.a(lib_a-mlock.o)
                0x000000000800a7a2                __malloc_unlock
 .text._free_r  0x000000000800a7a4       0x9c /home/j/STM32/STM32CubeIDE/IDE/plugins/com.st.stm32cube.ide.mcu.externaltools.gnu-tools-for-stm32.7-2018-q2-update.linux64_1.4.0.202007081208/tools/bin/../lib/gcc/arm-none-eabi/7.3.1/../../../../arm-none-eabi/lib/thumb/v7e-m/fpv4-sp/hard/libc_nano.a(lib_a-nano-freer.o)
                0x000000000800a7a4                _free_r
 .text._malloc_usable_size_r
                0x000000000800a840       0x10 /home/j/STM32/STM32CubeIDE/IDE/plugins/com.st.stm32cube.ide.mcu.externaltools.gnu-tools-for-stm32.7-2018-q2-update.linux64_1.4.0.202007081208/tools/bin/../lib/gcc/arm-none-eabi/7.3.1/../../../../arm-none-eabi/lib/thumb/v7e-m/fpv4-sp/hard/libc_nano.a(lib_a-nano-msizer.o)
                0x000000000800a840                _malloc_usable_size_r
 *(.glue_7)
 .glue_7        0x000000000800a850        0x0 linker stubs
 *(.glue_7t)
 .glue_7t       0x000000000800a850        0x0 linker stubs
 *(.eh_frame)
 .eh_frame      0x000000000800a850        0x0 /home/j/STM32/STM32CubeIDE/IDE/plugins/com.st.stm32cube.ide.mcu.externaltools.gnu-tools-for-stm32.7-2018-q2-update.linux64_1.4.0.202007081208/tools/bin/../lib/gcc/arm-none-eabi/7.3.1/thumb/v7e-m/fpv4-sp/hard/crtbegin.o
 *(.init)
 .init          0x000000000800a850        0x4 /home/j/STM32/STM32CubeIDE/IDE/plugins/com.st.stm32cube.ide.mcu.externaltools.gnu-tools-for-stm32.7-2018-q2-update.linux64_1.4.0.202007081208/tools/bin/../lib/gcc/arm-none-eabi/7.3.1/thumb/v7e-m/fpv4-sp/hard/crti.o
                0x000000000800a850                _init
 .init          0x000000000800a854        0x8 /home/j/STM32/STM32CubeIDE/IDE/plugins/com.st.stm32cube.ide.mcu.externaltools.gnu-tools-for-stm32.7-2018-q2-update.linux64_1.4.0.202007081208/tools/bin/../lib/gcc/arm-none-eabi/7.3.1/thumb/v7e-m/fpv4-sp/hard/crtn.o
 *(.fini)
 .fini          0x000000000800a85c        0x4 /home/j/STM32/STM32CubeIDE/IDE/plugins/com.st.stm32cube.ide.mcu.externaltools.gnu-tools-for-stm32.7-2018-q2-update.linux64_1.4.0.202007081208/tools/bin/../lib/gcc/arm-none-eabi/7.3.1/thumb/v7e-m/fpv4-sp/hard/crti.o
                0x000000000800a85c                _fini
 .fini          0x000000000800a860        0x8 /home/j/STM32/STM32CubeIDE/IDE/plugins/com.st.stm32cube.ide.mcu.externaltools.gnu-tools-for-stm32.7-2018-q2-update.linux64_1.4.0.202007081208/tools/bin/../lib/gcc/arm-none-eabi/7.3.1/thumb/v7e-m/fpv4-sp/hard/crtn.o
                0x000000000800a868                . = ALIGN (0x4)
                0x000000000800a868                _etext = .

.vfp11_veneer   0x000000000800a868        0x0
 .vfp11_veneer  0x000000000800a868        0x0 linker stubs

.v4_bx          0x000000000800a868        0x0
 .v4_bx         0x000000000800a868        0x0 linker stubs

.iplt           0x000000000800a868        0x0
 .iplt          0x000000000800a868        0x0 /home/j/STM32/STM32CubeIDE/IDE/plugins/com.st.stm32cube.ide.mcu.externaltools.gnu-tools-for-stm32.7-2018-q2-update.linux64_1.4.0.202007081208/tools/bin/../lib/gcc/arm-none-eabi/7.3.1/thumb/v7e-m/fpv4-sp/hard/crtbegin.o

.rodata         0x000000000800a868      0x328
                0x000000000800a868                . = ALIGN (0x4)
 *(.rodata)
 .rodata        0x000000000800a868      0x1b4 Core/Src/mainpp.o
 .rodata        0x000000000800aa1c       0x10 Drivers/STM32G4xx_HAL_Driver/Src/stm32g4xx_hal_uart_ex.o
 *(.rodata*)
 .rodata._ZN14rosserial_msgsL12REQUESTPARAME
                0x000000000800aa2c       0x1c Core/Src/mainpp.o
 .rodata._ZTVN3ros10SubscriberIN11coorsa_rfsm14SetpointUpdateEvEE
                0x000000000800aa48       0x18 Core/Src/mainpp.o
                0x000000000800aa48                vtable for ros::Subscriber<coorsa_rfsm::SetpointUpdate, void>
 .rodata._ZTVN3ros10SubscriberIN8std_msgs5Int16EvEE
                0x000000000800aa60       0x18 Core/Src/mainpp.o
                0x000000000800aa60                vtable for ros::Subscriber<std_msgs::Int16, void>
 .rodata._ZTVN3ros11NodeHandle_I13STM32HardwareLi25ELi25ELi512ELi512EEE
                0x000000000800aa78       0x14 Core/Src/mainpp.o
                0x000000000800aa78                vtable for ros::NodeHandle_<STM32Hardware, 25, 25, 512, 512>
 .rodata._ZTVN11coorsa_rfsm14SetpointUpdateE
                0x000000000800aa8c       0x18 Core/Src/mainpp.o
                0x000000000800aa8c                vtable for coorsa_rfsm::SetpointUpdate
 .rodata._ZTVN8std_msgs5Int16E
                0x000000000800aaa4       0x18 Core/Src/mainpp.o
                0x000000000800aaa4                vtable for std_msgs::Int16
 .rodata._ZTVN3ros11Subscriber_E
                0x000000000800aabc       0x18 Core/Src/mainpp.o
                0x000000000800aabc                vtable for ros::Subscriber_
 .rodata._ZTVN3ros15NodeHandleBase_E
                0x000000000800aad4       0x14 Core/Src/mainpp.o
                0x000000000800aad4                vtable for ros::NodeHandleBase_
 .rodata._ZTVN14rosserial_msgs20RequestParamResponseE
                0x000000000800aae8       0x18 Core/Src/mainpp.o
                0x000000000800aae8                vtable for rosserial_msgs::RequestParamResponse
 .rodata._ZTVN14rosserial_msgs3LogE
                0x000000000800ab00       0x18 Core/Src/mainpp.o
                0x000000000800ab00                vtable for rosserial_msgs::Log
 .rodata._ZTVN14rosserial_msgs9TopicInfoE
                0x000000000800ab18       0x18 Core/Src/mainpp.o
                0x000000000800ab18                vtable for rosserial_msgs::TopicInfo
 .rodata._ZTVN8std_msgs4TimeE
                0x000000000800ab30       0x18 Core/Src/mainpp.o
                0x000000000800ab30                vtable for std_msgs::Time
 .rodata._ZTVN3ros3MsgE
                0x000000000800ab48       0x18 Core/Src/mainpp.o
                0x000000000800ab48                vtable for ros::Msg
 .rodata.AHBPrescTable
                0x000000000800ab60       0x10 Core/Src/system_stm32g4xx.o
                0x000000000800ab60                AHBPrescTable
 .rodata.APBPrescTable
                0x000000000800ab70        0x8 Core/Src/system_stm32g4xx.o
                0x000000000800ab70                APBPrescTable
 .rodata.UARTPrescTable
                0x000000000800ab78       0x18 Drivers/STM32G4xx_HAL_Driver/Src/stm32g4xx_hal_uart.o
                0x000000000800ab78                UARTPrescTable
                0x000000000800ab90                . = ALIGN (0x4)

.ARM.extab      0x000000000800ab90        0x0
                0x000000000800ab90                . = ALIGN (0x4)
 *(.ARM.extab* .gnu.linkonce.armextab.*)
                0x000000000800ab90                . = ALIGN (0x4)

.ARM            0x000000000800ab90        0x8
                0x000000000800ab90                . = ALIGN (0x4)
                0x000000000800ab90                __exidx_start = .
 *(.ARM.exidx*)
 .ARM.exidx     0x000000000800ab90        0x8 /home/j/STM32/STM32CubeIDE/IDE/plugins/com.st.stm32cube.ide.mcu.externaltools.gnu-tools-for-stm32.7-2018-q2-update.linux64_1.4.0.202007081208/tools/bin/../lib/gcc/arm-none-eabi/7.3.1/thumb/v7e-m/fpv4-sp/hard/libgcc.a(_udivmoddi4.o)
                0x000000000800ab98                __exidx_end = .
                0x000000000800ab98                . = ALIGN (0x4)

.rel.dyn        0x000000000800ab98        0x0
 .rel.iplt      0x000000000800ab98        0x0 /home/j/STM32/STM32CubeIDE/IDE/plugins/com.st.stm32cube.ide.mcu.externaltools.gnu-tools-for-stm32.7-2018-q2-update.linux64_1.4.0.202007081208/tools/bin/../lib/gcc/arm-none-eabi/7.3.1/thumb/v7e-m/fpv4-sp/hard/crtbegin.o

.preinit_array  0x000000000800ab98        0x0
                0x000000000800ab98                . = ALIGN (0x4)
                0x000000000800ab98                PROVIDE (__preinit_array_start = .)
 *(.preinit_array*)
                0x000000000800ab98                PROVIDE (__preinit_array_end = .)
                0x000000000800ab98                . = ALIGN (0x4)

.init_array     0x000000000800ab98        0x8
                0x000000000800ab98                . = ALIGN (0x4)
                0x000000000800ab98                PROVIDE (__init_array_start = .)
 *(SORT_BY_NAME(.init_array.*))
 *(.init_array*)
 .init_array    0x000000000800ab98        0x4 /home/j/STM32/STM32CubeIDE/IDE/plugins/com.st.stm32cube.ide.mcu.externaltools.gnu-tools-for-stm32.7-2018-q2-update.linux64_1.4.0.202007081208/tools/bin/../lib/gcc/arm-none-eabi/7.3.1/thumb/v7e-m/fpv4-sp/hard/crtbegin.o
 .init_array    0x000000000800ab9c        0x4 Core/Src/mainpp.o
                0x000000000800aba0                PROVIDE (__init_array_end = .)
                0x000000000800aba0                . = ALIGN (0x4)

.fini_array     0x000000000800aba0        0x4
                0x000000000800aba0                . = ALIGN (0x4)
                [!provide]                        PROVIDE (__fini_array_start = .)
 *(SORT_BY_NAME(.fini_array.*))
 *(.fini_array*)
 .fini_array    0x000000000800aba0        0x4 /home/j/STM32/STM32CubeIDE/IDE/plugins/com.st.stm32cube.ide.mcu.externaltools.gnu-tools-for-stm32.7-2018-q2-update.linux64_1.4.0.202007081208/tools/bin/../lib/gcc/arm-none-eabi/7.3.1/thumb/v7e-m/fpv4-sp/hard/crtbegin.o
                [!provide]                        PROVIDE (__fini_array_end = .)
                0x000000000800aba4                . = ALIGN (0x4)
                0x000000000800aba4                _sidata = LOADADDR (.data)

.data           0x0000000020000000       0x74 load address 0x000000000800aba4
                0x0000000020000000                . = ALIGN (0x4)
                0x0000000020000000                _sdata = .
 *(.data)
 *(.data*)
 .data.SystemCoreClock
                0x0000000020000000        0x4 Core/Src/system_stm32g4xx.o
                0x0000000020000000                SystemCoreClock
 .data.uwTickPrio
                0x0000000020000004        0x4 Drivers/STM32G4xx_HAL_Driver/Src/stm32g4xx_hal.o
                0x0000000020000004                uwTickPrio
 .data.uwTickFreq
                0x0000000020000008        0x4 Drivers/STM32G4xx_HAL_Driver/Src/stm32g4xx_hal.o
                0x0000000020000008                uwTickFreq
 .data._ZN10__cxxabiv119__terminate_handlerE
                0x000000002000000c        0x4 /home/j/STM32/STM32CubeIDE/IDE/plugins/com.st.stm32cube.ide.mcu.externaltools.gnu-tools-for-stm32.7-2018-q2-update.linux64_1.4.0.202007081208/tools/bin/../lib/gcc/arm-none-eabi/7.3.1/../../../../arm-none-eabi/lib/thumb/v7e-m/fpv4-sp/hard/libstdc++_nano.a(eh_term_handler.o)
                0x000000002000000c                __cxxabiv1::__terminate_handler
 .data._impure_ptr
                0x0000000020000010        0x4 /home/j/STM32/STM32CubeIDE/IDE/plugins/com.st.stm32cube.ide.mcu.externaltools.gnu-tools-for-stm32.7-2018-q2-update.linux64_1.4.0.202007081208/tools/bin/../lib/gcc/arm-none-eabi/7.3.1/../../../../arm-none-eabi/lib/thumb/v7e-m/fpv4-sp/hard/libc_nano.a(lib_a-impure.o)
                0x0000000020000010                _impure_ptr
 .data.impure_data
                0x0000000020000014       0x60 /home/j/STM32/STM32CubeIDE/IDE/plugins/com.st.stm32cube.ide.mcu.externaltools.gnu-tools-for-stm32.7-2018-q2-update.linux64_1.4.0.202007081208/tools/bin/../lib/gcc/arm-none-eabi/7.3.1/../../../../arm-none-eabi/lib/thumb/v7e-m/fpv4-sp/hard/libc_nano.a(lib_a-impure.o)
                0x0000000020000074                . = ALIGN (0x4)
                0x0000000020000074                _edata = .

.igot.plt       0x0000000020000074        0x0 load address 0x000000000800ac18
 .igot.plt      0x0000000020000074        0x0 /home/j/STM32/STM32CubeIDE/IDE/plugins/com.st.stm32cube.ide.mcu.externaltools.gnu-tools-for-stm32.7-2018-q2-update.linux64_1.4.0.202007081208/tools/bin/../lib/gcc/arm-none-eabi/7.3.1/thumb/v7e-m/fpv4-sp/hard/crtbegin.o
                0x0000000020000074                . = ALIGN (0x4)

.bss            0x0000000020000074      0xdd0 load address 0x000000000800ac18
                0x0000000020000074                _sbss = .
                0x0000000020000074                __bss_start__ = _sbss
 *(.bss)
 .bss           0x0000000020000074       0x1c /home/j/STM32/STM32CubeIDE/IDE/plugins/com.st.stm32cube.ide.mcu.externaltools.gnu-tools-for-stm32.7-2018-q2-update.linux64_1.4.0.202007081208/tools/bin/../lib/gcc/arm-none-eabi/7.3.1/thumb/v7e-m/fpv4-sp/hard/crtbegin.o
 *(.bss*)
 .bss.Pos_ref   0x0000000020000090        0x4 Core/Src/Control_Panel.o
                0x0000000020000090                Pos_ref
 .bss.Pos_error
                0x0000000020000094        0x4 Core/Src/Control_Panel.o
                0x0000000020000094                Pos_error
 .bss.I_star    0x0000000020000098        0x4 Core/Src/Control_Panel.o
                0x0000000020000098                I_star
 .bss.up_f      0x000000002000009c        0x4 Core/Src/Control_Panel.o
                0x000000002000009c                up_f
 .bss.down_f    0x00000000200000a0        0x4 Core/Src/Control_Panel.o
                0x00000000200000a0                down_f
 .bss._ZZN13STM32Hardware5flushEvE5mutex
                0x00000000200000a4        0x1 Core/Src/mainpp.o
                0x00000000200000a4                STM32Hardware::flush()::mutex
 *fill*         0x00000000200000a5        0x3 
 .bss.Mess      0x00000000200000a8        0x4 Core/Src/mainpp.o
                0x00000000200000a8                Mess
 .bss.WaitingForResult
                0x00000000200000ac        0x4 Core/Src/mainpp.o
                0x00000000200000ac                WaitingForResult
 .bss.ControlPanel
                0x00000000200000b0       0x20 Core/Src/mainpp.o
                0x00000000200000b0                ControlPanel
 .bss.nh        0x00000000200000d0      0x93c Core/Src/mainpp.o
                0x00000000200000d0                nh
 .bss.str_msg   0x0000000020000a0c        0x8 Core/Src/mainpp.o
                0x0000000020000a0c                str_msg
 .bss.chatter   0x0000000020000a14       0x14 Core/Src/mainpp.o
                0x0000000020000a14                chatter
 .bss.sub       0x0000000020000a28       0x1c Core/Src/mainpp.o
                0x0000000020000a28                sub
 .bss.subsp     0x0000000020000a44       0x20 Core/Src/mainpp.o
                0x0000000020000a44                subsp
 .bss.RosMess   0x0000000020000a64        0x8 Core/Src/mainpp.o
                0x0000000020000a64                RosMess
 .bss.state     0x0000000020000a6c        0x4 Core/Src/mainpp.o
                0x0000000020000a6c                state
 .bss.HAL_RCC_ADC12_CLK_ENABLED
                0x0000000020000a70        0x4 Core/Src/stm32g4xx_hal_msp.o
 .bss.DutyCycle
                0x0000000020000a74        0x4 Core/Src/stm32g4xx_it.o
                0x0000000020000a74                DutyCycle
 .bss.Adc_Pot   0x0000000020000a78        0x4 Core/Src/stm32g4xx_it.o
                0x0000000020000a78                Adc_Pot
 .bss.I_sense   0x0000000020000a7c        0x4 Core/Src/stm32g4xx_it.o
                0x0000000020000a7c                I_sense
 .bss.Out_Filter
                0x0000000020000a80        0x4 Core/Src/stm32g4xx_it.o
                0x0000000020000a80                Out_Filter
 .bss.I_ref     0x0000000020000a84        0x4 Core/Src/stm32g4xx_it.o
                0x0000000020000a84                I_ref
 .bss.V_star    0x0000000020000a88        0x4 Core/Src/stm32g4xx_it.o
                0x0000000020000a88                V_star
 .bss.I_error   0x0000000020000a8c        0x4 Core/Src/stm32g4xx_it.o
                0x0000000020000a8c                I_error
 .bss.DAC_Value_1
                0x0000000020000a90        0x4 Core/Src/stm32g4xx_it.o
                0x0000000020000a90                DAC_Value_1
 .bss.DAC_Value_2
                0x0000000020000a94        0x4 Core/Src/stm32g4xx_it.o
                0x0000000020000a94                DAC_Value_2
 .bss.down_lim  0x0000000020000a98        0x4 Core/Src/stm32g4xx_it.o
                0x0000000020000a98                down_lim
 .bss.mid_lim   0x0000000020000a9c        0x4 Core/Src/stm32g4xx_it.o
                0x0000000020000a9c                mid_lim
 .bss.up_lim    0x0000000020000aa0        0x4 Core/Src/stm32g4xx_it.o
                0x0000000020000aa0                up_lim
 .bss.k         0x0000000020000aa4        0x4 Core/Src/stm32g4xx_it.o
                0x0000000020000aa4                k
 .bss.j         0x0000000020000aa8        0x4 Core/Src/stm32g4xx_it.o
                0x0000000020000aa8                j
 .bss.Servo_Angle_1
                0x0000000020000aac        0x4 Core/Src/stm32g4xx_it.o
                0x0000000020000aac                Servo_Angle_1
 .bss.Servo_Angle_2
                0x0000000020000ab0        0x4 Core/Src/stm32g4xx_it.o
                0x0000000020000ab0                Servo_Angle_2
 .bss.up_flag   0x0000000020000ab4        0x4 Core/Src/stm32g4xx_it.o
                0x0000000020000ab4                up_flag
 .bss.down_flag
                0x0000000020000ab8        0x4 Core/Src/stm32g4xx_it.o
                0x0000000020000ab8                down_flag
 .bss.__sbrk_heap_end
                0x0000000020000abc        0x4 Core/Src/sysmem.o
 .bss.__malloc_free_list
                0x0000000020000ac0        0x4 /home/j/STM32/STM32CubeIDE/IDE/plugins/com.st.stm32cube.ide.mcu.externaltools.gnu-tools-for-stm32.7-2018-q2-update.linux64_1.4.0.202007081208/tools/bin/../lib/gcc/arm-none-eabi/7.3.1/../../../../arm-none-eabi/lib/thumb/v7e-m/fpv4-sp/hard/libc_nano.a(lib_a-nano-mallocr.o)
                0x0000000020000ac0                __malloc_free_list
 .bss.__malloc_sbrk_start
                0x0000000020000ac4        0x4 /home/j/STM32/STM32CubeIDE/IDE/plugins/com.st.stm32cube.ide.mcu.externaltools.gnu-tools-for-stm32.7-2018-q2-update.linux64_1.4.0.202007081208/tools/bin/../lib/gcc/arm-none-eabi/7.3.1/../../../../arm-none-eabi/lib/thumb/v7e-m/fpv4-sp/hard/libc_nano.a(lib_a-nano-mallocr.o)
                0x0000000020000ac4                __malloc_sbrk_start
 *(COMMON)
 COMMON         0x0000000020000ac8       0x3c Core/Src/Control_Panel.o
                0x0000000020000ac8                DOWN_LIM
                0x0000000020000acc                Pos_PI
                0x0000000020000af8                MID_LIM_DOWN
                0x0000000020000afc                MID_LIM_UP
                0x0000000020000b00                UP_LIM
 COMMON         0x0000000020000b04       0x10 Core/Src/adc.o
                0x0000000020000b04                Reg_1
                0x0000000020000b08                Adc_1
                0x0000000020000b0c                Reg_2
                0x0000000020000b10                Adc_2
 COMMON         0x0000000020000b14      0x2d0 Core/Src/main.o
                0x0000000020000b14                hdma_usart2_rx
                0x0000000020000b74                hdac1
                0x0000000020000b88                hadc2
                0x0000000020000bf4                hadc1
                0x0000000020000c60                hdma_usart2_tx
                0x0000000020000cc0                htim1
                0x0000000020000d0c                htim2
                0x0000000020000d58                huart2
 COMMON         0x0000000020000de4       0x58 Core/Src/stm32g4xx_it.o
                0x0000000020000de4                I_PI
                0x0000000020000e10                Adc
                0x0000000020000e18                Low_Pass
 COMMON         0x0000000020000e3c        0x4 Drivers/STM32G4xx_HAL_Driver/Src/stm32g4xx_hal.o
                0x0000000020000e3c                uwTick
 COMMON         0x0000000020000e40        0x4 /home/j/STM32/STM32CubeIDE/IDE/plugins/com.st.stm32cube.ide.mcu.externaltools.gnu-tools-for-stm32.7-2018-q2-update.linux64_1.4.0.202007081208/tools/bin/../lib/gcc/arm-none-eabi/7.3.1/../../../../arm-none-eabi/lib/thumb/v7e-m/fpv4-sp/hard/libc_nano.a(lib_a-reent.o)
                0x0000000020000e40                errno
                0x0000000020000e44                . = ALIGN (0x4)
                0x0000000020000e44                _ebss = .
                0x0000000020000e44                __bss_end__ = _ebss

._user_heap_stack
                0x0000000020000e44      0x604 load address 0x000000000800ac18
                0x0000000020000e48                . = ALIGN (0x8)
 *fill*         0x0000000020000e44        0x4 
                [!provide]                        PROVIDE (end = .)
                0x0000000020000e48                PROVIDE (_end = .)
                0x0000000020001048                . = (. + _Min_Heap_Size)
 *fill*         0x0000000020000e48      0x200 
                0x0000000020001448                . = (. + _Min_Stack_Size)
 *fill*         0x0000000020001048      0x400 
                0x0000000020001448                . = ALIGN (0x8)

/DISCARD/
 libc.a(*)
 libm.a(*)
 libgcc.a(*)

.ARM.attributes
                0x0000000000000000       0x30
 *(.ARM.attributes)
 .ARM.attributes
                0x0000000000000000       0x22 /home/j/STM32/STM32CubeIDE/IDE/plugins/com.st.stm32cube.ide.mcu.externaltools.gnu-tools-for-stm32.7-2018-q2-update.linux64_1.4.0.202007081208/tools/bin/../lib/gcc/arm-none-eabi/7.3.1/thumb/v7e-m/fpv4-sp/hard/crti.o
 .ARM.attributes
                0x0000000000000022       0x34 /home/j/STM32/STM32CubeIDE/IDE/plugins/com.st.stm32cube.ide.mcu.externaltools.gnu-tools-for-stm32.7-2018-q2-update.linux64_1.4.0.202007081208/tools/bin/../lib/gcc/arm-none-eabi/7.3.1/thumb/v7e-m/fpv4-sp/hard/crtbegin.o
 .ARM.attributes
                0x0000000000000056       0x39 Core/Src/Control_Panel.o
 .ARM.attributes
                0x000000000000008f       0x39 Core/Src/LowPassFilter.o
 .ARM.attributes
                0x00000000000000c8       0x39 Core/Src/PID_float.o
 .ARM.attributes
                0x0000000000000101       0x39 Core/Src/adc.o
 .ARM.attributes
                0x000000000000013a       0x39 Core/Src/main.o
 .ARM.attributes
                0x0000000000000173       0x39 Core/Src/mainpp.o
 .ARM.attributes
                0x00000000000001ac       0x39 Core/Src/stm32g4xx_hal_msp.o
 .ARM.attributes
                0x00000000000001e5       0x39 Core/Src/stm32g4xx_it.o
 .ARM.attributes
                0x000000000000021e       0x39 Core/Src/syscalls.o
 .ARM.attributes
                0x0000000000000257       0x39 Core/Src/sysmem.o
 .ARM.attributes
                0x0000000000000290       0x39 Core/Src/system_stm32g4xx.o
 .ARM.attributes
                0x00000000000002c9       0x39 Core/Src/time.o
 .ARM.attributes
                0x0000000000000302       0x21 Core/Startup/startup_stm32g431rbtx.o
 .ARM.attributes
                0x0000000000000323       0x39 Drivers/STM32G4xx_HAL_Driver/Src/stm32g4xx_hal.o
 .ARM.attributes
                0x000000000000035c       0x39 Drivers/STM32G4xx_HAL_Driver/Src/stm32g4xx_hal_adc.o
 .ARM.attributes
                0x0000000000000395       0x39 Drivers/STM32G4xx_HAL_Driver/Src/stm32g4xx_hal_adc_ex.o
 .ARM.attributes
                0x00000000000003ce       0x39 Drivers/STM32G4xx_HAL_Driver/Src/stm32g4xx_hal_cortex.o
 .ARM.attributes
                0x0000000000000407       0x39 Drivers/STM32G4xx_HAL_Driver/Src/stm32g4xx_hal_dac.o
 .ARM.attributes
                0x0000000000000440       0x39 Drivers/STM32G4xx_HAL_Driver/Src/stm32g4xx_hal_dma.o
 .ARM.attributes
                0x0000000000000479       0x39 Drivers/STM32G4xx_HAL_Driver/Src/stm32g4xx_hal_gpio.o
 .ARM.attributes
                0x00000000000004b2       0x39 Drivers/STM32G4xx_HAL_Driver/Src/stm32g4xx_hal_pwr_ex.o
 .ARM.attributes
                0x00000000000004eb       0x39 Drivers/STM32G4xx_HAL_Driver/Src/stm32g4xx_hal_rcc.o
 .ARM.attributes
                0x0000000000000524       0x39 Drivers/STM32G4xx_HAL_Driver/Src/stm32g4xx_hal_rcc_ex.o
 .ARM.attributes
                0x000000000000055d       0x39 Drivers/STM32G4xx_HAL_Driver/Src/stm32g4xx_hal_tim.o
 .ARM.attributes
                0x0000000000000596       0x39 Drivers/STM32G4xx_HAL_Driver/Src/stm32g4xx_hal_tim_ex.o
 .ARM.attributes
                0x00000000000005cf       0x39 Drivers/STM32G4xx_HAL_Driver/Src/stm32g4xx_hal_uart.o
 .ARM.attributes
                0x0000000000000608       0x39 Drivers/STM32G4xx_HAL_Driver/Src/stm32g4xx_hal_uart_ex.o
 .ARM.attributes
                0x0000000000000641       0x34 /home/j/STM32/STM32CubeIDE/IDE/plugins/com.st.stm32cube.ide.mcu.externaltools.gnu-tools-for-stm32.7-2018-q2-update.linux64_1.4.0.202007081208/tools/bin/../lib/gcc/arm-none-eabi/7.3.1/../../../../arm-none-eabi/lib/thumb/v7e-m/fpv4-sp/hard/libstdc++_nano.a(pure.o)
 .ARM.attributes