Archive member included to satisfy reference by file (symbol)

/home/j/STM32/STM32CubeIDE/IDE/plugins/com.st.stm32cube.ide.mcu.externaltools.gnu-tools-for-stm32.9-2020-q2-update.linux64_2.0.0.202105311346/tools/bin/../lib/gcc/arm-none-eabi/9.3.1/../../../../arm-none-eabi/lib/thumb/v7e-m+fp/hard/libstdc++_nano.a(pure.o)
                              ./Core/Src/mainpp.o (__cxa_pure_virtual)
/home/j/STM32/STM32CubeIDE/IDE/plugins/com.st.stm32cube.ide.mcu.externaltools.gnu-tools-for-stm32.9-2020-q2-update.linux64_2.0.0.202105311346/tools/bin/../lib/gcc/arm-none-eabi/9.3.1/../../../../arm-none-eabi/lib/thumb/v7e-m+fp/hard/libstdc++_nano.a(eh_terminate.o)
                              /home/j/STM32/STM32CubeIDE/IDE/plugins/com.st.stm32cube.ide.mcu.externaltools.gnu-tools-for-stm32.9-2020-q2-update.linux64_2.0.0.202105311346/tools/bin/../lib/gcc/arm-none-eabi/9.3.1/../../../../arm-none-eabi/lib/thumb/v7e-m+fp/hard/libstdc++_nano.a(pure.o) (std::terminate())
/home/j/STM32/STM32CubeIDE/IDE/plugins/com.st.stm32cube.ide.mcu.externaltools.gnu-tools-for-stm32.9-2020-q2-update.linux64_2.0.0.202105311346/tools/bin/../lib/gcc/arm-none-eabi/9.3.1/../../../../arm-none-eabi/lib/thumb/v7e-m+fp/hard/libstdc++_nano.a(eh_unex_handler.o)
                              /home/j/STM32/STM32CubeIDE/IDE/plugins/com.st.stm32cube.ide.mcu.externaltools.gnu-tools-for-stm32.9-2020-q2-update.linux64_2.0.0.202105311346/tools/bin/../lib/gcc/arm-none-eabi/9.3.1/../../../../arm-none-eabi/lib/thumb/v7e-m+fp/hard/libstdc++_nano.a(eh_terminate.o) (__cxxabiv1::__unexpected_handler)
/home/j/STM32/STM32CubeIDE/IDE/plugins/com.st.stm32cube.ide.mcu.externaltools.gnu-tools-for-stm32.9-2020-q2-update.linux64_2.0.0.202105311346/tools/bin/../lib/gcc/arm-none-eabi/9.3.1/../../../../arm-none-eabi/lib/thumb/v7e-m+fp/hard/libstdc++_nano.a(eh_term_handler.o)
                              /home/j/STM32/STM32CubeIDE/IDE/plugins/com.st.stm32cube.ide.mcu.externaltools.gnu-tools-for-stm32.9-2020-q2-update.linux64_2.0.0.202105311346/tools/bin/../lib/gcc/arm-none-eabi/9.3.1/../../../../arm-none-eabi/lib/thumb/v7e-m+fp/hard/libstdc++_nano.a(eh_terminate.o) (__cxxabiv1::__terminate_handler)
/home/j/STM32/STM32CubeIDE/IDE/plugins/com.st.stm32cube.ide.mcu.externaltools.gnu-tools-for-stm32.9-2020-q2-update.linux64_2.0.0.202105311346/tools/bin/../lib/gcc/arm-none-eabi/9.3.1/../../../../arm-none-eabi/lib/thumb/v7e-m+fp/hard/libc_nano.a(lib_a-abort.o)
                              /home/j/STM32/STM32CubeIDE/IDE/plugins/com.st.stm32cube.ide.mcu.externaltools.gnu-tools-for-stm32.9-2020-q2-update.linux64_2.0.0.202105311346/tools/bin/../lib/gcc/arm-none-eabi/9.3.1/../../../../arm-none-eabi/lib/thumb/v7e-m+fp/hard/libstdc++_nano.a(eh_terminate.o) (abort)
/home/j/STM32/STM32CubeIDE/IDE/plugins/com.st.stm32cube.ide.mcu.externaltools.gnu-tools-for-stm32.9-2020-q2-update.linux64_2.0.0.202105311346/tools/bin/../lib/gcc/arm-none-eabi/9.3.1/../../../../arm-none-eabi/lib/thumb/v7e-m+fp/hard/libc_nano.a(lib_a-errno.o)
                              ./Core/Src/syscalls.o (__errno)
/home/j/STM32/STM32CubeIDE/IDE/plugins/com.st.stm32cube.ide.mcu.externaltools.gnu-tools-for-stm32.9-2020-q2-update.linux64_2.0.0.202105311346/tools/bin/../lib/gcc/arm-none-eabi/9.3.1/../../../../arm-none-eabi/lib/thumb/v7e-m+fp/hard/libc_nano.a(lib_a-exit.o)
                              /home/j/STM32/STM32CubeIDE/IDE/plugins/com.st.stm32cube.ide.mcu.externaltools.gnu-tools-for-stm32.9-2020-q2-update.linux64_2.0.0.202105311346/tools/bin/../lib/gcc/arm-none-eabi/9.3.1/../../../../arm-none-eabi/lib/thumb/v7e-m+fp/hard/crt0.o (exit)
/home/j/STM32/STM32CubeIDE/IDE/plugins/com.st.stm32cube.ide.mcu.externaltools.gnu-tools-for-stm32.9-2020-q2-update.linux64_2.0.0.202105311346/tools/bin/../lib/gcc/arm-none-eabi/9.3.1/../../../../arm-none-eabi/lib/thumb/v7e-m+fp/hard/libc_nano.a(lib_a-impure.o)
                              /home/j/STM32/STM32CubeIDE/IDE/plugins/com.st.stm32cube.ide.mcu.externaltools.gnu-tools-for-stm32.9-2020-q2-update.linux64_2.0.0.202105311346/tools/bin/../lib/gcc/arm-none-eabi/9.3.1/../../../../arm-none-eabi/lib/thumb/v7e-m+fp/hard/libc_nano.a(lib_a-exit.o) (_global_impure_ptr)
/home/j/STM32/STM32CubeIDE/IDE/plugins/com.st.stm32cube.ide.mcu.externaltools.gnu-tools-for-stm32.9-2020-q2-update.linux64_2.0.0.202105311346/tools/bin/../lib/gcc/arm-none-eabi/9.3.1/../../../../arm-none-eabi/lib/thumb/v7e-m+fp/hard/libc_nano.a(lib_a-init.o)
                              /home/j/STM32/STM32CubeIDE/IDE/plugins/com.st.stm32cube.ide.mcu.externaltools.gnu-tools-for-stm32.9-2020-q2-update.linux64_2.0.0.202105311346/tools/bin/../lib/gcc/arm-none-eabi/9.3.1/../../../../arm-none-eabi/lib/thumb/v7e-m+fp/hard/crt0.o (__libc_init_array)
/home/j/STM32/STM32CubeIDE/IDE/plugins/com.st.stm32cube.ide.mcu.externaltools.gnu-tools-for-stm32.9-2020-q2-update.linux64_2.0.0.202105311346/tools/bin/../lib/gcc/arm-none-eabi/9.3.1/../../../../arm-none-eabi/lib/thumb/v7e-m+fp/hard/libc_nano.a(lib_a-memcpy-stub.o)
[...]
Memory Configuration

Name             Origin             Length             Attributes
RAM              0x0000000020000000 0x0000000000008000 xrw
FLASH            0x0000000008000000 0x0000000000020000 xr
*default*        0x0000000000000000 0xffffffffffffffff

Linker script and memory map

LOAD /home/j/STM32/STM32CubeIDE/IDE/plugins/com.st.stm32cube.ide.mcu.externaltools.gnu-tools-for-stm32.9-2020-q2-update.linux64_2.0.0.202105311346/tools/bin/../lib/gcc/arm-none-eabi/9.3.1/thumb/v7e-m+fp/hard/crti.o
LOAD /home/j/STM32/STM32CubeIDE/IDE/plugins/com.st.stm32cube.ide.mcu.externaltools.gnu-tools-for-stm32.9-2020-q2-update.linux64_2.0.0.202105311346/tools/bin/../lib/gcc/arm-none-eabi/9.3.1/thumb/v7e-m+fp/hard/crtbegin.o
LOAD /home/j/STM32/STM32CubeIDE/IDE/plugins/com.st.stm32cube.ide.mcu.externaltools.gnu-tools-for-stm32.9-2020-q2-update.linux64_2.0.0.202105311346/tools/bin/../lib/gcc/arm-none-eabi/9.3.1/../../../../arm-none-eabi/lib/thumb/v7e-m+fp/hard/crt0.o
LOAD ./Core/Src/Control_Panel.o
LOAD ./Core/Src/LowPassFilter.o
LOAD ./Core/Src/PID_float.o
LOAD ./Core/Src/adc.o
LOAD ./Core/Src/duration.o
LOAD ./Core/Src/main.o
LOAD ./Core/Src/mainpp.o
LOAD ./Core/Src/stm32g4xx_hal_msp.o
LOAD ./Core/Src/stm32g4xx_it.o
LOAD ./Core/Src/syscalls.o
LOAD ./Core/Src/sysmem.o
LOAD ./Core/Src/system_stm32g4xx.o
LOAD ./Core/Src/time.o
LOAD ./Core/Startup/startup_stm32g431rbtx.o
LOAD ./Drivers/STM32G4xx_HAL_Driver/Src/stm32g4xx_hal.o
LOAD ./Drivers/STM32G4xx_HAL_Driver/Src/stm32g4xx_hal_adc.o
LOAD ./Drivers/STM32G4xx_HAL_Driver/Src/stm32g4xx_hal_adc_ex.o
LOAD ./Drivers/STM32G4xx_HAL_Driver/Src/stm32g4xx_hal_cortex.o
LOAD ./Drivers/STM32G4xx_HAL_Driver/Src/stm32g4xx_hal_dac.o
LOAD ./Drivers/STM32G4xx_HAL_Driver/Src/stm32g4xx_hal_dac_ex.o
LOAD ./Drivers/STM32G4xx_HAL_Driver/Src/stm32g4xx_hal_dma.o
LOAD ./Drivers/STM32G4xx_HAL_Driver/Src/stm32g4xx_hal_dma_ex.o
LOAD ./Drivers/STM32G4xx_HAL_Driver/Src/stm32g4xx_hal_exti.o
LOAD ./Drivers/STM32G4xx_HAL_Driver/Src/stm32g4xx_hal_flash.o
LOAD ./Drivers/STM32G4xx_HAL_Driver/Src/stm32g4xx_hal_flash_ex.o
LOAD ./Drivers/STM32G4xx_HAL_Driver/Src/stm32g4xx_hal_flash_ramfunc.o
LOAD ./Drivers/STM32G4xx_HAL_Driver/Src/stm32g4xx_hal_gpio.o
LOAD ./Drivers/STM32G4xx_HAL_Driver/Src/stm32g4xx_hal_pwr.o
LOAD ./Drivers/STM32G4xx_HAL_Driver/Src/stm32g4xx_hal_pwr_ex.o
LOAD ./Drivers/STM32G4xx_HAL_Driver/Src/stm32g4xx_hal_rcc.o
LOAD ./Drivers/STM32G4xx_HAL_Driver/Src/stm32g4xx_hal_rcc_ex.o
LOAD ./Drivers/STM32G4xx_HAL_Driver/Src/stm32g4xx_hal_tim.o
LOAD ./Drivers/STM32G4xx_HAL_Driver/Src/stm32g4xx_hal_tim_ex.o
LOAD ./Drivers/STM32G4xx_HAL_Driver/Src/stm32g4xx_hal_uart.o
LOAD ./Drivers/STM32G4xx_HAL_Driver/Src/stm32g4xx_hal_uart_ex.o
LOAD ./Drivers/STM32G4xx_HAL_Driver/Src/stm32g4xx_ll_adc.o
START GROUP
LOAD /home/j/STM32/STM32CubeIDE/IDE/plugins/com.st.stm32cube.ide.mcu.externaltools.gnu-tools-for-stm32.9-2020-q2-update.linux64_2.0.0.202105311346/tools/bin/../lib/gcc/arm-none-eabi/9.3.1/../../../../arm-none-eabi/lib/thumb/v7e-m+fp/hard/libstdc++_nano.a
LOAD /home/j/STM32/STM32CubeIDE/IDE/plugins/com.st.stm32cube.ide.mcu.externaltools.gnu-tools-for-stm32.9-2020-q2-update.linux64_2.0.0.202105311346/tools/bin/../lib/gcc/arm-none-eabi/9.3.1/../../../../arm-none-eabi/lib/thumb/v7e-m+fp/hard/libsupc++_nano.a
END GROUP
LOAD /home/j/STM32/STM32CubeIDE/IDE/plugins/com.st.stm32cube.ide.mcu.externaltools.gnu-tools-for-stm32.9-2020-q2-update.linux64_2.0.0.202105311346/tools/bin/../lib/gcc/arm-none-eabi/9.3.1/../../../../arm-none-eabi/lib/thumb/v7e-m+fp/hard/libstdc++_nano.a
LOAD /home/j/STM32/STM32CubeIDE/IDE/plugins/com.st.stm32cube.ide.mcu.externaltools.gnu-tools-for-stm32.9-2020-q2-update.linux64_2.0.0.202105311346/tools/bin/../lib/gcc/arm-none-eabi/9.3.1/../../../../arm-none-eabi/lib/thumb/v7e-m+fp/hard/libm.a
LOAD /home/j/STM32/STM32CubeIDE/IDE/plugins/com.st.stm32cube.ide.mcu.externaltools.gnu-tools-for-stm32.9-2020-q2-update.linux64_2.0.0.202105311346/tools/bin/../lib/gcc/arm-none-eabi/9.3.1/../../../../arm-none-eabi/lib/thumb/v7e-m+fp/hard/libc_nano.a
START GROUP
LOAD /home/j/STM32/STM32CubeIDE/IDE/plugins/com.st.stm32cube.ide.mcu.externaltools.gnu-tools-for-stm32.9-2020-q2-update.linux64_2.0.0.202105311346/tools/bin/../lib/gcc/arm-none-eabi/9.3.1/thumb/v7e-m+fp/hard/libgcc.a
LOAD /home/j/STM32/STM32CubeIDE/IDE/plugins/com.st.stm32cube.ide.mcu.externaltools.gnu-tools-for-stm32.9-2020-q2-update.linux64_2.0.0.202105311346/tools/bin/../lib/gcc/arm-none-eabi/9.3.1/../../../../arm-none-eabi/lib/thumb/v7e-m+fp/hard/libc_nano.a
END GROUP
START GROUP
LOAD /home/j/STM32/STM32CubeIDE/IDE/plugins/com.st.stm32cube.ide.mcu.externaltools.gnu-tools-for-stm32.9-2020-q2-update.linux64_2.0.0.202105311346/tools/bin/../lib/gcc/arm-none-eabi/9.3.1/thumb/v7e-m+fp/hard/libgcc.a
LOAD /home/j/STM32/STM32CubeIDE/IDE/plugins/com.st.stm32cube.ide.mcu.externaltools.gnu-tools-for-stm32.9-2020-q2-update.linux64_2.0.0.202105311346/tools/bin/../lib/gcc/arm-none-eabi/9.3.1/../../../../arm-none-eabi/lib/thumb/v7e-m+fp/hard/libc_nano.a
END GROUP
LOAD /home/j/STM32/STM32CubeIDE/IDE/plugins/com.st.stm32cube.ide.mcu.externaltools.gnu-tools-for-stm32.9-2020-q2-update.linux64_2.0.0.202105311346/tools/bin/../lib/gcc/arm-none-eabi/9.3.1/thumb/v7e-m+fp/hard/crtend.o
LOAD /home/j/STM32/STM32CubeIDE/IDE/plugins/com.st.stm32cube.ide.mcu.externaltools.gnu-tools-for-stm32.9-2020-q2-update.linux64_2.0.0.202105311346/tools/bin/../lib/gcc/arm-none-eabi/9.3.1/thumb/v7e-m+fp/hard/crtn.o
                0x0000000020008000                _estack = (ORIGIN (RAM) + LENGTH (RAM))
                0x0000000000000200                _Min_Heap_Size = 0x200
                0x0000000000000400                _Min_Stack_Size = 0x400

.isr_vector     0x0000000008000000      0x1d8
                0x0000000008000000                . = ALIGN (0x4)
 *(.isr_vector)
 .isr_vector    0x0000000008000000      0x1d8 ./Core/Startup/startup_stm32g431rbtx.o
                0x0000000008000000                g_pfnVectors
                0x00000000080001d8                . = ALIGN (0x4)

.text           0x00000000080001d8     0xa938
                0x00000000080001d8                . = ALIGN (0x4)
 *(.text)
 .text          0x00000000080001d8       0x40 /home/j/STM32/STM32CubeIDE/IDE/plugins/com.st.stm32cube.ide.mcu.externaltools.gnu-tools-for-stm32.9-2020-q2-update.linux64_2.0.0.202105311346/tools/bin/../lib/gcc/arm-none-eabi/9.3.1/thumb/v7e-m+fp/hard/crtbegin.o
 .text          0x0000000008000218       0x10 /home/j/STM32/STM32CubeIDE/IDE/plugins/com.st.stm32cube.ide.mcu.externaltools.gnu-tools-for-stm32.9-2020-q2-update.linux64_2.0.0.202105311346/tools/bin/../lib/gcc/arm-none-eabi/9.3.1/../../../../arm-none-eabi/lib/thumb/v7e-m+fp/hard/libc_nano.a(lib_a-strlen.o)
                0x0000000008000218                strlen
 .text          0x0000000008000228      0x378 /home/j/STM32/STM32CubeIDE/IDE/plugins/com.st.stm32cube.ide.mcu.externaltools.gnu-tools-for-stm32.9-2020-q2-update.linux64_2.0.0.202105311346/tools/bin/../lib/gcc/arm-none-eabi/9.3.1/thumb/v7e-m+fp/hard/libgcc.a(_arm_addsubdf3.o)
                0x0000000008000228                __aeabi_drsub
                0x0000000008000230                __aeabi_dsub
                0x0000000008000230                __subdf3
                0x0000000008000234                __adddf3
                0x0000000008000234                __aeabi_dadd
                0x00000000080004ac                __aeabi_ui2d
                0x00000000080004ac                __floatunsidf
                0x00000000080004cc                __floatsidf
                0x00000000080004cc                __aeabi_i2d
                0x00000000080004f0                __extendsfdf2
                0x00000000080004f0                __aeabi_f2d
                0x0000000008000534                __aeabi_ul2d
                0x0000000008000534                __floatundidf
                0x0000000008000544                __floatdidf
                0x0000000008000544                __aeabi_l2d
 .text          0x00000000080005a0      0x424 /home/j/STM32/STM32CubeIDE/IDE/plugins/com.st.stm32cube.ide.mcu.externaltools.gnu-tools-for-stm32.9-2020-q2-update.linux64_2.0.0.202105311346/tools/bin/../lib/gcc/arm-none-eabi/9.3.1/thumb/v7e-m+fp/hard/libgcc.a(_arm_muldivdf3.o)
                0x00000000080005a0                __aeabi_dmul
                0x00000000080005a0                __muldf3
                0x00000000080007f4                __aeabi_ddiv
                0x00000000080007f4                __divdf3
 .text          0x00000000080009c4       0xa0 /home/j/STM32/STM32CubeIDE/IDE/plugins/com.st.stm32cube.ide.mcu.externaltools.gnu-tools-for-stm32.9-2020-q2-update.linux64_2.0.0.202105311346/tools/bin/../lib/gcc/arm-none-eabi/9.3.1/thumb/v7e-m+fp/hard/libgcc.a(_arm_truncdfsf2.o)
                0x00000000080009c4                __aeabi_d2f
                0x00000000080009c4                __truncdfsf2
 .text          0x0000000008000a64       0x30 /home/j/STM32/STM32CubeIDE/IDE/plugins/com.st.stm32cube.ide.mcu.externaltools.gnu-tools-for-stm32.9-2020-q2-update.linux64_2.0.0.202105311346/tools/bin/../lib/gcc/arm-none-eabi/9.3.1/thumb/v7e-m+fp/hard/libgcc.a(_aeabi_uldivmod.o)
                0x0000000008000a64                __aeabi_uldivmod
 .text          0x0000000008000a94      0x2c4 /home/j/STM32/STM32CubeIDE/IDE/plugins/com.st.stm32cube.ide.mcu.externaltools.gnu-tools-for-stm32.9-2020-q2-update.linux64_2.0.0.202105311346/tools/bin/../lib/gcc/arm-none-eabi/9.3.1/thumb/v7e-m+fp/hard/libgcc.a(_udivmoddi4.o)
                0x0000000008000a94                __udivmoddi4
 .text          0x0000000008000d58        0x4 /home/j/STM32/STM32CubeIDE/IDE/plugins/com.st.stm32cube.ide.mcu.externaltools.gnu-tools-for-stm32.9-2020-q2-update.linux64_2.0.0.202105311346/tools/bin/../lib/gcc/arm-none-eabi/9.3.1/thumb/v7e-m+fp/hard/libgcc.a(_dvmd_tls.o)
                0x0000000008000d58                __aeabi_ldiv0
                0x0000000008000d58                __aeabi_idiv0
 *(.text*)
 .text.Control_Panel
                0x0000000008000d5c      0x2d4 ./Core/Src/Control_Panel.o
                0x0000000008000d5c                Control_Panel
 .text.Control_Panel_Struct_init
                0x0000000008001030       0x5c ./Core/Src/Control_Panel.o
                0x0000000008001030                Control_Panel_Struct_init
 .text.Current_Ramp
                0x000000000800108c       0x70 ./Core/Src/Control_Panel.o
                0x000000000800108c                Current_Ramp
 *fill*         0x00000000080010fc        0x4 
 .text.init_filter
                0x0000000008001100      0x188 ./Core/Src/LowPassFilter.o
                0x0000000008001100                init_filter
 .text.filter_run
                0x0000000008001288       0x76 ./Core/Src/LowPassFilter.o
                0x0000000008001288                filter_run
 .text.PIDfloat
                0x00000000080012fe       0xec ./Core/Src/PID_float.o
                0x00000000080012fe                PIDfloat
 .text.InitPI_BC
                0x00000000080013ea       0x54 ./Core/Src/PID_float.o
                0x00000000080013ea                InitPI_BC
 *fill*         0x000000000800143e        0x2 
 .text.read_ADC
                0x0000000008001440      0x160 ./Core/Src/adc.o
                0x0000000008001440                read_ADC
 .text.AdcStruct_init
                0x00000000080015a0       0x24 ./Core/Src/adc.o
                0x00000000080015a0                AdcStruct_init
 .text.main     0x00000000080015c4      0x104 ./Core/Src/main.o
                0x00000000080015c4                main
 .text.SystemClock_Config
                0x00000000080016c8       0xd4 ./Core/Src/main.o
                0x00000000080016c8                SystemClock_Config
 .text.MX_ADC1_Init
                0x000000000800179c       0xf8 ./Core/Src/main.o
 .text.MX_ADC2_Init
                0x0000000008001894       0xc0 ./Core/Src/main.o
 .text.MX_DAC1_Init
                0x0000000008001954       0x8c ./Core/Src/main.o
 .text.MX_TIM1_Init
                0x00000000080019e0      0x128 ./Core/Src/main.o
 .text.MX_TIM2_Init
                0x0000000008001b08       0xd0 ./Core/Src/main.o
 .text.MX_USART2_UART_Init
                0x0000000008001bd8       0x98 ./Core/Src/main.o
 .text.MX_DMA_Init
                0x0000000008001c70       0x64 ./Core/Src/main.o
 .text.MX_GPIO_Init
                0x0000000008001cd4       0xd4 ./Core/Src/main.o
 .text.HAL_GPIO_EXTI_Callback
                0x0000000008001da8       0x24 ./Core/Src/main.o
                0x0000000008001da8                HAL_GPIO_EXTI_Callback
 .text.Error_Handler
                0x0000000008001dcc        0xe ./Core/Src/main.o
                0x0000000008001dcc                Error_Handler
 .text._ZN3ros4TimeC2Ev
                0x0000000008001dda       0x22 ./Core/Src/mainpp.o
                0x0000000008001dda                ros::Time::Time()
                0x0000000008001dda                ros::Time::Time()
 .text._ZN3ros3MsgC2Ev
                0x0000000008001dfc       0x20 ./Core/Src/mainpp.o
                0x0000000008001dfc                ros::Msg::Msg()
                0x0000000008001dfc                ros::Msg::Msg()
 .text._ZN8std_msgs4TimeC2Ev
                0x0000000008001e1c       0x30 ./Core/Src/mainpp.o
                0x0000000008001e1c                std_msgs::Time::Time()
                0x0000000008001e1c                std_msgs::Time::Time()
 .text._ZNK8std_msgs4Time9serializeEPh
                0x0000000008001e4c       0xb0 ./Core/Src/mainpp.o
                0x0000000008001e4c                std_msgs::Time::serialize(unsigned char*) const
 .text._ZN8std_msgs4Time11deserializeEPh
                0x0000000008001efc       0xc8 ./Core/Src/mainpp.o
                0x0000000008001efc                std_msgs::Time::deserialize(unsigned char*)
 .text._ZN8std_msgs4Time7getTypeEv
                0x0000000008001fc4       0x1c ./Core/Src/mainpp.o
                0x0000000008001fc4                std_msgs::Time::getType()
 .text._ZN8std_msgs4Time6getMD5Ev
                0x0000000008001fe0       0x1c ./Core/Src/mainpp.o
                0x0000000008001fe0                std_msgs::Time::getMD5()
 .text._ZN14rosserial_msgs9TopicInfoC2Ev
                0x0000000008001ffc       0x48 ./Core/Src/mainpp.o
                0x0000000008001ffc                rosserial_msgs::TopicInfo::TopicInfo()
                0x0000000008001ffc                rosserial_msgs::TopicInfo::TopicInfo()
 .text._ZNK14rosserial_msgs9TopicInfo9serializeEPh
                0x0000000008002044      0x136 ./Core/Src/mainpp.o
                0x0000000008002044                rosserial_msgs::TopicInfo::serialize(unsigned char*) const
 .text._ZN14rosserial_msgs9TopicInfo11deserializeEPh
                0x000000000800217a      0x1d0 ./Core/Src/mainpp.o
                0x000000000800217a                rosserial_msgs::TopicInfo::deserialize(unsigned char*)
 *fill*         0x000000000800234a        0x2 
 .text._ZN14rosserial_msgs9TopicInfo7getTypeEv
                0x000000000800234c       0x1c ./Core/Src/mainpp.o
                0x000000000800234c                rosserial_msgs::TopicInfo::getType()
 .text._ZN14rosserial_msgs9TopicInfo6getMD5Ev
                0x0000000008002368       0x1c ./Core/Src/mainpp.o
                0x0000000008002368                rosserial_msgs::TopicInfo::getMD5()
 .text._ZN14rosserial_msgs3LogC2Ev
                0x0000000008002384       0x34 ./Core/Src/mainpp.o
                0x0000000008002384                rosserial_msgs::Log::Log()
                0x0000000008002384                rosserial_msgs::Log::Log()
 .text._ZNK14rosserial_msgs3Log9serializeEPh
                0x00000000080023b8       0x64 ./Core/Src/mainpp.o
                0x00000000080023b8                rosserial_msgs::Log::serialize(unsigned char*) const
 .text._ZN14rosserial_msgs3Log11deserializeEPh
                0x000000000800241c       0x90 ./Core/Src/mainpp.o
                0x000000000800241c                rosserial_msgs::Log::deserialize(unsigned char*)
 .text._ZN14rosserial_msgs3Log7getTypeEv
                0x00000000080024ac       0x1c ./Core/Src/mainpp.o
                0x00000000080024ac                rosserial_msgs::Log::getType()
 .text._ZN14rosserial_msgs3Log6getMD5Ev
                0x00000000080024c8       0x1c ./Core/Src/mainpp.o
                0x00000000080024c8                rosserial_msgs::Log::getMD5()
 .text._ZN14rosserial_msgs20RequestParamResponseC2Ev
                0x00000000080024e4       0x48 ./Core/Src/mainpp.o
                0x00000000080024e4                rosserial_msgs::RequestParamResponse::RequestParamResponse()
                0x00000000080024e4                rosserial_msgs::RequestParamResponse::RequestParamResponse()
 .text._ZNK14rosserial_msgs20RequestParamResponse9serializeEPh
                0x000000000800252c      0x222 ./Core/Src/mainpp.o
                0x000000000800252c                rosserial_msgs::RequestParamResponse::serialize(unsigned char*) const
 .text._ZN14rosserial_msgs20RequestParamResponse11deserializeEPh
                0x000000000800274e      0x2e2 ./Core/Src/mainpp.o
                0x000000000800274e                rosserial_msgs::RequestParamResponse::deserialize(unsigned char*)
 .text._ZN14rosserial_msgs20RequestParamResponse7getTypeEv
                0x0000000008002a30       0x1c ./Core/Src/mainpp.o
                0x0000000008002a30                rosserial_msgs::RequestParamResponse::getType()
 .text._ZN14rosserial_msgs20RequestParamResponse6getMD5Ev
                0x0000000008002a4c       0x1c ./Core/Src/mainpp.o
                0x0000000008002a4c                rosserial_msgs::RequestParamResponse::getMD5()
 .text._ZN3ros9PublisherC2EPKcPNS_3MsgEi
                0x0000000008002a68       0x2e ./Core/Src/mainpp.o
                0x0000000008002a68                ros::Publisher::Publisher(char const*, ros::Msg*, int)
                0x0000000008002a68                ros::Publisher::Publisher(char const*, ros::Msg*, int)
 .text._ZN3ros9Publisher7publishEPKNS_3MsgE
                0x0000000008002a96       0x28 ./Core/Src/mainpp.o
                0x0000000008002a96                ros::Publisher::publish(ros::Msg const*)
 .text._ZN3ros9Publisher15getEndpointTypeEv
                0x0000000008002abe       0x18 ./Core/Src/mainpp.o
                0x0000000008002abe                ros::Publisher::getEndpointType()
 .text._ZN13STM32Hardware10getRdmaIndEv
                0x0000000008002ad6       0x26 ./Core/Src/mainpp.o
                0x0000000008002ad6                STM32Hardware::getRdmaInd()
 .text._ZN13STM32HardwareC2Ev
                0x0000000008002afc       0x38 ./Core/Src/mainpp.o
                0x0000000008002afc                STM32Hardware::STM32Hardware()
                0x0000000008002afc                STM32Hardware::STM32Hardware()
 .text._ZN13STM32Hardware4initEv
                0x0000000008002b34       0x16 ./Core/Src/mainpp.o
                0x0000000008002b34                STM32Hardware::init()
 .text._ZN13STM32Hardware10reset_rbufEv
                0x0000000008002b4a       0x22 ./Core/Src/mainpp.o
                0x0000000008002b4a                STM32Hardware::reset_rbuf()
 .text._ZN13STM32Hardware4readEv
                0x0000000008002b6c       0x5a ./Core/Src/mainpp.o
                0x0000000008002b6c                STM32Hardware::read()
 *fill*         0x0000000008002bc6        0x2 
 .text._ZN13STM32Hardware5flushEv
                0x0000000008002bc8       0xb8 ./Core/Src/mainpp.o
                0x0000000008002bc8                STM32Hardware::flush()
 .text._ZN13STM32Hardware5writeEPhi
                0x0000000008002c80       0x8c ./Core/Src/mainpp.o
                0x0000000008002c80                STM32Hardware::write(unsigned char*, int)
 .text._ZN13STM32Hardware4timeEv
                0x0000000008002d0c       0x16 ./Core/Src/mainpp.o
                0x0000000008002d0c                STM32Hardware::time()
 *fill*         0x0000000008002d22        0x2 
 .text._ZN8std_msgs5Int16C2Ev
                0x0000000008002d24       0x2c ./Core/Src/mainpp.o
                0x0000000008002d24                std_msgs::Int16::Int16()
                0x0000000008002d24                std_msgs::Int16::Int16()
 .text._ZNK8std_msgs5Int169serializeEPh
                0x0000000008002d50       0x48 ./Core/Src/mainpp.o
                0x0000000008002d50                std_msgs::Int16::serialize(unsigned char*) const
 .text._ZN8std_msgs5Int1611deserializeEPh
                0x0000000008002d98       0x5a ./Core/Src/mainpp.o
                0x0000000008002d98                std_msgs::Int16::deserialize(unsigned char*)
 *fill*         0x0000000008002df2        0x2 
 .text._ZN8std_msgs5Int167getTypeEv
                0x0000000008002df4       0x1c ./Core/Src/mainpp.o
                0x0000000008002df4                std_msgs::Int16::getType()
 .text._ZN8std_msgs5Int166getMD5Ev
                0x0000000008002e10       0x1c ./Core/Src/mainpp.o
                0x0000000008002e10                std_msgs::Int16::getMD5()
 .text._ZN11coorsa_rfsm14SetpointUpdateC2Ev
                0x0000000008002e2c       0x34 ./Core/Src/mainpp.o
                0x0000000008002e2c                coorsa_rfsm::SetpointUpdate::SetpointUpdate()
                0x0000000008002e2c                coorsa_rfsm::SetpointUpdate::SetpointUpdate()
 .text._ZNK11coorsa_rfsm14SetpointUpdate9serializeEPh
                0x0000000008002e60       0x7c ./Core/Src/mainpp.o
                0x0000000008002e60                coorsa_rfsm::SetpointUpdate::serialize(unsigned char*) const
 .text._ZN11coorsa_rfsm14SetpointUpdate11deserializeEPh
                0x0000000008002edc       0x92 ./Core/Src/mainpp.o
                0x0000000008002edc                coorsa_rfsm::SetpointUpdate::deserialize(unsigned char*)
 *fill*         0x0000000008002f6e        0x2 
 .text._ZN11coorsa_rfsm14SetpointUpdate7getTypeEv
                0x0000000008002f70       0x1c ./Core/Src/mainpp.o
                0x0000000008002f70                coorsa_rfsm::SetpointUpdate::getType()
 .text._ZN11coorsa_rfsm14SetpointUpdate6getMD5Ev
                0x0000000008002f8c       0x1c ./Core/Src/mainpp.o
                0x0000000008002f8c                coorsa_rfsm::SetpointUpdate::getMD5()
 .text.loop     0x0000000008002fa8       0x14 ./Core/Src/mainpp.o
                0x0000000008002fa8                loop
 .text.setup    0x0000000008002fbc       0x4c ./Core/Src/mainpp.o
                0x0000000008002fbc                setup
 .text.sendMess
                0x0000000008003008       0x34 ./Core/Src/mainpp.o
                0x0000000008003008                sendMess
 .text._Z21SetpointUpdateHandlerRKN11coorsa_rfsm14SetpointUpdateE
                0x000000000800303c       0x7c ./Core/Src/mainpp.o
                0x000000000800303c                SetpointUpdateHandler(coorsa_rfsm::SetpointUpdate const&)
 .text._Z11cmdCallbackRKN8std_msgs5Int16E
                0x00000000080030b8       0x30 ./Core/Src/mainpp.o
                0x00000000080030b8                cmdCallback(std_msgs::Int16 const&)
 .text._ZN3ros3Msg8varToArrIPhmEEvT_T0_
                0x00000000080030e8       0x3c ./Core/Src/mainpp.o
                0x00000000080030e8                void ros::Msg::varToArr<unsigned char*, unsigned long>(unsigned char*, unsigned long)
 .text._ZN3ros3Msg8arrToVarImPhEEvRT_T0_
                0x0000000008003124       0x4a ./Core/Src/mainpp.o
                0x0000000008003124                void ros::Msg::arrToVar<unsigned long, unsigned char*>(unsigned long&, unsigned char*)
 *fill*         0x000000000800316e        0x2 
 .text._ZN3ros15NodeHandleBase_C2Ev
                0x0000000008003170       0x20 ./Core/Src/mainpp.o
                0x0000000008003170                ros::NodeHandleBase_::NodeHandleBase_()
                0x0000000008003170                ros::NodeHandleBase_::NodeHandleBase_()
 .text._ZN3ros11NodeHandle_I13STM32HardwareLi25ELi25ELi512ELi512EEC2Ev
                0x0000000008003190      0x100 ./Core/Src/mainpp.o
                0x0000000008003190                ros::NodeHandle_<STM32Hardware, 25, 25, 512, 512>::NodeHandle_()
                0x0000000008003190                ros::NodeHandle_<STM32Hardware, 25, 25, 512, 512>::NodeHandle_()
 .text._ZN3ros11Subscriber_C2Ev
                0x0000000008003290       0x20 ./Core/Src/mainpp.o
                0x0000000008003290                ros::Subscriber_::Subscriber_()
                0x0000000008003290                ros::Subscriber_::Subscriber_()
 .text._ZN3ros10SubscriberIN8std_msgs5Int16EvEC2EPKcPFvRKS2_Ei
                0x00000000080032b0       0x48 ./Core/Src/mainpp.o
                0x00000000080032b0                ros::Subscriber<std_msgs::Int16, void>::Subscriber(char const*, void (*)(std_msgs::Int16 const&), int)
                0x00000000080032b0                ros::Subscriber<std_msgs::Int16, void>::Subscriber(char const*, void (*)(std_msgs::Int16 const&), int)
 .text._ZN3ros10SubscriberIN11coorsa_rfsm14SetpointUpdateEvEC2EPKcPFvRKS2_Ei
                0x00000000080032f8       0x48 ./Core/Src/mainpp.o
                0x00000000080032f8                ros::Subscriber<coorsa_rfsm::SetpointUpdate, void>::Subscriber(char const*, void (*)(coorsa_rfsm::SetpointUpdate const&), int)
                0x00000000080032f8                ros::Subscriber<coorsa_rfsm::SetpointUpdate, void>::Subscriber(char const*, void (*)(coorsa_rfsm::SetpointUpdate const&), int)
 .text._ZN3ros11NodeHandle_I13STM32HardwareLi25ELi25ELi512ELi512EE8spinOnceEv
                0x0000000008003340      0x3b2 ./Core/Src/mainpp.o
                0x0000000008003340                ros::NodeHandle_<STM32Hardware, 25, 25, 512, 512>::spinOnce()
 .text._ZN3ros11NodeHandle_I13STM32HardwareLi25ELi25ELi512ELi512EE8initNodeEv
                0x00000000080036f2       0x3a ./Core/Src/mainpp.o
                0x00000000080036f2                ros::NodeHandle_<STM32Hardware, 25, 25, 512, 512>::initNode()
 .text._ZN3ros11NodeHandle_I13STM32HardwareLi25ELi25ELi512ELi512EE9advertiseERNS_9PublisherE
                0x000000000800372c       0x60 ./Core/Src/mainpp.o
                0x000000000800372c                ros::NodeHandle_<STM32Hardware, 25, 25, 512, 512>::advertise(ros::Publisher&)
 .text._ZN3ros11NodeHandle_I13STM32HardwareLi25ELi25ELi512ELi512EE9subscribeINS_10SubscriberIN8std_msgs5Int16EvEEEEbRT_
                0x000000000800378c       0x56 ./Core/Src/mainpp.o
                0x000000000800378c                bool ros::NodeHandle_<STM32Hardware, 25, 25, 512, 512>::subscribe<ros::Subscriber<std_msgs::Int16, void> >(ros::Subscriber<std_msgs::Int16, void>&)
 .text._ZN3ros11NodeHandle_I13STM32HardwareLi25ELi25ELi512ELi512EE9subscribeINS_10SubscriberIN11coorsa_rfsm14SetpointUpdateEvEEEEbRT_
                0x00000000080037e2       0x56 ./Core/Src/mainpp.o
                0x00000000080037e2                bool ros::NodeHandle_<STM32Hardware, 25, 25, 512, 512>::subscribe<ros::Subscriber<coorsa_rfsm::SetpointUpdate, void> >(ros::Subscriber<coorsa_rfsm::SetpointUpdate, void>&)
 .text._ZN3ros11NodeHandle_I13STM32HardwareLi25ELi25ELi512ELi512EE15requestSyncTimeEv
                0x0000000008003838       0x3c ./Core/Src/mainpp.o
                0x0000000008003838                ros::NodeHandle_<STM32Hardware, 25, 25, 512, 512>::requestSyncTime()
 .text._ZN3ros11NodeHandle_I13STM32HardwareLi25ELi25ELi512ELi512EE15negotiateTopicsEv
                0x0000000008003874      0x1be ./Core/Src/mainpp.o
                0x0000000008003874                ros::NodeHandle_<STM32Hardware, 25, 25, 512, 512>::negotiateTopics()
 *fill*         0x0000000008003a32        0x2 
 .text._ZN3ros11NodeHandle_I13STM32HardwareLi25ELi25ELi512ELi512EE8syncTimeEPh
                0x0000000008003a34       0x98 ./Core/Src/mainpp.o
                0x0000000008003a34                ros::NodeHandle_<STM32Hardware, 25, 25, 512, 512>::syncTime(unsigned char*)
 .text._ZN3ros11NodeHandle_I13STM32HardwareLi25ELi25ELi512ELi512EE7publishEiPKNS_3MsgE
                0x0000000008003acc      0x124 ./Core/Src/mainpp.o
                0x0000000008003acc                ros::NodeHandle_<STM32Hardware, 25, 25, 512, 512>::publish(int, ros::Msg const*)
 .text._ZN3ros11NodeHandle_I13STM32HardwareLi25ELi25ELi512ELi512EE6setNowERNS_4TimeE
                0x0000000008003bf0       0x80 ./Core/Src/mainpp.o
                0x0000000008003bf0                ros::NodeHandle_<STM32Hardware, 25, 25, 512, 512>::setNow(ros::Time&)
 .text._ZN3ros11NodeHandle_I13STM32HardwareLi25ELi25ELi512ELi512EE8logerrorEPKc
                0x0000000008003c70       0x1c ./Core/Src/mainpp.o
                0x0000000008003c70                ros::NodeHandle_<STM32Hardware, 25, 25, 512, 512>::logerror(char const*)
 .text._ZN3ros11NodeHandle_I13STM32HardwareLi25ELi25ELi512ELi512EE3logEcPKc
                0x0000000008003c8c       0x38 ./Core/Src/mainpp.o
                0x0000000008003c8c                ros::NodeHandle_<STM32Hardware, 25, 25, 512, 512>::log(char, char const*)
 .text._Z41__static_initialization_and_destruction_0ii
                0x0000000008003cc4       0x84 ./Core/Src/mainpp.o
 .text._ZN3ros10SubscriberIN11coorsa_rfsm14SetpointUpdateEvE8callbackEPh
                0x0000000008003d48       0x2a ./Core/Src/mainpp.o
                0x0000000008003d48                ros::Subscriber<coorsa_rfsm::SetpointUpdate, void>::callback(unsigned char*)
 .text._ZN3ros10SubscriberIN11coorsa_rfsm14SetpointUpdateEvE15getEndpointTypeEv
                0x0000000008003d72       0x18 ./Core/Src/mainpp.o
                0x0000000008003d72                ros::Subscriber<coorsa_rfsm::SetpointUpdate, void>::getEndpointType()
 .text._ZN3ros10SubscriberIN11coorsa_rfsm14SetpointUpdateEvE10getMsgTypeEv
                0x0000000008003d8a       0x1c ./Core/Src/mainpp.o
                0x0000000008003d8a                ros::Subscriber<coorsa_rfsm::SetpointUpdate, void>::getMsgType()
 .text._ZN3ros10SubscriberIN11coorsa_rfsm14SetpointUpdateEvE9getMsgMD5Ev
                0x0000000008003da6       0x1c ./Core/Src/mainpp.o
                0x0000000008003da6                ros::Subscriber<coorsa_rfsm::SetpointUpdate, void>::getMsgMD5()
 .text._ZN3ros10SubscriberIN8std_msgs5Int16EvE8callbackEPh
                0x0000000008003dc2       0x2a ./Core/Src/mainpp.o
                0x0000000008003dc2                ros::Subscriber<std_msgs::Int16, void>::callback(unsigned char*)
 .text._ZN3ros10SubscriberIN8std_msgs5Int16EvE15getEndpointTypeEv
                0x0000000008003dec       0x18 ./Core/Src/mainpp.o
                0x0000000008003dec                ros::Subscriber<std_msgs::Int16, void>::getEndpointType()
 .text._ZN3ros10SubscriberIN8std_msgs5Int16EvE10getMsgTypeEv
                0x0000000008003e04       0x1c ./Core/Src/mainpp.o
                0x0000000008003e04                ros::Subscriber<std_msgs::Int16, void>::getMsgType()
 .text._ZN3ros10SubscriberIN8std_msgs5Int16EvE9getMsgMD5Ev
                0x0000000008003e20       0x1c ./Core/Src/mainpp.o
                0x0000000008003e20                ros::Subscriber<std_msgs::Int16, void>::getMsgMD5()
 .text._ZN3ros11NodeHandle_I13STM32HardwareLi25ELi25ELi512ELi512EE9connectedEv
                0x0000000008003e3c       0x1a ./Core/Src/mainpp.o
                0x0000000008003e3c                ros::NodeHandle_<STM32Hardware, 25, 25, 512, 512>::connected()
 .text._GLOBAL__sub_I_Mess
                0x0000000008003e56       0x10 ./Core/Src/mainpp.o
 *fill*         0x0000000008003e66        0x2 
 .text.HAL_MspInit
                0x0000000008003e68       0x48 ./Core/Src/stm32g4xx_hal_msp.o
                0x0000000008003e68                HAL_MspInit
 .text.HAL_ADC_MspInit
                0x0000000008003eb0       0xfc ./Core/Src/stm32g4xx_hal_msp.o
                0x0000000008003eb0                HAL_ADC_MspInit
 .text.HAL_DAC_MspInit
                0x0000000008003fac       0x7c ./Core/Src/stm32g4xx_hal_msp.o
                0x0000000008003fac                HAL_DAC_MspInit
 .text.HAL_TIM_PWM_MspInit
                0x0000000008004028       0x70 ./Core/Src/stm32g4xx_hal_msp.o
                0x0000000008004028                HAL_TIM_PWM_MspInit
 .text.HAL_TIM_MspPostInit
                0x0000000008004098       0xf4 ./Core/Src/stm32g4xx_hal_msp.o
                0x0000000008004098                HAL_TIM_MspPostInit
 .text.HAL_UART_MspInit
                0x000000000800418c      0x150 ./Core/Src/stm32g4xx_hal_msp.o
                0x000000000800418c                HAL_UART_MspInit
 .text.NMI_Handler
                0x00000000080042dc        0xe ./Core/Src/stm32g4xx_it.o
                0x00000000080042dc                NMI_Handler
 .text.HardFault_Handler
                0x00000000080042ea        0x6 ./Core/Src/stm32g4xx_it.o
                0x00000000080042ea                HardFault_Handler
 .text.MemManage_Handler
                0x00000000080042f0        0x6 ./Core/Src/stm32g4xx_it.o
                0x00000000080042f0                MemManage_Handler
 .text.BusFault_Handler
                0x00000000080042f6        0x6 ./Core/Src/stm32g4xx_it.o
                0x00000000080042f6                BusFault_Handler
 .text.UsageFault_Handler
                0x00000000080042fc        0x6 ./Core/Src/stm32g4xx_it.o
                0x00000000080042fc                UsageFault_Handler
 .text.SVC_Handler
                0x0000000008004302        0xe ./Core/Src/stm32g4xx_it.o
                0x0000000008004302                SVC_Handler
 .text.DebugMon_Handler
                0x0000000008004310        0xe ./Core/Src/stm32g4xx_it.o
                0x0000000008004310                DebugMon_Handler
 .text.PendSV_Handler
                0x000000000800431e        0xe ./Core/Src/stm32g4xx_it.o
                0x000000000800431e                PendSV_Handler
 .text.SysTick_Handler
                0x000000000800432c        0xc ./Core/Src/stm32g4xx_it.o
                0x000000000800432c                SysTick_Handler
 .text.DMA1_Channel1_IRQHandler
                0x0000000008004338       0x14 ./Core/Src/stm32g4xx_it.o
                0x0000000008004338                DMA1_Channel1_IRQHandler
 .text.DMA1_Channel2_IRQHandler
                0x000000000800434c       0x14 ./Core/Src/stm32g4xx_it.o
                0x000000000800434c                DMA1_Channel2_IRQHandler
 .text.TIM1_UP_TIM16_IRQHandler
                0x0000000008004360      0x3e4 ./Core/Src/stm32g4xx_it.o
                0x0000000008004360                TIM1_UP_TIM16_IRQHandler
 .text.USART2_IRQHandler
                0x0000000008004744       0x14 ./Core/Src/stm32g4xx_it.o
                0x0000000008004744                USART2_IRQHandler
 .text.EXTI15_10_IRQHandler
                0x0000000008004758       0x10 ./Core/Src/stm32g4xx_it.o
                0x0000000008004758                EXTI15_10_IRQHandler
 .text.InitSystem
                0x0000000008004768      0x140 ./Core/Src/stm32g4xx_it.o
                0x0000000008004768                InitSystem
 .text._getpid  0x00000000080048a8       0x10 ./Core/Src/syscalls.o
                0x00000000080048a8                _getpid
 .text._kill    0x00000000080048b8       0x20 ./Core/Src/syscalls.o
                0x00000000080048b8                _kill
 .text._exit    0x00000000080048d8       0x14 ./Core/Src/syscalls.o
                0x00000000080048d8                _exit
 .text._sbrk    0x00000000080048ec       0x6c ./Core/Src/sysmem.o
                0x00000000080048ec                _sbrk
 .text.SystemInit
                0x0000000008004958       0x2c ./Core/Src/system_stm32g4xx.o
                0x0000000008004958                SystemInit
 .text._ZN3ros16normalizeSecNSecERmS0_
                0x0000000008004984       0x58 ./Core/Src/time.o
                0x0000000008004984                ros::normalizeSecNSec(unsigned long&, unsigned long&)
 .text.Reset_Handler
                0x00000000080049dc       0x50 ./Core/Startup/startup_stm32g431rbtx.o
                0x00000000080049dc                Reset_Handler
 .text.Default_Handler
                0x0000000008004a2c        0x2 ./Core/Startup/startup_stm32g431rbtx.o
                0x0000000008004a2c                RTC_Alarm_IRQHandler
                0x0000000008004a2c                EXTI2_IRQHandler
                0x0000000008004a2c                TIM8_TRG_COM_IRQHandler
                0x0000000008004a2c                TIM8_CC_IRQHandler
                0x0000000008004a2c                TIM1_CC_IRQHandler
                0x0000000008004a2c                USB_HP_IRQHandler
                0x0000000008004a2c                CORDIC_IRQHandler
                0x0000000008004a2c                EXTI3_IRQHandler
                0x0000000008004a2c                I2C3_ER_IRQHandler
                0x0000000008004a2c                EXTI0_IRQHandler
                0x0000000008004a2c                I2C2_EV_IRQHandler
                0x0000000008004a2c                FPU_IRQHandler
                0x0000000008004a2c                FDCAN1_IT1_IRQHandler
                0x0000000008004a2c                ADC1_2_IRQHandler
                0x0000000008004a2c                SPI1_IRQHandler
                0x0000000008004a2c                TIM6_DAC_IRQHandler
                0x0000000008004a2c                TIM8_UP_IRQHandler
                0x0000000008004a2c                DMA2_Channel2_IRQHandler
                0x0000000008004a2c                DMA1_Channel4_IRQHandler
                0x0000000008004a2c                USART3_IRQHandler
                0x0000000008004a2c                TIM4_IRQHandler
                0x0000000008004a2c                DMA2_Channel1_IRQHandler
                0x0000000008004a2c                I2C1_EV_IRQHandler
                0x0000000008004a2c                DMA1_Channel6_IRQHandler
                0x0000000008004a2c                UART4_IRQHandler
                0x0000000008004a2c                DMA2_Channel4_IRQHandler
                0x0000000008004a2c                TIM3_IRQHandler
                0x0000000008004a2c                RCC_IRQHandler
                0x0000000008004a2c                Default_Handler
                0x0000000008004a2c                RTC_TAMP_LSECSS_IRQHandler
                0x0000000008004a2c                FMAC_IRQHandler
                0x0000000008004a2c                TIM7_IRQHandler
                0x0000000008004a2c                UCPD1_IRQHandler
                0x0000000008004a2c                I2C3_EV_IRQHandler
                0x0000000008004a2c                EXTI9_5_IRQHandler
                0x0000000008004a2c                RTC_WKUP_IRQHandler
                0x0000000008004a2c                PVD_PVM_IRQHandler
                0x0000000008004a2c                SPI2_IRQHandler
                0x0000000008004a2c                DMA2_Channel5_IRQHandler
                0x0000000008004a2c                CRS_IRQHandler
                0x0000000008004a2c                DMA1_Channel5_IRQHandler
                0x0000000008004a2c                USB_LP_IRQHandler
                0x0000000008004a2c                EXTI4_IRQHandler
                0x0000000008004a2c                RNG_IRQHandler
                0x0000000008004a2c                TIM1_TRG_COM_TIM17_IRQHandler
                0x0000000008004a2c                DMA1_Channel3_IRQHandler
                0x0000000008004a2c                WWDG_IRQHandler
                0x0000000008004a2c                LPUART1_IRQHandler
                0x0000000008004a2c                DMA2_Channel6_IRQHandler
                0x0000000008004a2c                FDCAN1_IT0_IRQHandler
                0x0000000008004a2c                TIM2_IRQHandler
                0x0000000008004a2c                COMP1_2_3_IRQHandler
                0x0000000008004a2c                EXTI1_IRQHandler
                0x0000000008004a2c                I2C2_ER_IRQHandler
                0x0000000008004a2c                TIM8_BRK_IRQHandler
                0x0000000008004a2c                FLASH_IRQHandler
                0x0000000008004a2c                USART1_IRQHandler
                0x0000000008004a2c                SPI3_IRQHandler
                0x0000000008004a2c                I2C1_ER_IRQHandler
                0x0000000008004a2c                LPTIM1_IRQHandler
                0x0000000008004a2c                DMAMUX_OVR_IRQHandler
                0x0000000008004a2c                USBWakeUp_IRQHandler
                0x0000000008004a2c                SAI1_IRQHandler
                0x0000000008004a2c                DMA2_Channel3_IRQHandler
                0x0000000008004a2c                COMP4_IRQHandler
                0x0000000008004a2c                TIM1_BRK_TIM15_IRQHandler
 .text.HAL_Init
                0x0000000008004a2e       0x30 ./Drivers/STM32G4xx_HAL_Driver/Src/stm32g4xx_hal.o
                0x0000000008004a2e                HAL_Init
 *fill*         0x0000000008004a5e        0x2 
 .text.HAL_InitTick
                0x0000000008004a60       0x74 ./Drivers/STM32G4xx_HAL_Driver/Src/stm32g4xx_hal.o
                0x0000000008004a60                HAL_InitTick
 .text.HAL_IncTick
                0x0000000008004ad4       0x24 ./Drivers/STM32G4xx_HAL_Driver/Src/stm32g4xx_hal.o
                0x0000000008004ad4                HAL_IncTick
 .text.HAL_GetTick
                0x0000000008004af8       0x18 ./Drivers/STM32G4xx_HAL_Driver/Src/stm32g4xx_hal.o
                0x0000000008004af8                HAL_GetTick
 .text.HAL_Delay
                0x0000000008004b10       0x44 ./Drivers/STM32G4xx_HAL_Driver/Src/stm32g4xx_hal.o
                0x0000000008004b10                HAL_Delay
 .text.LL_ADC_SetCommonClock
                0x0000000008004b54       0x26 ./Drivers/STM32G4xx_HAL_Driver/Src/stm32g4xx_hal_adc.o
 .text.LL_ADC_SetCommonPathInternalCh
                0x0000000008004b7a       0x26 ./Drivers/STM32G4xx_HAL_Driver/Src/stm32g4xx_hal_adc.o
 .text.LL_ADC_GetCommonPathInternalCh
                0x0000000008004ba0       0x1c ./Drivers/STM32G4xx_HAL_Driver/Src/stm32g4xx_hal_adc.o
 .text.LL_ADC_SetOffset
                0x0000000008004bbc       0x48 ./Drivers/STM32G4xx_HAL_Driver/Src/stm32g4xx_hal_adc.o
 .text.LL_ADC_GetOffsetChannel
                0x0000000008004c04       0x2c ./Drivers/STM32G4xx_HAL_Driver/Src/stm32g4xx_hal_adc.o
 .text.LL_ADC_SetOffsetState
                0x0000000008004c30       0x36 ./Drivers/STM32G4xx_HAL_Driver/Src/stm32g4xx_hal_adc.o
 .text.LL_ADC_SetOffsetSign
                0x0000000008004c66       0x36 ./Drivers/STM32G4xx_HAL_Driver/Src/stm32g4xx_hal_adc.o
 .text.LL_ADC_SetOffsetSaturation
                0x0000000008004c9c       0x36 ./Drivers/STM32G4xx_HAL_Driver/Src/stm32g4xx_hal_adc.o
 .text.LL_ADC_SetSamplingTimeCommonConfig
                0x0000000008004cd2       0x26 ./Drivers/STM32G4xx_HAL_Driver/Src/stm32g4xx_hal_adc.o
 .text.LL_ADC_REG_SetSequencerRanks
                0x0000000008004cf8       0x58 ./Drivers/STM32G4xx_HAL_Driver/Src/stm32g4xx_hal_adc.o
 .text.LL_ADC_SetChannelSamplingTime
                0x0000000008004d50       0x56 ./Drivers/STM32G4xx_HAL_Driver/Src/stm32g4xx_hal_adc.o
 *fill*         0x0000000008004da6        0x2 
 .text.LL_ADC_SetChannelSingleDiff
                0x0000000008004da8       0x48 ./Drivers/STM32G4xx_HAL_Driver/Src/stm32g4xx_hal_adc.o
 .text.LL_ADC_GetMultimode
                0x0000000008004df0       0x1c ./Drivers/STM32G4xx_HAL_Driver/Src/stm32g4xx_hal_adc.o
 .text.LL_ADC_DisableDeepPowerDown
                0x0000000008004e0c       0x24 ./Drivers/STM32G4xx_HAL_Driver/Src/stm32g4xx_hal_adc.o
 .text.LL_ADC_IsDeepPowerDownEnabled
                0x0000000008004e30       0x28 ./Drivers/STM32G4xx_HAL_Driver/Src/stm32g4xx_hal_adc.o
 .text.LL_ADC_EnableInternalRegulator
                0x0000000008004e58       0x28 ./Drivers/STM32G4xx_HAL_Driver/Src/stm32g4xx_hal_adc.o
 .text.LL_ADC_IsInternalRegulatorEnabled
                0x0000000008004e80       0x28 ./Drivers/STM32G4xx_HAL_Driver/Src/stm32g4xx_hal_adc.o
 .text.LL_ADC_Enable
                0x0000000008004ea8       0x28 ./Drivers/STM32G4xx_HAL_Driver/Src/stm32g4xx_hal_adc.o
 .text.LL_ADC_IsEnabled
                0x0000000008004ed0       0x26 ./Drivers/STM32G4xx_HAL_Driver/Src/stm32g4xx_hal_adc.o
 .text.LL_ADC_REG_StartConversion
                0x0000000008004ef6       0x28 ./Drivers/STM32G4xx_HAL_Driver/Src/stm32g4xx_hal_adc.o
 .text.LL_ADC_REG_IsConversionOngoing
                0x0000000008004f1e       0x26 ./Drivers/STM32G4xx_HAL_Driver/Src/stm32g4xx_hal_adc.o
 .text.LL_ADC_INJ_IsConversionOngoing
                0x0000000008004f44       0x26 ./Drivers/STM32G4xx_HAL_Driver/Src/stm32g4xx_hal_adc.o
 *fill*         0x0000000008004f6a        0x2 
 .text.HAL_ADC_Init
                0x0000000008004f6c      0x310 ./Drivers/STM32G4xx_HAL_Driver/Src/stm32g4xx_hal_adc.o
                0x0000000008004f6c                HAL_ADC_Init
 .text.HAL_ADC_Start
                0x000000000800527c      0x178 ./Drivers/STM32G4xx_HAL_Driver/Src/stm32g4xx_hal_adc.o
                0x000000000800527c                HAL_ADC_Start
 .text.HAL_ADC_ConfigChannel
                0x00000000080053f4      0x7e0 ./Drivers/STM32G4xx_HAL_Driver/Src/stm32g4xx_hal_adc.o
                0x00000000080053f4                HAL_ADC_ConfigChannel
 .text.ADC_Enable
                0x0000000008005bd4       0xb4 ./Drivers/STM32G4xx_HAL_Driver/Src/stm32g4xx_hal_adc.o
                0x0000000008005bd4                ADC_Enable
 .text.LL_ADC_IsEnabled
                0x0000000008005c88       0x26 ./Drivers/STM32G4xx_HAL_Driver/Src/stm32g4xx_hal_adc_ex.o
 .text.LL_ADC_REG_IsConversionOngoing
                0x0000000008005cae       0x26 ./Drivers/STM32G4xx_HAL_Driver/Src/stm32g4xx_hal_adc_ex.o
 .text.HAL_ADCEx_MultiModeConfigChannel
                0x0000000008005cd4      0x140 ./Drivers/STM32G4xx_HAL_Driver/Src/stm32g4xx_hal_adc_ex.o
                0x0000000008005cd4                HAL_ADCEx_MultiModeConfigChannel
 .text.__NVIC_SetPriorityGrouping
                0x0000000008005e14       0x48 ./Drivers/STM32G4xx_HAL_Driver/Src/stm32g4xx_hal_cortex.o
 .text.__NVIC_GetPriorityGrouping
                0x0000000008005e5c       0x1c ./Drivers/STM32G4xx_HAL_Driver/Src/stm32g4xx_hal_cortex.o
 .text.__NVIC_EnableIRQ
                0x0000000008005e78       0x3c ./Drivers/STM32G4xx_HAL_Driver/Src/stm32g4xx_hal_cortex.o
 .text.__NVIC_SetPriority
                0x0000000008005eb4       0x54 ./Drivers/STM32G4xx_HAL_Driver/Src/stm32g4xx_hal_cortex.o
 .text.NVIC_EncodePriority
                0x0000000008005f08       0x66 ./Drivers/STM32G4xx_HAL_Driver/Src/stm32g4xx_hal_cortex.o
 *fill*         0x0000000008005f6e        0x2 
 .text.SysTick_Config
                0x0000000008005f70       0x44 ./Drivers/STM32G4xx_HAL_Driver/Src/stm32g4xx_hal_cortex.o
 .text.HAL_NVIC_SetPriorityGrouping
                0x0000000008005fb4       0x16 ./Drivers/STM32G4xx_HAL_Driver/Src/stm32g4xx_hal_cortex.o
                0x0000000008005fb4                HAL_NVIC_SetPriorityGrouping
 .text.HAL_NVIC_SetPriority
                0x0000000008005fca       0x34 ./Drivers/STM32G4xx_HAL_Driver/Src/stm32g4xx_hal_cortex.o
                0x0000000008005fca                HAL_NVIC_SetPriority
 .text.HAL_NVIC_EnableIRQ
                0x0000000008005ffe       0x1c ./Drivers/STM32G4xx_HAL_Driver/Src/stm32g4xx_hal_cortex.o
                0x0000000008005ffe                HAL_NVIC_EnableIRQ
 .text.HAL_SYSTICK_Config
                0x000000000800601a       0x18 ./Drivers/STM32G4xx_HAL_Driver/Src/stm32g4xx_hal_cortex.o
                0x000000000800601a                HAL_SYSTICK_Config
 .text.HAL_DAC_Init
                0x0000000008006032       0x44 ./Drivers/STM32G4xx_HAL_Driver/Src/stm32g4xx_hal_dac.o
                0x0000000008006032                HAL_DAC_Init
 .text.HAL_DAC_Start
                0x0000000008006076       0xa6 ./Drivers/STM32G4xx_HAL_Driver/Src/stm32g4xx_hal_dac.o
                0x0000000008006076                HAL_DAC_Start
 .text.HAL_DAC_SetValue
                0x000000000800611c       0x50 ./Drivers/STM32G4xx_HAL_Driver/Src/stm32g4xx_hal_dac.o
                0x000000000800611c                HAL_DAC_SetValue
 .text.HAL_DAC_ConfigChannel
                0x000000000800616c      0x35c ./Drivers/STM32G4xx_HAL_Driver/Src/stm32g4xx_hal_dac.o
                0x000000000800616c                HAL_DAC_ConfigChannel
 .text.HAL_DMA_Init
                0x00000000080064c8      0x150 ./Drivers/STM32G4xx_HAL_Driver/Src/stm32g4xx_hal_dma.o
                0x00000000080064c8                HAL_DMA_Init
 .text.HAL_DMA_Start_IT
                0x0000000008006618       0xf6 ./Drivers/STM32G4xx_HAL_Driver/Src/stm32g4xx_hal_dma.o
                0x0000000008006618                HAL_DMA_Start_IT
 .text.HAL_DMA_Abort_IT
                0x000000000800670e       0xce ./Drivers/STM32G4xx_HAL_Driver/Src/stm32g4xx_hal_dma.o
                0x000000000800670e                HAL_DMA_Abort_IT
 .text.HAL_DMA_IRQHandler
                0x00000000080067dc      0x15e ./Drivers/STM32G4xx_HAL_Driver/Src/stm32g4xx_hal_dma.o
                0x00000000080067dc                HAL_DMA_IRQHandler
 .text.DMA_SetConfig
                0x000000000800693a       0x7c ./Drivers/STM32G4xx_HAL_Driver/Src/stm32g4xx_hal_dma.o
 *fill*         0x00000000080069b6        0x2 
 .text.DMA_CalcDMAMUXChannelBaseAndMask
                0x00000000080069b8       0x7c ./Drivers/STM32G4xx_HAL_Driver/Src/stm32g4xx_hal_dma.o
 .text.DMA_CalcDMAMUXRequestGenBaseAndMask
                0x0000000008006a34       0x48 ./Drivers/STM32G4xx_HAL_Driver/Src/stm32g4xx_hal_dma.o
 .text.HAL_GPIO_Init
                0x0000000008006a7c      0x304 ./Drivers/STM32G4xx_HAL_Driver/Src/stm32g4xx_hal_gpio.o
                0x0000000008006a7c                HAL_GPIO_Init
 .text.HAL_GPIO_ReadPin
                0x0000000008006d80       0x30 ./Drivers/STM32G4xx_HAL_Driver/Src/stm32g4xx_hal_gpio.o
                0x0000000008006d80                HAL_GPIO_ReadPin
 .text.HAL_GPIO_WritePin
                0x0000000008006db0       0x30 ./Drivers/STM32G4xx_HAL_Driver/Src/stm32g4xx_hal_gpio.o
                0x0000000008006db0                HAL_GPIO_WritePin
 .text.HAL_GPIO_TogglePin
                0x0000000008006de0       0x34 ./Drivers/STM32G4xx_HAL_Driver/Src/stm32g4xx_hal_gpio.o
                0x0000000008006de0                HAL_GPIO_TogglePin
 .text.HAL_GPIO_EXTI_IRQHandler
                0x0000000008006e14       0x30 ./Drivers/STM32G4xx_HAL_Driver/Src/stm32g4xx_hal_gpio.o
                0x0000000008006e14                HAL_GPIO_EXTI_IRQHandler
 .text.HAL_PWREx_ControlVoltageScaling
                0x0000000008006e44      0x148 ./Drivers/STM32G4xx_HAL_Driver/Src/stm32g4xx_hal_pwr_ex.o
                0x0000000008006e44                HAL_PWREx_ControlVoltageScaling
 .text.HAL_PWREx_DisableUCPDDeadBattery
                0x0000000008006f8c       0x20 ./Drivers/STM32G4xx_HAL_Driver/Src/stm32g4xx_hal_pwr_ex.o
                0x0000000008006f8c                HAL_PWREx_DisableUCPDDeadBattery
 .text.HAL_RCC_OscConfig
                0x0000000008006fac      0x630 ./Drivers/STM32G4xx_HAL_Driver/Src/stm32g4xx_hal_rcc.o
                0x0000000008006fac                HAL_RCC_OscConfig
 .text.HAL_RCC_ClockConfig
                0x00000000080075dc      0x278 ./Drivers/STM32G4xx_HAL_Driver/Src/stm32g4xx_hal_rcc.o
                0x00000000080075dc                HAL_RCC_ClockConfig
 .text.HAL_RCC_GetSysClockFreq
                0x0000000008007854       0xc4 ./Drivers/STM32G4xx_HAL_Driver/Src/stm32g4xx_hal_rcc.o
                0x0000000008007854                HAL_RCC_GetSysClockFreq
 .text.HAL_RCC_GetHCLKFreq
                0x0000000008007918       0x18 ./Drivers/STM32G4xx_HAL_Driver/Src/stm32g4xx_hal_rcc.o
                0x0000000008007918                HAL_RCC_GetHCLKFreq
 .text.HAL_RCC_GetPCLK1Freq
                0x0000000008007930       0x2c ./Drivers/STM32G4xx_HAL_Driver/Src/stm32g4xx_hal_rcc.o
                0x0000000008007930                HAL_RCC_GetPCLK1Freq
 .text.HAL_RCC_GetPCLK2Freq
                0x000000000800795c       0x2c ./Drivers/STM32G4xx_HAL_Driver/Src/stm32g4xx_hal_rcc.o
                0x000000000800795c                HAL_RCC_GetPCLK2Freq
 .text.RCC_GetSysClockFreqFromPLLSource
                0x0000000008007988       0x8c ./Drivers/STM32G4xx_HAL_Driver/Src/stm32g4xx_hal_rcc.o
 .text.HAL_RCCEx_PeriphCLKConfig
                0x0000000008007a14      0x3e0 ./Drivers/STM32G4xx_HAL_Driver/Src/stm32g4xx_hal_rcc_ex.o
                0x0000000008007a14                HAL_RCCEx_PeriphCLKConfig
 .text.HAL_TIM_Base_Start_IT
                0x0000000008007df4       0xd4 ./Drivers/STM32G4xx_HAL_Driver/Src/stm32g4xx_hal_tim.o
                0x0000000008007df4                HAL_TIM_Base_Start_IT
 .text.HAL_TIM_PWM_Init
                0x0000000008007ec8       0xae ./Drivers/STM32G4xx_HAL_Driver/Src/stm32g4xx_hal_tim.o
                0x0000000008007ec8                HAL_TIM_PWM_Init
 *fill*         0x0000000008007f76        0x2 
 .text.HAL_TIM_PWM_Start
                0x0000000008007f78      0x200 ./Drivers/STM32G4xx_HAL_Driver/Src/stm32g4xx_hal_tim.o
                0x0000000008007f78                HAL_TIM_PWM_Start
 .text.HAL_TIM_PWM_Stop
                0x0000000008008178      0x12c ./Drivers/STM32G4xx_HAL_Driver/Src/stm32g4xx_hal_tim.o
                0x0000000008008178                HAL_TIM_PWM_Stop
 .text.HAL_TIM_IRQHandler
                0x00000000080082a4      0x2fe ./Drivers/STM32G4xx_HAL_Driver/Src/stm32g4xx_hal_tim.o
                0x00000000080082a4                HAL_TIM_IRQHandler
 *fill*         0x00000000080085a2        0x2 
 .text.HAL_TIM_PWM_ConfigChannel
                0x00000000080085a4      0x220 ./Drivers/STM32G4xx_HAL_Driver/Src/stm32g4xx_hal_tim.o
                0x00000000080085a4                HAL_TIM_PWM_ConfigChannel
 .text.HAL_TIM_PeriodElapsedCallback
                0x00000000080087c4       0x14 ./Drivers/STM32G4xx_HAL_Driver/Src/stm32g4xx_hal_tim.o
                0x00000000080087c4                HAL_TIM_PeriodElapsedCallback
 .text.HAL_TIM_OC_DelayElapsedCallback
                0x00000000080087d8       0x14 ./Drivers/STM32G4xx_HAL_Driver/Src/stm32g4xx_hal_tim.o
                0x00000000080087d8                HAL_TIM_OC_DelayElapsedCallback
 .text.HAL_TIM_IC_CaptureCallback
                0x00000000080087ec       0x14 ./Drivers/STM32G4xx_HAL_Driver/Src/stm32g4xx_hal_tim.o
                0x00000000080087ec                HAL_TIM_IC_CaptureCallback
 .text.HAL_TIM_PWM_PulseFinishedCallback
                0x0000000008008800       0x14 ./Drivers/STM32G4xx_HAL_Driver/Src/stm32g4xx_hal_tim.o
                0x0000000008008800                HAL_TIM_PWM_PulseFinishedCallback
 .text.HAL_TIM_TriggerCallback
                0x0000000008008814       0x14 ./Drivers/STM32G4xx_HAL_Driver/Src/stm32g4xx_hal_tim.o
                0x0000000008008814                HAL_TIM_TriggerCallback
 .text.TIM_Base_SetConfig
                0x0000000008008828      0x120 ./Drivers/STM32G4xx_HAL_Driver/Src/stm32g4xx_hal_tim.o
                0x0000000008008828                TIM_Base_SetConfig
 .text.TIM_OC1_SetConfig
                0x0000000008008948      0x120 ./Drivers/STM32G4xx_HAL_Driver/Src/stm32g4xx_hal_tim.o
 .text.TIM_OC2_SetConfig
                0x0000000008008a68      0x114 ./Drivers/STM32G4xx_HAL_Driver/Src/stm32g4xx_hal_tim.o
                0x0000000008008a68                TIM_OC2_SetConfig
 .text.TIM_OC3_SetConfig
                0x0000000008008b7c      0x110 ./Drivers/STM32G4xx_HAL_Driver/Src/stm32g4xx_hal_tim.o
 .text.TIM_OC4_SetConfig
                0x0000000008008c8c      0x114 ./Drivers/STM32G4xx_HAL_Driver/Src/stm32g4xx_hal_tim.o
 .text.TIM_OC5_SetConfig
                0x0000000008008da0       0xc8 ./Drivers/STM32G4xx_HAL_Driver/Src/stm32g4xx_hal_tim.o
 .text.TIM_OC6_SetConfig
                0x0000000008008e68       0xcc ./Drivers/STM32G4xx_HAL_Driver/Src/stm32g4xx_hal_tim.o
 .text.TIM_CCxChannelCmd
                0x0000000008008f34       0x4a ./Drivers/STM32G4xx_HAL_Driver/Src/stm32g4xx_hal_tim.o
                0x0000000008008f34                TIM_CCxChannelCmd
 *fill*         0x0000000008008f7e        0x2 
 .text.HAL_TIMEx_PWMN_Start
                0x0000000008008f80      0x168 ./Drivers/STM32G4xx_HAL_Driver/Src/stm32g4xx_hal_tim_ex.o
                0x0000000008008f80                HAL_TIMEx_PWMN_Start
 .text.HAL_TIMEx_PWMN_Stop
                0x00000000080090e8       0xba ./Drivers/STM32G4xx_HAL_Driver/Src/stm32g4xx_hal_tim_ex.o
                0x00000000080090e8                HAL_TIMEx_PWMN_Stop
 *fill*         0x00000000080091a2        0x2 
 .text.HAL_TIMEx_MasterConfigSynchronization
                0x00000000080091a4      0x104 ./Drivers/STM32G4xx_HAL_Driver/Src/stm32g4xx_hal_tim_ex.o
                0x00000000080091a4                HAL_TIMEx_MasterConfigSynchronization
 .text.HAL_TIMEx_ConfigBreakDeadTime
                0x00000000080092a8      0x140 ./Drivers/STM32G4xx_HAL_Driver/Src/stm32g4xx_hal_tim_ex.o
                0x00000000080092a8                HAL_TIMEx_ConfigBreakDeadTime
 .text.HAL_TIMEx_CommutCallback
                0x00000000080093e8       0x14 ./Drivers/STM32G4xx_HAL_Driver/Src/stm32g4xx_hal_tim_ex.o
                0x00000000080093e8                HAL_TIMEx_CommutCallback
 .text.HAL_TIMEx_BreakCallback
                0x00000000080093fc       0x14 ./Drivers/STM32G4xx_HAL_Driver/Src/stm32g4xx_hal_tim_ex.o
                0x00000000080093fc                HAL_TIMEx_BreakCallback
 .text.HAL_TIMEx_Break2Callback
                0x0000000008009410       0x14 ./Drivers/STM32G4xx_HAL_Driver/Src/stm32g4xx_hal_tim_ex.o
                0x0000000008009410                HAL_TIMEx_Break2Callback
 .text.HAL_TIMEx_EncoderIndexCallback
                0x0000000008009424       0x14 ./Drivers/STM32G4xx_HAL_Driver/Src/stm32g4xx_hal_tim_ex.o
                0x0000000008009424                HAL_TIMEx_EncoderIndexCallback
 .text.HAL_TIMEx_DirectionChangeCallback
                0x0000000008009438       0x14 ./Drivers/STM32G4xx_HAL_Driver/Src/stm32g4xx_hal_tim_ex.o
                0x0000000008009438                HAL_TIMEx_DirectionChangeCallback
 .text.HAL_TIMEx_IndexErrorCallback
                0x000000000800944c       0x14 ./Drivers/STM32G4xx_HAL_Driver/Src/stm32g4xx_hal_tim_ex.o
                0x000000000800944c                HAL_TIMEx_IndexErrorCallback
 .text.HAL_TIMEx_TransitionErrorCallback
                0x0000000008009460       0x14 ./Drivers/STM32G4xx_HAL_Driver/Src/stm32g4xx_hal_tim_ex.o
                0x0000000008009460                HAL_TIMEx_TransitionErrorCallback
 .text.TIM_CCxNChannelCmd
                0x0000000008009474       0x4a ./Drivers/STM32G4xx_HAL_Driver/Src/stm32g4xx_hal_tim_ex.o
 .text.HAL_UART_Init
                0x00000000080094be       0xa0 ./Drivers/STM32G4xx_HAL_Driver/Src/stm32g4xx_hal_uart.o
                0x00000000080094be                HAL_UART_Init
 *fill*         0x000000000800955e        0x2 
 .text.HAL_UART_Transmit_DMA
                0x0000000008009560      0x100 ./Drivers/STM32G4xx_HAL_Driver/Src/stm32g4xx_hal_uart.o
                0x0000000008009560                HAL_UART_Transmit_DMA
 .text.HAL_UART_Receive_DMA
                0x0000000008009660      0x110 ./Drivers/STM32G4xx_HAL_Driver/Src/stm32g4xx_hal_uart.o
                0x0000000008009660                HAL_UART_Receive_DMA
 .text.HAL_UART_IRQHandler
                0x0000000008009770      0x2fc ./Drivers/STM32G4xx_HAL_Driver/Src/stm32g4xx_hal_uart.o
                0x0000000008009770                HAL_UART_IRQHandler
 .text.HAL_UART_TxCpltCallback
                0x0000000008009a6c       0x14 ./Drivers/STM32G4xx_HAL_Driver/Src/stm32g4xx_hal_uart.o
                0x0000000008009a6c                HAL_UART_TxCpltCallback
 .text.HAL_UART_TxHalfCpltCallback
                0x0000000008009a80       0x14 ./Drivers/STM32G4xx_HAL_Driver/Src/stm32g4xx_hal_uart.o
                0x0000000008009a80                HAL_UART_TxHalfCpltCallback
 .text.HAL_UART_RxCpltCallback
                0x0000000008009a94       0x14 ./Drivers/STM32G4xx_HAL_Driver/Src/stm32g4xx_hal_uart.o
                0x0000000008009a94                HAL_UART_RxCpltCallback
 .text.HAL_UART_RxHalfCpltCallback
                0x0000000008009aa8       0x14 ./Drivers/STM32G4xx_HAL_Driver/Src/stm32g4xx_hal_uart.o
                0x0000000008009aa8                HAL_UART_RxHalfCpltCallback
 .text.HAL_UART_ErrorCallback
                0x0000000008009abc       0x14 ./Drivers/STM32G4xx_HAL_Driver/Src/stm32g4xx_hal_uart.o
                0x0000000008009abc                HAL_UART_ErrorCallback
 .text.UART_SetConfig
                0x0000000008009ad0      0x548 ./Drivers/STM32G4xx_HAL_Driver/Src/stm32g4xx_hal_uart.o
                0x0000000008009ad0                UART_SetConfig
 .text.UART_AdvFeatureConfig
                0x000000000800a018      0x144 ./Drivers/STM32G4xx_HAL_Driver/Src/stm32g4xx_hal_uart.o
                0x000000000800a018                UART_AdvFeatureConfig
 .text.UART_CheckIdleState
                0x000000000800a15c       0x90 ./Drivers/STM32G4xx_HAL_Driver/Src/stm32g4xx_hal_uart.o
                0x000000000800a15c                UART_CheckIdleState
 .text.UART_WaitOnFlagUntilTimeout
                0x000000000800a1ec      0x100 ./Drivers/STM32G4xx_HAL_Driver/Src/stm32g4xx_hal_uart.o
                0x000000000800a1ec                UART_WaitOnFlagUntilTimeout
 .text.UART_EndTxTransfer
                0x000000000800a2ec       0x3c ./Drivers/STM32G4xx_HAL_Driver/Src/stm32g4xx_hal_uart.o
 .text.UART_EndRxTransfer
                0x000000000800a328       0x46 ./Drivers/STM32G4xx_HAL_Driver/Src/stm32g4xx_hal_uart.o
 .text.UART_DMATransmitCplt
                0x000000000800a36e       0x54 ./Drivers/STM32G4xx_HAL_Driver/Src/stm32g4xx_hal_uart.o
 .text.UART_DMATxHalfCplt
                0x000000000800a3c2       0x1c ./Drivers/STM32G4xx_HAL_Driver/Src/stm32g4xx_hal_uart.o
 .text.UART_DMAReceiveCplt
                0x000000000800a3de       0x6a ./Drivers/STM32G4xx_HAL_Driver/Src/stm32g4xx_hal_uart.o
 .text.UART_DMARxHalfCplt
                0x000000000800a448       0x1c ./Drivers/STM32G4xx_HAL_Driver/Src/stm32g4xx_hal_uart.o
 .text.UART_DMAError
                0x000000000800a464       0x80 ./Drivers/STM32G4xx_HAL_Driver/Src/stm32g4xx_hal_uart.o
 .text.UART_DMAAbortOnError
                0x000000000800a4e4       0x2c ./Drivers/STM32G4xx_HAL_Driver/Src/stm32g4xx_hal_uart.o
 .text.UART_EndTransmit_IT
                0x000000000800a510       0x34 ./Drivers/STM32G4xx_HAL_Driver/Src/stm32g4xx_hal_uart.o
 .text.HAL_UARTEx_WakeupCallback
                0x000000000800a544       0x14 ./Drivers/STM32G4xx_HAL_Driver/Src/stm32g4xx_hal_uart_ex.o
                0x000000000800a544                HAL_UARTEx_WakeupCallback
 .text.HAL_UARTEx_RxFifoFullCallback
                0x000000000800a558       0x14 ./Drivers/STM32G4xx_HAL_Driver/Src/stm32g4xx_hal_uart_ex.o
                0x000000000800a558                HAL_UARTEx_RxFifoFullCallback
 .text.HAL_UARTEx_TxFifoEmptyCallback
                0x000000000800a56c       0x14 ./Drivers/STM32G4xx_HAL_Driver/Src/stm32g4xx_hal_uart_ex.o
                0x000000000800a56c                HAL_UARTEx_TxFifoEmptyCallback
 .text.HAL_UARTEx_DisableFifoMode
                0x000000000800a580       0x72 ./Drivers/STM32G4xx_HAL_Driver/Src/stm32g4xx_hal_uart_ex.o
                0x000000000800a580                HAL_UARTEx_DisableFifoMode
 .text.HAL_UARTEx_SetTxFifoThreshold
                0x000000000800a5f2       0x7c ./Drivers/STM32G4xx_HAL_Driver/Src/stm32g4xx_hal_uart_ex.o
                0x000000000800a5f2                HAL_UARTEx_SetTxFifoThreshold
 .text.HAL_UARTEx_SetRxFifoThreshold
                0x000000000800a66e       0x7c ./Drivers/STM32G4xx_HAL_Driver/Src/stm32g4xx_hal_uart_ex.o
                0x000000000800a66e                HAL_UARTEx_SetRxFifoThreshold
 *fill*         0x000000000800a6ea        0x2 
 .text.UARTEx_SetNbDataToProcess
                0x000000000800a6ec       0xd0 ./Drivers/STM32G4xx_HAL_Driver/Src/stm32g4xx_hal_uart_ex.o
 .text.__cxa_pure_virtual
                0x000000000800a7bc        0x6 /home/j/STM32/STM32CubeIDE/IDE/plugins/com.st.stm32cube.ide.mcu.externaltools.gnu-tools-for-stm32.9-2020-q2-update.linux64_2.0.0.202105311346/tools/bin/../lib/gcc/arm-none-eabi/9.3.1/../../../../arm-none-eabi/lib/thumb/v7e-m+fp/hard/libstdc++_nano.a(pure.o)
                0x000000000800a7bc                __cxa_pure_virtual
 .text._ZN10__cxxabiv111__terminateEPFvvE
                0x000000000800a7c2        0x8 /home/j/STM32/STM32CubeIDE/IDE/plugins/com.st.stm32cube.ide.mcu.externaltools.gnu-tools-for-stm32.9-2020-q2-update.linux64_2.0.0.202105311346/tools/bin/../lib/gcc/arm-none-eabi/9.3.1/../../../../arm-none-eabi/lib/thumb/v7e-m+fp/hard/libstdc++_nano.a(eh_terminate.o)
                0x000000000800a7c2                __cxxabiv1::__terminate(void (*)())
 *fill*         0x000000000800a7ca        0x2 
 .text._ZSt13get_terminatev
                0x000000000800a7cc       0x10 /home/j/STM32/STM32CubeIDE/IDE/plugins/com.st.stm32cube.ide.mcu.externaltools.gnu-tools-for-stm32.9-2020-q2-update.linux64_2.0.0.202105311346/tools/bin/../lib/gcc/arm-none-eabi/9.3.1/../../../../arm-none-eabi/lib/thumb/v7e-m+fp/hard/libstdc++_nano.a(eh_terminate.o)
                0x000000000800a7cc                std::get_terminate()
 .text._ZSt9terminatev
                0x000000000800a7dc        0xa /home/j/STM32/STM32CubeIDE/IDE/plugins/com.st.stm32cube.ide.mcu.externaltools.gnu-tools-for-stm32.9-2020-q2-update.linux64_2.0.0.202105311346/tools/bin/../lib/gcc/arm-none-eabi/9.3.1/../../../../arm-none-eabi/lib/thumb/v7e-m+fp/hard/libstdc++_nano.a(eh_terminate.o)
                0x000000000800a7dc                std::terminate()
 .text.abort    0x000000000800a7e6        0xe /home/j/STM32/STM32CubeIDE/IDE/plugins/com.st.stm32cube.ide.mcu.externaltools.gnu-tools-for-stm32.9-2020-q2-update.linux64_2.0.0.202105311346/tools/bin/../lib/gcc/arm-none-eabi/9.3.1/../../../../arm-none-eabi/lib/thumb/v7e-m+fp/hard/libc_nano.a(lib_a-abort.o)
                0x000000000800a7e6                abort
 .text.__errno  0x000000000800a7f4        0xc /home/j/STM32/STM32CubeIDE/IDE/plugins/com.st.stm32cube.ide.mcu.externaltools.gnu-tools-for-stm32.9-2020-q2-update.linux64_2.0.0.202105311346/tools/bin/../lib/gcc/arm-none-eabi/9.3.1/../../../../arm-none-eabi/lib/thumb/v7e-m+fp/hard/libc_nano.a(lib_a-errno.o)
                0x000000000800a7f4                __errno
 .text.__libc_init_array
                0x000000000800a800       0x48 /home/j/STM32/STM32CubeIDE/IDE/plugins/com.st.stm32cube.ide.mcu.externaltools.gnu-tools-for-stm32.9-2020-q2-update.linux64_2.0.0.202105311346/tools/bin/../lib/gcc/arm-none-eabi/9.3.1/../../../../arm-none-eabi/lib/thumb/v7e-m+fp/hard/libc_nano.a(lib_a-init.o)
                0x000000000800a800                __libc_init_array
 .text.memcpy   0x000000000800a848       0x1c /home/j/STM32/STM32CubeIDE/IDE/plugins/com.st.stm32cube.ide.mcu.externaltools.gnu-tools-for-stm32.9-2020-q2-update.linux64_2.0.0.202105311346/tools/bin/../lib/gcc/arm-none-eabi/9.3.1/../../../../arm-none-eabi/lib/thumb/v7e-m+fp/hard/libc_nano.a(lib_a-memcpy-stub.o)
                0x000000000800a848                memcpy
 .text.memset   0x000000000800a864       0x10 /home/j/STM32/STM32CubeIDE/IDE/plugins/com.st.stm32cube.ide.mcu.externaltools.gnu-tools-for-stm32.9-2020-q2-update.linux64_2.0.0.202105311346/tools/bin/../lib/gcc/arm-none-eabi/9.3.1/../../../../arm-none-eabi/lib/thumb/v7e-m+fp/hard/libc_nano.a(lib_a-memset.o)
                0x000000000800a864                memset
 .text.realloc  0x000000000800a874       0x10 /home/j/STM32/STM32CubeIDE/IDE/plugins/com.st.stm32cube.ide.mcu.externaltools.gnu-tools-for-stm32.9-2020-q2-update.linux64_2.0.0.202105311346/tools/bin/../lib/gcc/arm-none-eabi/9.3.1/../../../../arm-none-eabi/lib/thumb/v7e-m+fp/hard/libc_nano.a(lib_a-realloc.o)
                0x000000000800a874                realloc
 .text._raise_r
                0x000000000800a884       0x50 /home/j/STM32/STM32CubeIDE/IDE/plugins/com.st.stm32cube.ide.mcu.externaltools.gnu-tools-for-stm32.9-2020-q2-update.linux64_2.0.0.202105311346/tools/bin/../lib/gcc/arm-none-eabi/9.3.1/../../../../arm-none-eabi/lib/thumb/v7e-m+fp/hard/libc_nano.a(lib_a-signal.o)
                0x000000000800a884                _raise_r
 .text.raise    0x000000000800a8d4       0x10 /home/j/STM32/STM32CubeIDE/IDE/plugins/com.st.stm32cube.ide.mcu.externaltools.gnu-tools-for-stm32.9-2020-q2-update.linux64_2.0.0.202105311346/tools/bin/../lib/gcc/arm-none-eabi/9.3.1/../../../../arm-none-eabi/lib/thumb/v7e-m+fp/hard/libc_nano.a(lib_a-signal.o)
                0x000000000800a8d4                raise
 .text._kill_r  0x000000000800a8e4       0x24 /home/j/STM32/STM32CubeIDE/IDE/plugins/com.st.stm32cube.ide.mcu.externaltools.gnu-tools-for-stm32.9-2020-q2-update.linux64_2.0.0.202105311346/tools/bin/../lib/gcc/arm-none-eabi/9.3.1/../../../../arm-none-eabi/lib/thumb/v7e-m+fp/hard/libc_nano.a(lib_a-signalr.o)
                0x000000000800a8e4                _kill_r
 .text._getpid_r
                0x000000000800a908        0x4 /home/j/STM32/STM32CubeIDE/IDE/plugins/com.st.stm32cube.ide.mcu.externaltools.gnu-tools-for-stm32.9-2020-q2-update.linux64_2.0.0.202105311346/tools/bin/../lib/gcc/arm-none-eabi/9.3.1/../../../../arm-none-eabi/lib/thumb/v7e-m+fp/hard/libc_nano.a(lib_a-signalr.o)
                0x000000000800a908                _getpid_r
 .text._malloc_r
                0x000000000800a90c       0xb4 /home/j/STM32/STM32CubeIDE/IDE/plugins/com.st.stm32cube.ide.mcu.externaltools.gnu-tools-for-stm32.9-2020-q2-update.linux64_2.0.0.202105311346/tools/bin/../lib/gcc/arm-none-eabi/9.3.1/../../../../arm-none-eabi/lib/thumb/v7e-m+fp/hard/libc_nano.a(lib_a-nano-mallocr.o)
                0x000000000800a90c                _malloc_r
 .text._realloc_r
                0x000000000800a9c0       0x4c /home/j/STM32/STM32CubeIDE/IDE/plugins/com.st.stm32cube.ide.mcu.externaltools.gnu-tools-for-stm32.9-2020-q2-update.linux64_2.0.0.202105311346/tools/bin/../lib/gcc/arm-none-eabi/9.3.1/../../../../arm-none-eabi/lib/thumb/v7e-m+fp/hard/libc_nano.a(lib_a-nano-reallocr.o)
                0x000000000800a9c0                _realloc_r
 .text._sbrk_r  0x000000000800aa0c       0x20 /home/j/STM32/STM32CubeIDE/IDE/plugins/com.st.stm32cube.ide.mcu.externaltools.gnu-tools-for-stm32.9-2020-q2-update.linux64_2.0.0.202105311346/tools/bin/../lib/gcc/arm-none-eabi/9.3.1/../../../../arm-none-eabi/lib/thumb/v7e-m+fp/hard/libc_nano.a(lib_a-sbrkr.o)
                0x000000000800aa0c                _sbrk_r
 .text.__malloc_lock
                0x000000000800aa2c        0xc /home/j/STM32/STM32CubeIDE/IDE/plugins/com.st.stm32cube.ide.mcu.externaltools.gnu-tools-for-stm32.9-2020-q2-update.linux64_2.0.0.202105311346/tools/bin/../lib/gcc/arm-none-eabi/9.3.1/../../../../arm-none-eabi/lib/thumb/v7e-m+fp/hard/libc_nano.a(lib_a-mlock.o)
                0x000000000800aa2c                __malloc_lock
 .text.__malloc_unlock
                0x000000000800aa38        0xc /home/j/STM32/STM32CubeIDE/IDE/plugins/com.st.stm32cube.ide.mcu.externaltools.gnu-tools-for-stm32.9-2020-q2-update.linux64_2.0.0.202105311346/tools/bin/../lib/gcc/arm-none-eabi/9.3.1/../../../../arm-none-eabi/lib/thumb/v7e-m+fp/hard/libc_nano.a(lib_a-mlock.o)
                0x000000000800aa38                __malloc_unlock
 .text._free_r  0x000000000800aa44       0xa0 /home/j/STM32/STM32CubeIDE/IDE/plugins/com.st.stm32cube.ide.mcu.externaltools.gnu-tools-for-stm32.9-2020-q2-update.linux64_2.0.0.202105311346/tools/bin/../lib/gcc/arm-none-eabi/9.3.1/../../../../arm-none-eabi/lib/thumb/v7e-m+fp/hard/libc_nano.a(lib_a-nano-freer.o)
                0x000000000800aa44                _free_r
 .text._malloc_usable_size_r
                0x000000000800aae4       0x10 /home/j/STM32/STM32CubeIDE/IDE/plugins/com.st.stm32cube.ide.mcu.externaltools.gnu-tools-for-stm32.9-2020-q2-update.linux64_2.0.0.202105311346/tools/bin/../lib/gcc/arm-none-eabi/9.3.1/../../../../arm-none-eabi/lib/thumb/v7e-m+fp/hard/libc_nano.a(lib_a-nano-msizer.o)
                0x000000000800aae4                _malloc_usable_size_r
 .text.__retarget_lock_acquire_recursive
                0x000000000800aaf4        0x2 /home/j/STM32/STM32CubeIDE/IDE/plugins/com.st.stm32cube.ide.mcu.externaltools.gnu-tools-for-stm32.9-2020-q2-update.linux64_2.0.0.202105311346/tools/bin/../lib/gcc/arm-none-eabi/9.3.1/../../../../arm-none-eabi/lib/thumb/v7e-m+fp/hard/libc_nano.a(lib_a-lock.o)
                0x000000000800aaf4                __retarget_lock_acquire_recursive
 .text.__retarget_lock_release_recursive
                0x000000000800aaf6        0x2 /home/j/STM32/STM32CubeIDE/IDE/plugins/com.st.stm32cube.ide.mcu.externaltools.gnu-tools-for-stm32.9-2020-q2-update.linux64_2.0.0.202105311346/tools/bin/../lib/gcc/arm-none-eabi/9.3.1/../../../../arm-none-eabi/lib/thumb/v7e-m+fp/hard/libc_nano.a(lib_a-lock.o)
                0x000000000800aaf6                __retarget_lock_release_recursive
 *(.glue_7)
 .glue_7        0x000000000800aaf8        0x0 linker stubs
 *(.glue_7t)
 .glue_7t       0x000000000800aaf8        0x0 linker stubs
 *(.eh_frame)
 .eh_frame      0x000000000800aaf8        0x0 /home/j/STM32/STM32CubeIDE/IDE/plugins/com.st.stm32cube.ide.mcu.externaltools.gnu-tools-for-stm32.9-2020-q2-update.linux64_2.0.0.202105311346/tools/bin/../lib/gcc/arm-none-eabi/9.3.1/thumb/v7e-m+fp/hard/crtbegin.o
 *(.init)
 .init          0x000000000800aaf8        0x4 /home/j/STM32/STM32CubeIDE/IDE/plugins/com.st.stm32cube.ide.mcu.externaltools.gnu-tools-for-stm32.9-2020-q2-update.linux64_2.0.0.202105311346/tools/bin/../lib/gcc/arm-none-eabi/9.3.1/thumb/v7e-m+fp/hard/crti.o
                0x000000000800aaf8                _init
 .init          0x000000000800aafc        0x8 /home/j/STM32/STM32CubeIDE/IDE/plugins/com.st.stm32cube.ide.mcu.externaltools.gnu-tools-for-stm32.9-2020-q2-update.linux64_2.0.0.202105311346/tools/bin/../lib/gcc/arm-none-eabi/9.3.1/thumb/v7e-m+fp/hard/crtn.o
 *(.fini)
 .fini          0x000000000800ab04        0x4 /home/j/STM32/STM32CubeIDE/IDE/plugins/com.st.stm32cube.ide.mcu.externaltools.gnu-tools-for-stm32.9-2020-q2-update.linux64_2.0.0.202105311346/tools/bin/../lib/gcc/arm-none-eabi/9.3.1/thumb/v7e-m+fp/hard/crti.o
                0x000000000800ab04                _fini
 .fini          0x000000000800ab08        0x8 /home/j/STM32/STM32CubeIDE/IDE/plugins/com.st.stm32cube.ide.mcu.externaltools.gnu-tools-for-stm32.9-2020-q2-update.linux64_2.0.0.202105311346/tools/bin/../lib/gcc/arm-none-eabi/9.3.1/thumb/v7e-m+fp/hard/crtn.o
                0x000000000800ab10                . = ALIGN (0x4)
                0x000000000800ab10                _etext = .

.vfp11_veneer   0x000000000800ab10        0x0
 .vfp11_veneer  0x000000000800ab10        0x0 linker stubs

.v4_bx          0x000000000800ab10        0x0
 .v4_bx         0x000000000800ab10        0x0 linker stubs

.iplt           0x000000000800ab10        0x0
 .iplt          0x000000000800ab10        0x0 /home/j/STM32/STM32CubeIDE/IDE/plugins/com.st.stm32cube.ide.mcu.externaltools.gnu-tools-for-stm32.9-2020-q2-update.linux64_2.0.0.202105311346/tools/bin/../lib/gcc/arm-none-eabi/9.3.1/thumb/v7e-m+fp/hard/crtbegin.o

.rodata         0x000000000800ab10      0x328
                0x000000000800ab10                . = ALIGN (0x4)
 *(.rodata)
 .rodata        0x000000000800ab10      0x1b4 ./Core/Src/mainpp.o
 .rodata        0x000000000800acc4       0x10 ./Drivers/STM32G4xx_HAL_Driver/Src/stm32g4xx_hal_uart_ex.o
 *(.rodata*)
 .rodata._ZN14rosserial_msgsL12REQUESTPARAME
                0x000000000800acd4       0x1c ./Core/Src/mainpp.o
 .rodata._ZTVN3ros10SubscriberIN11coorsa_rfsm14SetpointUpdateEvEE
                0x000000000800acf0       0x18 ./Core/Src/mainpp.o
                0x000000000800acf0                vtable for ros::Subscriber<coorsa_rfsm::SetpointUpdate, void>
 .rodata._ZTVN3ros10SubscriberIN8std_msgs5Int16EvEE
                0x000000000800ad08       0x18 ./Core/Src/mainpp.o
                0x000000000800ad08                vtable for ros::Subscriber<std_msgs::Int16, void>
 .rodata._ZTVN3ros11NodeHandle_I13STM32HardwareLi25ELi25ELi512ELi512EEE
                0x000000000800ad20       0x14 ./Core/Src/mainpp.o
                0x000000000800ad20                vtable for ros::NodeHandle_<STM32Hardware, 25, 25, 512, 512>
 .rodata._ZTVN11coorsa_rfsm14SetpointUpdateE
                0x000000000800ad34       0x18 ./Core/Src/mainpp.o
                0x000000000800ad34                vtable for coorsa_rfsm::SetpointUpdate
 .rodata._ZTVN8std_msgs5Int16E
                0x000000000800ad4c       0x18 ./Core/Src/mainpp.o
                0x000000000800ad4c                vtable for std_msgs::Int16
 .rodata._ZTVN3ros11Subscriber_E
                0x000000000800ad64       0x18 ./Core/Src/mainpp.o
                0x000000000800ad64                vtable for ros::Subscriber_
 .rodata._ZTVN3ros15NodeHandleBase_E
                0x000000000800ad7c       0x14 ./Core/Src/mainpp.o
                0x000000000800ad7c                vtable for ros::NodeHandleBase_
 .rodata._ZTVN14rosserial_msgs20RequestParamResponseE
                0x000000000800ad90       0x18 ./Core/Src/mainpp.o
                0x000000000800ad90                vtable for rosserial_msgs::RequestParamResponse
 .rodata._ZTVN14rosserial_msgs3LogE
                0x000000000800ada8       0x18 ./Core/Src/mainpp.o
                0x000000000800ada8                vtable for rosserial_msgs::Log
 .rodata._ZTVN14rosserial_msgs9TopicInfoE
                0x000000000800adc0       0x18 ./Core/Src/mainpp.o
                0x000000000800adc0                vtable for rosserial_msgs::TopicInfo
 .rodata._ZTVN8std_msgs4TimeE
                0x000000000800add8       0x18 ./Core/Src/mainpp.o
                0x000000000800add8                vtable for std_msgs::Time
 .rodata._ZTVN3ros3MsgE
                0x000000000800adf0       0x18 ./Core/Src/mainpp.o
                0x000000000800adf0                vtable for ros::Msg
 .rodata.AHBPrescTable
                0x000000000800ae08       0x10 ./Core/Src/system_stm32g4xx.o
                0x000000000800ae08                AHBPrescTable
 .rodata.APBPrescTable
                0x000000000800ae18        0x8 ./Core/Src/system_stm32g4xx.o
                0x000000000800ae18                APBPrescTable
 .rodata.UARTPrescTable
                0x000000000800ae20       0x18 ./Drivers/STM32G4xx_HAL_Driver/Src/stm32g4xx_hal_uart.o
                0x000000000800ae20                UARTPrescTable
                0x000000000800ae38                . = ALIGN (0x4)

.ARM.extab      0x000000000800ae38        0x0
                0x000000000800ae38                . = ALIGN (0x4)
 *(.ARM.extab* .gnu.linkonce.armextab.*)
                0x000000000800ae38                . = ALIGN (0x4)

.ARM            0x000000000800ae38        0x8
                0x000000000800ae38                . = ALIGN (0x4)
                0x000000000800ae38                __exidx_start = .
 *(.ARM.exidx*)
 .ARM.exidx     0x000000000800ae38        0x8 /home/j/STM32/STM32CubeIDE/IDE/plugins/com.st.stm32cube.ide.mcu.externaltools.gnu-tools-for-stm32.9-2020-q2-update.linux64_2.0.0.202105311346/tools/bin/../lib/gcc/arm-none-eabi/9.3.1/thumb/v7e-m+fp/hard/libgcc.a(_udivmoddi4.o)
                0x000000000800ae40                __exidx_end = .
                0x000000000800ae40                . = ALIGN (0x4)

.rel.dyn        0x000000000800ae40        0x0
 .rel.iplt      0x000000000800ae40        0x0 /home/j/STM32/STM32CubeIDE/IDE/plugins/com.st.stm32cube.ide.mcu.externaltools.gnu-tools-for-stm32.9-2020-q2-update.linux64_2.0.0.202105311346/tools/bin/../lib/gcc/arm-none-eabi/9.3.1/thumb/v7e-m+fp/hard/crtbegin.o

.preinit_array  0x000000000800ae40        0x0
                0x000000000800ae40                . = ALIGN (0x4)
                0x000000000800ae40                PROVIDE (__preinit_array_start = .)
 *(.preinit_array*)
                0x000000000800ae40                PROVIDE (__preinit_array_end = .)
                0x000000000800ae40                . = ALIGN (0x4)

.init_array     0x000000000800ae40        0x8
                0x000000000800ae40                . = ALIGN (0x4)
                0x000000000800ae40                PROVIDE (__init_array_start = .)
 *(SORT_BY_NAME(.init_array.*))
 *(.init_array*)
 .init_array    0x000000000800ae40        0x4 /home/j/STM32/STM32CubeIDE/IDE/plugins/com.st.stm32cube.ide.mcu.externaltools.gnu-tools-for-stm32.9-2020-q2-update.linux64_2.0.0.202105311346/tools/bin/../lib/gcc/arm-none-eabi/9.3.1/thumb/v7e-m+fp/hard/crtbegin.o
 .init_array    0x000000000800ae44        0x4 ./Core/Src/mainpp.o
                0x000000000800ae48                PROVIDE (__init_array_end = .)
                0x000000000800ae48                . = ALIGN (0x4)

.fini_array     0x000000000800ae48        0x4
                0x000000000800ae48                . = ALIGN (0x4)
                [!provide]                        PROVIDE (__fini_array_start = .)
 *(SORT_BY_NAME(.fini_array.*))
 *(.fini_array*)
 .fini_array    0x000000000800ae48        0x4 /home/j/STM32/STM32CubeIDE/IDE/plugins/com.st.stm32cube.ide.mcu.externaltools.gnu-tools-for-stm32.9-2020-q2-update.linux64_2.0.0.202105311346/tools/bin/../lib/gcc/arm-none-eabi/9.3.1/thumb/v7e-m+fp/hard/crtbegin.o
                [!provide]                        PROVIDE (__fini_array_end = .)
                0x000000000800ae4c                . = ALIGN (0x4)
                0x000000000800ae4c                _sidata = LOADADDR (.data)

.data           0x0000000020000000       0x74 load address 0x000000000800ae4c
                0x0000000020000000                . = ALIGN (0x4)
                0x0000000020000000                _sdata = .
 *(.data)
 *(.data*)
 .data.SystemCoreClock
                0x0000000020000000        0x4 ./Core/Src/system_stm32g4xx.o
                0x0000000020000000                SystemCoreClock
 .data.uwTickPrio
                0x0000000020000004        0x4 ./Drivers/STM32G4xx_HAL_Driver/Src/stm32g4xx_hal.o
                0x0000000020000004                uwTickPrio
 .data.uwTickFreq
                0x0000000020000008        0x4 ./Drivers/STM32G4xx_HAL_Driver/Src/stm32g4xx_hal.o
                0x0000000020000008                uwTickFreq
 .data._ZN10__cxxabiv119__terminate_handlerE
                0x000000002000000c        0x4 /home/j/STM32/STM32CubeIDE/IDE/plugins/com.st.stm32cube.ide.mcu.externaltools.gnu-tools-for-stm32.9-2020-q2-update.linux64_2.0.0.202105311346/tools/bin/../lib/gcc/arm-none-eabi/9.3.1/../../../../arm-none-eabi/lib/thumb/v7e-m+fp/hard/libstdc++_nano.a(eh_term_handler.o)
                0x000000002000000c                __cxxabiv1::__terminate_handler
 .data._impure_ptr
                0x0000000020000010        0x4 /home/j/STM32/STM32CubeIDE/IDE/plugins/com.st.stm32cube.ide.mcu.externaltools.gnu-tools-for-stm32.9-2020-q2-update.linux64_2.0.0.202105311346/tools/bin/../lib/gcc/arm-none-eabi/9.3.1/../../../../arm-none-eabi/lib/thumb/v7e-m+fp/hard/libc_nano.a(lib_a-impure.o)
                0x0000000020000010                _impure_ptr
 .data.impure_data
                0x0000000020000014       0x60 /home/j/STM32/STM32CubeIDE/IDE/plugins/com.st.stm32cube.ide.mcu.externaltools.gnu-tools-for-stm32.9-2020-q2-update.linux64_2.0.0.202105311346/tools/bin/../lib/gcc/arm-none-eabi/9.3.1/../../../../arm-none-eabi/lib/thumb/v7e-m+fp/hard/libc_nano.a(lib_a-impure.o)
                0x0000000020000074                . = ALIGN (0x4)
                0x0000000020000074                _edata = .

.igot.plt       0x0000000020000074        0x0 load address 0x000000000800aec0
 .igot.plt      0x0000000020000074        0x0 /home/j/STM32/STM32CubeIDE/IDE/plugins/com.st.stm32cube.ide.mcu.externaltools.gnu-tools-for-stm32.9-2020-q2-update.linux64_2.0.0.202105311346/tools/bin/../lib/gcc/arm-none-eabi/9.3.1/thumb/v7e-m+fp/hard/crtbegin.o
                0x0000000020000074                . = ALIGN (0x4)

.bss            0x0000000020000074      0xddc load address 0x000000000800aec0
                0x0000000020000074                _sbss = .
                0x0000000020000074                __bss_start__ = _sbss
 *(.bss)
 .bss           0x0000000020000074       0x1c /home/j/STM32/STM32CubeIDE/IDE/plugins/com.st.stm32cube.ide.mcu.externaltools.gnu-tools-for-stm32.9-2020-q2-update.linux64_2.0.0.202105311346/tools/bin/../lib/gcc/arm-none-eabi/9.3.1/thumb/v7e-m+fp/hard/crtbegin.o
 *(.bss*)
 .bss.Pos_ref   0x0000000020000090        0x4 ./Core/Src/Control_Panel.o
                0x0000000020000090                Pos_ref
 .bss.Pos_error
                0x0000000020000094        0x4 ./Core/Src/Control_Panel.o
                0x0000000020000094                Pos_error
 .bss.I_star    0x0000000020000098        0x4 ./Core/Src/Control_Panel.o
                0x0000000020000098                I_star
 .bss.up_f      0x000000002000009c        0x4 ./Core/Src/Control_Panel.o
                0x000000002000009c                up_f
 .bss.down_f    0x00000000200000a0        0x4 ./Core/Src/Control_Panel.o
                0x00000000200000a0                down_f
 .bss._ZZN13STM32Hardware5flushEvE5mutex
                0x00000000200000a4        0x1 ./Core/Src/mainpp.o
                0x00000000200000a4                STM32Hardware::flush()::mutex
 *fill*         0x00000000200000a5        0x3 
 .bss.Mess      0x00000000200000a8        0x4 ./Core/Src/mainpp.o
                0x00000000200000a8                Mess
 .bss.WaitingForResult
                0x00000000200000ac        0x4 ./Core/Src/mainpp.o
                0x00000000200000ac                WaitingForResult
 .bss.ControlPanel
                0x00000000200000b0       0x20 ./Core/Src/mainpp.o
                0x00000000200000b0                ControlPanel
 .bss.nh        0x00000000200000d0      0x93c ./Core/Src/mainpp.o
                0x00000000200000d0                nh
 .bss.str_msg   0x0000000020000a0c        0x8 ./Core/Src/mainpp.o
                0x0000000020000a0c                str_msg
 .bss.chatter   0x0000000020000a14       0x14 ./Core/Src/mainpp.o
                0x0000000020000a14                chatter
 .bss.sub       0x0000000020000a28       0x1c ./Core/Src/mainpp.o
                0x0000000020000a28                sub
 .bss.subsp     0x0000000020000a44       0x20 ./Core/Src/mainpp.o
                0x0000000020000a44                subsp
 .bss.RosMess   0x0000000020000a64        0x8 ./Core/Src/mainpp.o
                0x0000000020000a64                RosMess
 .bss.state     0x0000000020000a6c        0x4 ./Core/Src/mainpp.o
                0x0000000020000a6c                state
 .bss.HAL_RCC_ADC12_CLK_ENABLED
                0x0000000020000a70        0x4 ./Core/Src/stm32g4xx_hal_msp.o
 .bss.DutyCycle
                0x0000000020000a74        0x4 ./Core/Src/stm32g4xx_it.o
                0x0000000020000a74                DutyCycle
 .bss.Adc_Pot   0x0000000020000a78        0x4 ./Core/Src/stm32g4xx_it.o
                0x0000000020000a78                Adc_Pot
 .bss.I_sense   0x0000000020000a7c        0x4 ./Core/Src/stm32g4xx_it.o
                0x0000000020000a7c                I_sense
 .bss.Out_Filter
                0x0000000020000a80        0x4 ./Core/Src/stm32g4xx_it.o
                0x0000000020000a80                Out_Filter
 .bss.I_ref     0x0000000020000a84        0x4 ./Core/Src/stm32g4xx_it.o
                0x0000000020000a84                I_ref
 .bss.V_star    0x0000000020000a88        0x4 ./Core/Src/stm32g4xx_it.o
                0x0000000020000a88                V_star
 .bss.I_error   0x0000000020000a8c        0x4 ./Core/Src/stm32g4xx_it.o
                0x0000000020000a8c                I_error
 .bss.DAC_Value_1
                0x0000000020000a90        0x4 ./Core/Src/stm32g4xx_it.o
                0x0000000020000a90                DAC_Value_1
 .bss.DAC_Value_2
                0x0000000020000a94        0x4 ./Core/Src/stm32g4xx_it.o
                0x0000000020000a94                DAC_Value_2
 .bss.down_lim  0x0000000020000a98        0x4 ./Core/Src/stm32g4xx_it.o
                0x0000000020000a98                down_lim
 .bss.mid_lim   0x0000000020000a9c        0x4 ./Core/Src/stm32g4xx_it.o
                0x0000000020000a9c                mid_lim
 .bss.up_lim    0x0000000020000aa0        0x4 ./Core/Src/stm32g4xx_it.o
                0x0000000020000aa0                up_lim
 .bss.k         0x0000000020000aa4        0x4 ./Core/Src/stm32g4xx_it.o
                0x0000000020000aa4                k
 .bss.j         0x0000000020000aa8        0x4 ./Core/Src/stm32g4xx_it.o
                0x0000000020000aa8                j
 .bss.Servo_Angle_1
                0x0000000020000aac        0x4 ./Core/Src/stm32g4xx_it.o
                0x0000000020000aac                Servo_Angle_1
 .bss.Servo_Angle_2
                0x0000000020000ab0        0x4 ./Core/Src/stm32g4xx_it.o
                0x0000000020000ab0                Servo_Angle_2
 .bss.up_flag   0x0000000020000ab4        0x4 ./Core/Src/stm32g4xx_it.o
                0x0000000020000ab4                up_flag
 .bss.down_flag
                0x0000000020000ab8        0x4 ./Core/Src/stm32g4xx_it.o
                0x0000000020000ab8                down_flag
 .bss.__sbrk_heap_end
                0x0000000020000abc        0x4 ./Core/Src/sysmem.o
 .bss.__malloc_free_list
                0x0000000020000ac0        0x4 /home/j/STM32/STM32CubeIDE/IDE/plugins/com.st.stm32cube.ide.mcu.externaltools.gnu-tools-for-stm32.9-2020-q2-update.linux64_2.0.0.202105311346/tools/bin/../lib/gcc/arm-none-eabi/9.3.1/../../../../arm-none-eabi/lib/thumb/v7e-m+fp/hard/libc_nano.a(lib_a-nano-mallocr.o)
                0x0000000020000ac0                __malloc_free_list
 .bss.__malloc_sbrk_start
                0x0000000020000ac4        0x4 /home/j/STM32/STM32CubeIDE/IDE/plugins/com.st.stm32cube.ide.mcu.externaltools.gnu-tools-for-stm32.9-2020-q2-update.linux64_2.0.0.202105311346/tools/bin/../lib/gcc/arm-none-eabi/9.3.1/../../../../arm-none-eabi/lib/thumb/v7e-m+fp/hard/libc_nano.a(lib_a-nano-mallocr.o)
                0x0000000020000ac4                __malloc_sbrk_start
 *(COMMON)
 COMMON         0x0000000020000ac8       0x3c ./Core/Src/Control_Panel.o
                0x0000000020000ac8                DOWN_LIM
                0x0000000020000acc                Pos_PI
                0x0000000020000af8                MID_LIM_DOWN
                0x0000000020000afc                MID_LIM_UP
                0x0000000020000b00                UP_LIM
 COMMON         0x0000000020000b04       0x10 ./Core/Src/adc.o
                0x0000000020000b04                Reg_1
                0x0000000020000b08                Adc_1
                0x0000000020000b0c                Reg_2
                0x0000000020000b10                Adc_2
 COMMON         0x0000000020000b14      0x2d0 ./Core/Src/main.o
                0x0000000020000b14                hdma_usart2_rx
                0x0000000020000b74                hdac1
                0x0000000020000b88                hadc2
                0x0000000020000bf4                hadc1
                0x0000000020000c60                hdma_usart2_tx
                0x0000000020000cc0                htim1
                0x0000000020000d0c                htim2
                0x0000000020000d58                huart2
 COMMON         0x0000000020000de4       0x58 ./Core/Src/stm32g4xx_it.o
                0x0000000020000de4                I_PI
                0x0000000020000e10                Adc
                0x0000000020000e18                Low_Pass
 COMMON         0x0000000020000e3c        0x4 ./Drivers/STM32G4xx_HAL_Driver/Src/stm32g4xx_hal.o
                0x0000000020000e3c                uwTick
 COMMON         0x0000000020000e40        0x4 /home/j/STM32/STM32CubeIDE/IDE/plugins/com.st.stm32cube.ide.mcu.externaltools.gnu-tools-for-stm32.9-2020-q2-update.linux64_2.0.0.202105311346/tools/bin/../lib/gcc/arm-none-eabi/9.3.1/../../../../arm-none-eabi/lib/thumb/v7e-m+fp/hard/libc_nano.a(lib_a-reent.o)
                0x0000000020000e40                errno
 COMMON         0x0000000020000e44        0x9 /home/j/STM32/STM32CubeIDE/IDE/plugins/com.st.stm32cube.ide.mcu.externaltools.gnu-tools-for-stm32.9-2020-q2-update.linux64_2.0.0.202105311346/tools/bin/../lib/gcc/arm-none-eabi/9.3.1/../../../../arm-none-eabi/lib/thumb/v7e-m+fp/hard/libc_nano.a(lib_a-lock.o)
                0x0000000020000e44                __lock___atexit_recursive_mutex
                0x0000000020000e45                __lock___arc4random_mutex
                0x0000000020000e46                __lock___env_recursive_mutex
                0x0000000020000e47                __lock___sinit_recursive_mutex
                0x0000000020000e48                __lock___malloc_recursive_mutex
                0x0000000020000e49                __lock___at_quick_exit_mutex
                0x0000000020000e4a                __lock___dd_hash_mutex
                0x0000000020000e4b                __lock___tz_mutex
                0x0000000020000e4c                __lock___sfp_recursive_mutex
                0x0000000020000e50                . = ALIGN (0x4)
 *fill*         0x0000000020000e4d        0x3 
                0x0000000020000e50                _ebss = .
                0x0000000020000e50                __bss_end__ = _ebss

._user_heap_stack
                0x0000000020000e50      0x600 load address 0x000000000800aec0
                0x0000000020000e50                . = ALIGN (0x8)
                [!provide]                        PROVIDE (end = .)
                0x0000000020000e50                PROVIDE (_end = .)
                0x0000000020001050                . = (. + _Min_Heap_Size)
 *fill*         0x0000000020000e50      0x200 
                0x0000000020001450                . = (. + _Min_Stack_Size)
 *fill*         0x0000000020001050      0x400 
                0x0000000020001450                . = ALIGN (0x8)

/DISCARD/
 libc.a(*)
 libm.a(*)
 libgcc.a(*)

.ARM.attributes
                0x0000000000000000       0x30
 *(.ARM.attributes)
 .ARM.attributes
                0x0000000000000000       0x1e /home/j/STM32/STM32CubeIDE/IDE/plugins/com.st.stm32cube.ide.mcu.externaltools.gnu-tools-for-stm32.9-2020-q2-update.linux64_2.0.0.202105311346/tools/bin/../lib/gcc/arm-none-eabi/9.3.1/thumb/v7e-m+fp/hard/crti.o
 .ARM.attributes
                0x000000000000001e       0x34 /home/j/STM32/STM32CubeIDE/IDE/plugins/com.st.stm32cube.ide.mcu.externaltools.gnu-tools-for-stm32.9-2020-q2-update.linux64_2.0.0.202105311346/tools/bin/../lib/gcc/arm-none-eabi/9.3.1/thumb/v7e-m+fp/hard/crtbegin.o
 .ARM.attributes
                0x0000000000000052       0x34 ./Core/Src/Control_Panel.o
 .ARM.attributes
                0x0000000000000086       0x34 ./Core/Src/LowPassFilter.o
 .ARM.attributes