stm32g4xx_it.c:102:6:NMI_Handler	4	static
stm32g4xx_it.c:115:6:HardFault_Handler	4	static
stm32g4xx_it.c:130:6:MemManage_Handler	4	static
stm32g4xx_it.c:145:6:BusFault_Handler	4	static
stm32g4xx_it.c:160:6:UsageFault_Handler	4	static
stm32g4xx_it.c:175:6:SVC_Handler	4	static
stm32g4xx_it.c:188:6:DebugMon_Handler	4	static
stm32g4xx_it.c:201:6:PendSV_Handler	4	static
stm32g4xx_it.c:214:6:SysTick_Handler	8	static
stm32g4xx_it.c:235:6:DMA1_Channel1_IRQHandler	8	static
stm32g4xx_it.c:249:6:DMA1_Channel2_IRQHandler	8	static
stm32g4xx_it.c:263:6:TIM1_UP_TIM16_IRQHandler	8	static
stm32g4xx_it.c:358:6:USART2_IRQHandler	8	static
stm32g4xx_it.c:369:6:EXTI15_10_IRQHandler	8	static
stm32g4xx_it.c:375:6:InitSystem	8	static
